Archive member included to satisfy reference by file (symbol)

C:/ST/STM32CubeCLT_1.22.0/GNU-tools-for-STM32/bin/../lib/gcc/arm-none-eabi/14.3.1/../../../../arm-none-eabi/lib/thumb/v7e-m+fp/hard\libc_nano.a(libc_a-exit.o)
                              C:/ST/STM32CubeCLT_1.22.0/GNU-tools-for-STM32/bin/../lib/gcc/arm-none-eabi/14.3.1/../../../../arm-none-eabi/lib/thumb/v7e-m+fp/hard/crt0.o (exit)
C:/ST/STM32CubeCLT_1.22.0/GNU-tools-for-STM32/bin/../lib/gcc/arm-none-eabi/14.3.1/../../../../arm-none-eabi/lib/thumb/v7e-m+fp/hard\libc_nano.a(libc_a-findfp.o)
                              ./Middlewares/Third_Party/FreeRTOS/Source/tasks.o (__sf)
C:/ST/STM32CubeCLT_1.22.0/GNU-tools-for-STM32/bin/../lib/gcc/arm-none-eabi/14.3.1/../../../../arm-none-eabi/lib/thumb/v7e-m+fp/hard\libc_nano.a(libc_a-fwalk.o)
                              C:/ST/STM32CubeCLT_1.22.0/GNU-tools-for-STM32/bin/../lib/gcc/arm-none-eabi/14.3.1/../../../../arm-none-eabi/lib/thumb/v7e-m+fp/hard\libc_nano.a(libc_a-findfp.o) (_fwalk_sglue)
C:/ST/STM32CubeCLT_1.22.0/GNU-tools-for-STM32/bin/../lib/gcc/arm-none-eabi/14.3.1/../../../../arm-none-eabi/lib/thumb/v7e-m+fp/hard\libc_nano.a(libc_a-snprintf.o)
                              ./Core/Src/VL53L.o (snprintf)
C:/ST/STM32CubeCLT_1.22.0/GNU-tools-for-STM32/bin/../lib/gcc/arm-none-eabi/14.3.1/../../../../arm-none-eabi/lib/thumb/v7e-m+fp/hard\libc_nano.a(libc_a-stdio.o)
                              C:/ST/STM32CubeCLT_1.22.0/GNU-tools-for-STM32/bin/../lib/gcc/arm-none-eabi/14.3.1/../../../../arm-none-eabi/lib/thumb/v7e-m+fp/hard\libc_nano.a(libc_a-findfp.o) (__sread)
C:/ST/STM32CubeCLT_1.22.0/GNU-tools-for-STM32/bin/../lib/gcc/arm-none-eabi/14.3.1/../../../../arm-none-eabi/lib/thumb/v7e-m+fp/hard\libc_nano.a(libc_a-memcmp.o)
                              ./Core/Src/oled_ssd1306.o (memcmp)
C:/ST/STM32CubeCLT_1.22.0/GNU-tools-for-STM32/bin/../lib/gcc/arm-none-eabi/14.3.1/../../../../arm-none-eabi/lib/thumb/v7e-m+fp/hard\libc_nano.a(libc_a-memset.o)
                              C:/ST/STM32CubeCLT_1.22.0/GNU-tools-for-STM32/bin/../lib/gcc/arm-none-eabi/14.3.1/../../../../arm-none-eabi/lib/thumb/v7e-m+fp/hard/crt0.o (memset)
C:/ST/STM32CubeCLT_1.22.0/GNU-tools-for-STM32/bin/../lib/gcc/arm-none-eabi/14.3.1/../../../../arm-none-eabi/lib/thumb/v7e-m+fp/hard\libc_nano.a(libc_a-closer.o)
                              C:/ST/STM32CubeCLT_1.22.0/GNU-tools-for-STM32/bin/../lib/gcc/arm-none-eabi/14.3.1/../../../../arm-none-eabi/lib/thumb/v7e-m+fp/hard\libc_nano.a(libc_a-stdio.o) (_close_r)
C:/ST/STM32CubeCLT_1.22.0/GNU-tools-for-STM32/bin/../lib/gcc/arm-none-eabi/14.3.1/../../../../arm-none-eabi/lib/thumb/v7e-m+fp/hard\libc_nano.a(libc_a-reent.o)
                              ./Middlewares/Third_Party/FreeRTOS/Source/tasks.o (_reclaim_reent)
C:/ST/STM32CubeCLT_1.22.0/GNU-tools-for-STM32/bin/../lib/gcc/arm-none-eabi/14.3.1/../../../../arm-none-eabi/lib/thumb/v7e-m+fp/hard\libc_nano.a(libc_a-impure.o)
                              ./Middlewares/Third_Party/FreeRTOS/Source/tasks.o (_impure_ptr)
C:/ST/STM32CubeCLT_1.22.0/GNU-tools-for-STM32/bin/../lib/gcc/arm-none-eabi/14.3.1/../../../../arm-none-eabi/lib/thumb/v7e-m+fp/hard\libc_nano.a(libc_a-lseekr.o)
                              C:/ST/STM32CubeCLT_1.22.0/GNU-tools-for-STM32/bin/../lib/gcc/arm-none-eabi/14.3.1/../../../../arm-none-eabi/lib/thumb/v7e-m+fp/hard\libc_nano.a(libc_a-stdio.o) (_lseek_r)
C:/ST/STM32CubeCLT_1.22.0/GNU-tools-for-STM32/bin/../lib/gcc/arm-none-eabi/14.3.1/../../../../arm-none-eabi/lib/thumb/v7e-m+fp/hard\libc_nano.a(libc_a-readr.o)
                              C:/ST/STM32CubeCLT_1.22.0/GNU-tools-for-STM32/bin/../lib/gcc/arm-none-eabi/14.3.1/../../../../arm-none-eabi/lib/thumb/v7e-m+fp/hard\libc_nano.a(libc_a-stdio.o) (_read_r)
C:/ST/STM32CubeCLT_1.22.0/GNU-tools-for-STM32/bin/../lib/gcc/arm-none-eabi/14.3.1/../../../../arm-none-eabi/lib/thumb/v7e-m+fp/hard\libc_nano.a(libc_a-writer.o)
                              C:/ST/STM32CubeCLT_1.22.0/GNU-tools-for-STM32/bin/../lib/gcc/arm-none-eabi/14.3.1/../../../../arm-none-eabi/lib/thumb/v7e-m+fp/hard\libc_nano.a(libc_a-stdio.o) (_write_r)
C:/ST/STM32CubeCLT_1.22.0/GNU-tools-for-STM32/bin/../lib/gcc/arm-none-eabi/14.3.1/../../../../arm-none-eabi/lib/thumb/v7e-m+fp/hard\libc_nano.a(libc_a-errno.o)
                              ./Core/Src/syscalls.o (__errno)
C:/ST/STM32CubeCLT_1.22.0/GNU-tools-for-STM32/bin/../lib/gcc/arm-none-eabi/14.3.1/../../../../arm-none-eabi/lib/thumb/v7e-m+fp/hard\libc_nano.a(libc_a-init.o)
                              C:/ST/STM32CubeCLT_1.22.0/GNU-tools-for-STM32/bin/../lib/gcc/arm-none-eabi/14.3.1/../../../../arm-none-eabi/lib/thumb/v7e-m+fp/hard/crt0.o (__libc_init_array)
C:/ST/STM32CubeCLT_1.22.0/GNU-tools-for-STM32/bin/../lib/gcc/arm-none-eabi/14.3.1/../../../../arm-none-eabi/lib/thumb/v7e-m+fp/hard\libc_nano.a(libc_a-lock.o)
[...]
Memory Configuration

Name             Origin             Length             Attributes
RAM              0x20000000         0x00010000         xrw
FLASH            0x08000000         0x00040000         xr
*default*        0x00000000         0xffffffff

Linker script and memory map

LOAD C:/ST/STM32CubeCLT_1.22.0/GNU-tools-for-STM32/bin/../lib/gcc/arm-none-eabi/14.3.1/thumb/v7e-m+fp/hard/crti.o
LOAD C:/ST/STM32CubeCLT_1.22.0/GNU-tools-for-STM32/bin/../lib/gcc/arm-none-eabi/14.3.1/thumb/v7e-m+fp/hard/crtbegin.o
LOAD C:/ST/STM32CubeCLT_1.22.0/GNU-tools-for-STM32/bin/../lib/gcc/arm-none-eabi/14.3.1/../../../../arm-none-eabi/lib/thumb/v7e-m+fp/hard/crt0.o
LOAD ./Core/Src/VL53L.o
LOAD ./Core/Src/VL53L1X_api.o
LOAD ./Core/Src/VL53L1X_calibration.o
LOAD ./Core/Src/dma.o
LOAD ./Core/Src/freertos.o
LOAD ./Core/Src/gpio.o
LOAD ./Core/Src/i2c.o
LOAD ./Core/Src/main.o
LOAD ./Core/Src/oled_ssd1306.o
LOAD ./Core/Src/stm32f4xx_hal_msp.o
LOAD ./Core/Src/stm32f4xx_hal_timebase_tim.o
LOAD ./Core/Src/stm32f4xx_it.o
LOAD ./Core/Src/syscalls.o
LOAD ./Core/Src/sysmem.o
LOAD ./Core/Src/system_stm32f4xx.o
LOAD ./Core/Src/usart.o
LOAD ./Core/Src/vl53l1_platform.o
LOAD ./Core/Startup/startup_stm32f401ccux.o
LOAD ./Drivers/STM32F4xx_HAL_Driver/Src/stm32f4xx_hal.o
LOAD ./Drivers/STM32F4xx_HAL_Driver/Src/stm32f4xx_hal_cortex.o
LOAD ./Drivers/STM32F4xx_HAL_Driver/Src/stm32f4xx_hal_dma.o
LOAD ./Drivers/STM32F4xx_HAL_Driver/Src/stm32f4xx_hal_dma_ex.o
LOAD ./Drivers/STM32F4xx_HAL_Driver/Src/stm32f4xx_hal_exti.o
LOAD ./Drivers/STM32F4xx_HAL_Driver/Src/stm32f4xx_hal_flash.o
LOAD ./Drivers/STM32F4xx_HAL_Driver/Src/stm32f4xx_hal_flash_ex.o
LOAD ./Drivers/STM32F4xx_HAL_Driver/Src/stm32f4xx_hal_flash_ramfunc.o
LOAD ./Drivers/STM32F4xx_HAL_Driver/Src/stm32f4xx_hal_gpio.o
LOAD ./Drivers/STM32F4xx_HAL_Driver/Src/stm32f4xx_hal_i2c.o
LOAD ./Drivers/STM32F4xx_HAL_Driver/Src/stm32f4xx_hal_i2c_ex.o
LOAD ./Drivers/STM32F4xx_HAL_Driver/Src/stm32f4xx_hal_pwr.o
LOAD ./Drivers/STM32F4xx_HAL_Driver/Src/stm32f4xx_hal_pwr_ex.o
LOAD ./Drivers/STM32F4xx_HAL_Driver/Src/stm32f4xx_hal_rcc.o
LOAD ./Drivers/STM32F4xx_HAL_Driver/Src/stm32f4xx_hal_rcc_ex.o
LOAD ./Drivers/STM32F4xx_HAL_Driver/Src/stm32f4xx_hal_tim.o
LOAD ./Drivers/STM32F4xx_HAL_Driver/Src/stm32f4xx_hal_tim_ex.o
LOAD ./Drivers/STM32F4xx_HAL_Driver/Src/stm32f4xx_hal_uart.o
LOAD ./Middlewares/Third_Party/FreeRTOS/Source/CMSIS_RTOS_V2/cmsis_os2.o
LOAD ./Middlewares/Third_Party/FreeRTOS/Source/croutine.o
LOAD ./Middlewares/Third_Party/FreeRTOS/Source/event_groups.o
LOAD ./Middlewares/Third_Party/FreeRTOS/Source/list.o
LOAD ./Middlewares/Third_Party/FreeRTOS/Source/queue.o
LOAD ./Middlewares/Third_Party/FreeRTOS/Source/stream_buffer.o
LOAD ./Middlewares/Third_Party/FreeRTOS/Source/tasks.o
LOAD ./Middlewares/Third_Party/FreeRTOS/Source/timers.o
LOAD ./Middlewares/Third_Party/FreeRTOS/Source/portable/GCC/ARM_CM4F/port.o
LOAD ./Middlewares/Third_Party/FreeRTOS/Source/portable/MemMang/heap_4.o
START GROUP
LOAD C:/ST/STM32CubeCLT_1.22.0/GNU-tools-for-STM32/bin/../lib/gcc/arm-none-eabi/14.3.1/../../../../arm-none-eabi/lib/thumb/v7e-m+fp/hard\libc_nano.a
LOAD C:/ST/STM32CubeCLT_1.22.0/GNU-tools-for-STM32/bin/../lib/gcc/arm-none-eabi/14.3.1/../../../../arm-none-eabi/lib/thumb/v7e-m+fp/hard\libm.a
END GROUP
START GROUP
LOAD C:/ST/STM32CubeCLT_1.22.0/GNU-tools-for-STM32/bin/../lib/gcc/arm-none-eabi/14.3.1/thumb/v7e-m+fp/hard\libgcc.a
LOAD C:/ST/STM32CubeCLT_1.22.0/GNU-tools-for-STM32/bin/../lib/gcc/arm-none-eabi/14.3.1/../../../../arm-none-eabi/lib/thumb/v7e-m+fp/hard\libc_nano.a
END GROUP
START GROUP
LOAD C:/ST/STM32CubeCLT_1.22.0/GNU-tools-for-STM32/bin/../lib/gcc/arm-none-eabi/14.3.1/thumb/v7e-m+fp/hard\libgcc.a
LOAD C:/ST/STM32CubeCLT_1.22.0/GNU-tools-for-STM32/bin/../lib/gcc/arm-none-eabi/14.3.1/../../../../arm-none-eabi/lib/thumb/v7e-m+fp/hard\libc_nano.a
LOAD C:/ST/STM32CubeCLT_1.22.0/GNU-tools-for-STM32/bin/../lib/gcc/arm-none-eabi/14.3.1/../../../../arm-none-eabi/lib/thumb/v7e-m+fp/hard\libnosys.a
END GROUP
START GROUP
LOAD C:/ST/STM32CubeCLT_1.22.0/GNU-tools-for-STM32/bin/../lib/gcc/arm-none-eabi/14.3.1/thumb/v7e-m+fp/hard\libgcc.a
LOAD C:/ST/STM32CubeCLT_1.22.0/GNU-tools-for-STM32/bin/../lib/gcc/arm-none-eabi/14.3.1/../../../../arm-none-eabi/lib/thumb/v7e-m+fp/hard\libc_nano.a
LOAD C:/ST/STM32CubeCLT_1.22.0/GNU-tools-for-STM32/bin/../lib/gcc/arm-none-eabi/14.3.1/../../../../arm-none-eabi/lib/thumb/v7e-m+fp/hard\libnosys.a
END GROUP
LOAD C:/ST/STM32CubeCLT_1.22.0/GNU-tools-for-STM32/bin/../lib/gcc/arm-none-eabi/14.3.1/thumb/v7e-m+fp/hard/crtend.o
LOAD C:/ST/STM32CubeCLT_1.22.0/GNU-tools-for-STM32/bin/../lib/gcc/arm-none-eabi/14.3.1/thumb/v7e-m+fp/hard/crtn.o
                0x20010000                        _estack = (ORIGIN (RAM) + LENGTH (RAM))
                0x00000200                        _Min_Heap_Size = 0x200
                0x00000400                        _Min_Stack_Size = 0x400

.isr_vector     0x08000000      0x194
                0x08000000                        . = ALIGN (0x4)
 *(.isr_vector)
 .isr_vector    0x08000000      0x194 ./Core/Startup/startup_stm32f401ccux.o
                0x08000000                g_pfnVectors
                0x08000194                        . = ALIGN (0x4)

.text           0x080001a0     0xbeb4
                0x080001a0                        . = ALIGN (0x4)
 *(.text)
 .text          0x080001a0       0x40 C:/ST/STM32CubeCLT_1.22.0/GNU-tools-for-STM32/bin/../lib/gcc/arm-none-eabi/14.3.1/thumb/v7e-m+fp/hard/crtbegin.o
 .text          0x080001e0       0xa0 C:/ST/STM32CubeCLT_1.22.0/GNU-tools-for-STM32/bin/../lib/gcc/arm-none-eabi/14.3.1/../../../../arm-none-eabi/lib/thumb/v7e-m+fp/hard\libc_nano.a(libc_a-memchr.o)
                0x080001e0                memchr
 .text          0x08000280       0x30 C:/ST/STM32CubeCLT_1.22.0/GNU-tools-for-STM32/bin/../lib/gcc/arm-none-eabi/14.3.1/thumb/v7e-m+fp/hard\libgcc.a(_aeabi_uldivmod.o)
                0x08000280                __aeabi_uldivmod
 .text          0x080002b0      0x2f8 C:/ST/STM32CubeCLT_1.22.0/GNU-tools-for-STM32/bin/../lib/gcc/arm-none-eabi/14.3.1/thumb/v7e-m+fp/hard\libgcc.a(_udivmoddi4.o)
                0x080002b0                __udivmoddi4
 .text          0x080005a8        0x4 C:/ST/STM32CubeCLT_1.22.0/GNU-tools-for-STM32/bin/../lib/gcc/arm-none-eabi/14.3.1/thumb/v7e-m+fp/hard\libgcc.a(_dvmd_tls.o)
                0x080005a8                __aeabi_idiv0
                0x080005a8                __aeabi_ldiv0
 *(.text*)
 .text.Calib_Load_From_Flash
                0x080005ac       0x64 ./Core/Src/VL53L.o
 .text.Calib_Save_To_Flash
                0x08000610       0xc0 ./Core/Src/VL53L.o
 .text.VL53L_Process_PLC_Response
                0x080006d0      0x36c ./Core/Src/VL53L.o
                0x080006d0                VL53L_Process_PLC_Response
 .text.HAL_GPIO_EXTI_Callback
                0x08000a3c       0x28 ./Core/Src/VL53L.o
                0x08000a3c                HAL_GPIO_EXTI_Callback
 .text.HAL_UART_RxCpltCallback
                0x08000a64       0xd0 ./Core/Src/VL53L.o
                0x08000a64                HAL_UART_RxCpltCallback
 .text.HAL_UART_TxCpltCallback
                0x08000b34       0x14 ./Core/Src/VL53L.o
                0x08000b34                HAL_UART_TxCpltCallback
 .text.Filter_TrimmedMovingAverage
                0x08000b48      0x36c ./Core/Src/VL53L.o
 .text.Build_Batch_Write_D900
                0x08000eb4      0x2f4 ./Core/Src/VL53L.o
 .text.Build_Batch_Read_D910
                0x080011a8      0x22c ./Core/Src/VL53L.o
 .text.Build_Write_D911_Zero
                0x080013d4      0x24c ./Core/Src/VL53L.o
 .text.Try_Init_Sensor
                0x08001620       0xc4 ./Core/Src/VL53L.o
 .text.VL53L_Init
                0x080016e4       0x24 ./Core/Src/VL53L.o
                0x080016e4                VL53L_Init
 .text.VL53L_Task_Sensor
                0x08001708      0x23c ./Core/Src/VL53L.o
                0x08001708                VL53L_Task_Sensor
 .text.VL53L_Task_PLC
                0x08001944      0x1d8 ./Core/Src/VL53L.o
                0x08001944                VL53L_Task_PLC
 .text.VL53L1X_BootState
                0x08001b1c       0x4e ./Core/Src/VL53L1X_api.o
                0x08001b1c                VL53L1X_BootState
 *fill*         0x08001b6a        0x2 
 .text.VL53L1X_SensorInit
                0x08001b6c       0xe8 ./Core/Src/VL53L1X_api.o
                0x08001b6c                VL53L1X_SensorInit
 .text.VL53L1X_ClearInterrupt
                0x08001c54       0x22 ./Core/Src/VL53L1X_api.o
                0x08001c54                VL53L1X_ClearInterrupt
 .text.VL53L1X_GetInterruptPolarity
                0x08001c76       0x48 ./Core/Src/VL53L1X_api.o
                0x08001c76                VL53L1X_GetInterruptPolarity
 .text.VL53L1X_StartRanging
                0x08001cbe       0x22 ./Core/Src/VL53L1X_api.o
                0x08001cbe                VL53L1X_StartRanging
 .text.VL53L1X_StopRanging
                0x08001ce0       0x22 ./Core/Src/VL53L1X_api.o
                0x08001ce0                VL53L1X_StopRanging
 .text.VL53L1X_CheckForDataReady
                0x08001d02       0x64 ./Core/Src/VL53L1X_api.o
                0x08001d02                VL53L1X_CheckForDataReady
 .text.VL53L1X_SetTimingBudgetInMs
                0x08001d66      0x220 ./Core/Src/VL53L1X_api.o
                0x08001d66                VL53L1X_SetTimingBudgetInMs
 .text.VL53L1X_GetTimingBudgetInMs
                0x08001f86       0xfa ./Core/Src/VL53L1X_api.o
                0x08001f86                VL53L1X_GetTimingBudgetInMs
 .text.VL53L1X_SetDistanceMode
                0x08002080      0x19a ./Core/Src/VL53L1X_api.o
                0x08002080                VL53L1X_SetDistanceMode
 .text.VL53L1X_GetDistanceMode
                0x0800221a       0x4a ./Core/Src/VL53L1X_api.o
                0x0800221a                VL53L1X_GetDistanceMode
 .text.VL53L1X_SetInterMeasurementInMs
                0x08002264       0x64 ./Core/Src/VL53L1X_api.o
                0x08002264                VL53L1X_SetInterMeasurementInMs
 .text.VL53L1X_GetSensorId
                0x080022c8       0x26 ./Core/Src/VL53L1X_api.o
                0x080022c8                VL53L1X_GetSensorId
 .text.VL53L1X_GetDistance
                0x080022ee       0x24 ./Core/Src/VL53L1X_api.o
                0x080022ee                VL53L1X_GetDistance
 .text.VL53L1X_GetSignalRate
                0x08002312       0x36 ./Core/Src/VL53L1X_api.o
                0x08002312                VL53L1X_GetSignalRate
 .text.VL53L1X_GetSpadNb
                0x08002348       0x36 ./Core/Src/VL53L1X_api.o
                0x08002348                VL53L1X_GetSpadNb
 *fill*         0x0800237e        0x2 
 .text.VL53L1X_GetRangeStatus
                0x08002380       0x9c ./Core/Src/VL53L1X_api.o
                0x08002380                VL53L1X_GetRangeStatus
 .text.VL53L1X_CalibrateOffset
                0x0800241c      0x154 ./Core/Src/VL53L1X_calibration.o
                0x0800241c                VL53L1X_CalibrateOffset
 .text.VL53L1X_CalibrateXtalk
                0x08002570      0x250 ./Core/Src/VL53L1X_calibration.o
                0x08002570                VL53L1X_CalibrateXtalk
 .text.MX_DMA_Init
                0x080027c0       0x50 ./Core/Src/dma.o
                0x080027c0                MX_DMA_Init
 .text.MX_FREERTOS_Init
                0x08002810       0x5c ./Core/Src/freertos.o
                0x08002810                MX_FREERTOS_Init
 .text.VL53_F   0x0800286c       0x1a ./Core/Src/freertos.o
                0x0800286c                VL53_F
 .text.PLC_F    0x08002886       0x1e ./Core/Src/freertos.o
                0x08002886                PLC_F
 .text.OLED096_F
                0x080028a4       0x22 ./Core/Src/freertos.o
                0x080028a4                OLED096_F
 *fill*         0x080028c6        0x2 
 .text.MX_GPIO_Init
                0x080028c8       0xf0 ./Core/Src/gpio.o
                0x080028c8                MX_GPIO_Init
 .text.MX_I2C1_Init
                0x080029b8       0x5c ./Core/Src/i2c.o
                0x080029b8                MX_I2C1_Init
 .text.MX_I2C2_Init
                0x08002a14       0x5c ./Core/Src/i2c.o
                0x08002a14                MX_I2C2_Init
 .text.HAL_I2C_MspInit
                0x08002a70      0x11c ./Core/Src/i2c.o
                0x08002a70                HAL_I2C_MspInit
 .text.HAL_I2C_MspDeInit
                0x08002b8c       0x74 ./Core/Src/i2c.o
                0x08002b8c                HAL_I2C_MspDeInit
 .text.main     0x08002c00       0x30 ./Core/Src/main.o
                0x08002c00                main
 .text.SystemClock_Config
                0x08002c30       0xd4 ./Core/Src/main.o
                0x08002c30                SystemClock_Config
 .text.HAL_TIM_PeriodElapsedCallback
                0x08002d04       0x24 ./Core/Src/main.o
                0x08002d04                HAL_TIM_PeriodElapsedCallback
 .text.Error_Handler
                0x08002d28        0xc ./Core/Src/main.o
                0x08002d28                Error_Handler
 .text.OLED_Reset_I2C_Hardware
                0x08002d34       0x38 ./Core/Src/oled_ssd1306.o
 .text.OLED_WriteCommand
                0x08002d6c       0x44 ./Core/Src/oled_ssd1306.o
 .text.OLED_Init
                0x08002db0      0x11c ./Core/Src/oled_ssd1306.o
                0x08002db0                OLED_Init
 .text.OLED_Clear
                0x08002ecc       0x18 ./Core/Src/oled_ssd1306.o
                0x08002ecc                OLED_Clear
 .text.OLED_UpdateScreen
                0x08002ee4      0x1b8 ./Core/Src/oled_ssd1306.o
                0x08002ee4                OLED_UpdateScreen
 .text.OLED_DrawPixel
                0x0800309c       0xa8 ./Core/Src/oled_ssd1306.o
 .text.OLED_DrawChar_Font
                0x08003144      0x280 ./Core/Src/oled_ssd1306.o
                0x08003144                OLED_DrawChar_Font
 .text.OLED_DrawString_Font
                0x080033c4       0x72 ./Core/Src/oled_ssd1306.o
                0x080033c4                OLED_DrawString_Font
 *fill*         0x08003436        0x2 
 .text.OLED_Show_Big_Distance_View
                0x08003438      0x104 ./Core/Src/oled_ssd1306.o
 .text.OLED_Show_Parameter_Calib_View
                0x0800353c      0x198 ./Core/Src/oled_ssd1306.o
 .text.OLED_Show_Invalid_Param_Guide_View
                0x080036d4       0xcc ./Core/Src/oled_ssd1306.o
 .text.OLED_Task_Run
                0x080037a0       0xc4 ./Core/Src/oled_ssd1306.o
                0x080037a0                OLED_Task_Run
 .text.HAL_MspInit
                0x08003864       0x58 ./Core/Src/stm32f4xx_hal_msp.o
                0x08003864                HAL_MspInit
 .text.HAL_InitTick
                0x080038bc       0xe4 ./Core/Src/stm32f4xx_hal_timebase_tim.o
                0x080038bc                HAL_InitTick
 .text.NMI_Handler
                0x080039a0        0x8 ./Core/Src/stm32f4xx_it.o
                0x080039a0                NMI_Handler
 .text.HardFault_Handler
                0x080039a8        0x8 ./Core/Src/stm32f4xx_it.o
                0x080039a8                HardFault_Handler
 .text.MemManage_Handler
                0x080039b0        0x8 ./Core/Src/stm32f4xx_it.o
                0x080039b0                MemManage_Handler
 .text.BusFault_Handler
                0x080039b8        0x8 ./Core/Src/stm32f4xx_it.o
                0x080039b8                BusFault_Handler
 .text.UsageFault_Handler
                0x080039c0        0x8 ./Core/Src/stm32f4xx_it.o
                0x080039c0                UsageFault_Handler
 .text.DebugMon_Handler
                0x080039c8        0xe ./Core/Src/stm32f4xx_it.o
                0x080039c8                DebugMon_Handler
 .text.EXTI9_5_IRQHandler
                0x080039d6        0xe ./Core/Src/stm32f4xx_it.o
                0x080039d6                EXTI9_5_IRQHandler
 .text.TIM1_BRK_TIM9_IRQHandler
                0x080039e4       0x14 ./Core/Src/stm32f4xx_it.o
                0x080039e4                TIM1_BRK_TIM9_IRQHandler
 .text.DMA2_Stream1_IRQHandler
                0x080039f8       0x14 ./Core/Src/stm32f4xx_it.o
                0x080039f8                DMA2_Stream1_IRQHandler
 .text.DMA2_Stream6_IRQHandler
                0x08003a0c       0x14 ./Core/Src/stm32f4xx_it.o
                0x08003a0c                DMA2_Stream6_IRQHandler
 .text.USART6_IRQHandler
                0x08003a20       0x14 ./Core/Src/stm32f4xx_it.o
                0x08003a20                USART6_IRQHandler
 .text._sbrk    0x08003a34       0x6c ./Core/Src/sysmem.o
                0x08003a34                _sbrk
 .text.SystemInit
                0x08003aa0       0x24 ./Core/Src/system_stm32f4xx.o
                0x08003aa0                SystemInit
 .text.MX_USART6_UART_Init
                0x08003ac4       0x58 ./Core/Src/usart.o
                0x08003ac4                MX_USART6_UART_Init
 .text.HAL_UART_MspInit
                0x08003b1c      0x16c ./Core/Src/usart.o
                0x08003b1c                HAL_UART_MspInit
 .text.VL53L1_WrByte
                0x08003c88       0x48 ./Core/Src/vl53l1_platform.o
                0x08003c88                VL53L1_WrByte
 .text.VL53L1_WrWord
                0x08003cd0       0x5c ./Core/Src/vl53l1_platform.o
                0x08003cd0                VL53L1_WrWord
 .text.VL53L1_WrDWord
                0x08003d2c       0x68 ./Core/Src/vl53l1_platform.o
                0x08003d2c                VL53L1_WrDWord
 .text.VL53L1_RdByte
                0x08003d94       0x48 ./Core/Src/vl53l1_platform.o
                0x08003d94                VL53L1_RdByte
 .text.VL53L1_RdWord
                0x08003ddc       0x60 ./Core/Src/vl53l1_platform.o
                0x08003ddc                VL53L1_RdWord
 .text.VL53L1_WaitMs
                0x08003e3c       0x1e ./Core/Src/vl53l1_platform.o
                0x08003e3c                VL53L1_WaitMs
 *fill*         0x08003e5a        0x2 
 .text.Reset_Handler
                0x08003e5c       0x50 ./Core/Startup/startup_stm32f401ccux.o
                0x08003e5c                Reset_Handler
 .text.Default_Handler
                0x08003eac        0x2 ./Core/Startup/startup_stm32f401ccux.o
                0x08003eac                RTC_Alarm_IRQHandler
                0x08003eac                EXTI2_IRQHandler
                0x08003eac                SPI4_IRQHandler
                0x08003eac                TIM1_CC_IRQHandler
                0x08003eac                DMA2_Stream5_IRQHandler
                0x08003eac                DMA1_Stream5_IRQHandler
                0x08003eac                PVD_IRQHandler
                0x08003eac                SDIO_IRQHandler
                0x08003eac                TAMP_STAMP_IRQHandler
                0x08003eac                EXTI3_IRQHandler
                0x08003eac                TIM1_UP_TIM10_IRQHandler
                0x08003eac                I2C3_ER_IRQHandler
                0x08003eac                EXTI0_IRQHandler
                0x08003eac                I2C2_EV_IRQHandler
                0x08003eac                DMA1_Stream2_IRQHandler
                0x08003eac                FPU_IRQHandler
                0x08003eac                DMA2_Stream2_IRQHandler
                0x08003eac                SPI1_IRQHandler
                0x08003eac                DMA2_Stream3_IRQHandler
                0x08003eac                DMA2_Stream0_IRQHandler
                0x08003eac                TIM4_IRQHandler
                0x08003eac                I2C1_EV_IRQHandler
                0x08003eac                DMA1_Stream6_IRQHandler
                0x08003eac                DMA1_Stream1_IRQHandler
                0x08003eac                TIM3_IRQHandler
                0x08003eac                RCC_IRQHandler
                0x08003eac                Default_Handler
                0x08003eac                EXTI15_10_IRQHandler
                0x08003eac                ADC_IRQHandler
                0x08003eac                DMA1_Stream7_IRQHandler
                0x08003eac                TIM5_IRQHandler
                0x08003eac                DMA2_Stream7_IRQHandler
                0x08003eac                I2C3_EV_IRQHandler
                0x08003eac                RTC_WKUP_IRQHandler
                0x08003eac                SPI2_IRQHandler
                0x08003eac                DMA1_Stream0_IRQHandler
                0x08003eac                EXTI4_IRQHandler
                0x08003eac                WWDG_IRQHandler
                0x08003eac                TIM2_IRQHandler
                0x08003eac                OTG_FS_WKUP_IRQHandler
                0x08003eac                TIM1_TRG_COM_TIM11_IRQHandler
                0x08003eac                EXTI1_IRQHandler
                0x08003eac                USART2_IRQHandler
                0x08003eac                I2C2_ER_IRQHandler
                0x08003eac                FLASH_IRQHandler
                0x08003eac                DMA2_Stream4_IRQHandler
                0x08003eac                USART1_IRQHandler
                0x08003eac                OTG_FS_IRQHandler
                0x08003eac                SPI3_IRQHandler
                0x08003eac                DMA1_Stream4_IRQHandler
                0x08003eac                I2C1_ER_IRQHandler
                0x08003eac                DMA1_Stream3_IRQHandler
 *fill*         0x08003eae        0x2 
 .text.HAL_Init
                0x08003eb0       0x44 ./Drivers/STM32F4xx_HAL_Driver/Src/stm32f4xx_hal.o
                0x08003eb0                HAL_Init
 .text.HAL_IncTick
                0x08003ef4       0x28 ./Drivers/STM32F4xx_HAL_Driver/Src/stm32f4xx_hal.o
                0x08003ef4                HAL_IncTick
 .text.HAL_GetTick
                0x08003f1c       0x18 ./Drivers/STM32F4xx_HAL_Driver/Src/stm32f4xx_hal.o
                0x08003f1c                HAL_GetTick
 .text.HAL_Delay
                0x08003f34       0x48 ./Drivers/STM32F4xx_HAL_Driver/Src/stm32f4xx_hal.o
                0x08003f34                HAL_Delay
 .text.__NVIC_SetPriorityGrouping
                0x08003f7c       0x48 ./Drivers/STM32F4xx_HAL_Driver/Src/stm32f4xx_hal_cortex.o
 .text.__NVIC_GetPriorityGrouping
                0x08003fc4       0x1c ./Drivers/STM32F4xx_HAL_Driver/Src/stm32f4xx_hal_cortex.o
 .text.__NVIC_EnableIRQ
                0x08003fe0       0x3c ./Drivers/STM32F4xx_HAL_Driver/Src/stm32f4xx_hal_cortex.o
 .text.__NVIC_SetPriority
                0x0800401c       0x54 ./Drivers/STM32F4xx_HAL_Driver/Src/stm32f4xx_hal_cortex.o
 .text.NVIC_EncodePriority
                0x08004070       0x66 ./Drivers/STM32F4xx_HAL_Driver/Src/stm32f4xx_hal_cortex.o
 .text.HAL_NVIC_SetPriorityGrouping
                0x080040d6       0x16 ./Drivers/STM32F4xx_HAL_Driver/Src/stm32f4xx_hal_cortex.o
                0x080040d6                HAL_NVIC_SetPriorityGrouping
 .text.HAL_NVIC_SetPriority
                0x080040ec       0x38 ./Drivers/STM32F4xx_HAL_Driver/Src/stm32f4xx_hal_cortex.o
                0x080040ec                HAL_NVIC_SetPriority
 .text.HAL_NVIC_EnableIRQ
                0x08004124       0x1c ./Drivers/STM32F4xx_HAL_Driver/Src/stm32f4xx_hal_cortex.o
                0x08004124                HAL_NVIC_EnableIRQ
 .text.HAL_DMA_Init
                0x08004140      0x15c ./Drivers/STM32F4xx_HAL_Driver/Src/stm32f4xx_hal_dma.o
                0x08004140                HAL_DMA_Init
 .text.HAL_DMA_Start_IT
                0x0800429c       0xb0 ./Drivers/STM32F4xx_HAL_Driver/Src/stm32f4xx_hal_dma.o
                0x0800429c                HAL_DMA_Start_IT
 .text.HAL_DMA_Abort
                0x0800434c       0xe0 ./Drivers/STM32F4xx_HAL_Driver/Src/stm32f4xx_hal_dma.o
                0x0800434c                HAL_DMA_Abort
 .text.HAL_DMA_Abort_IT
                0x0800442c       0x44 ./Drivers/STM32F4xx_HAL_Driver/Src/stm32f4xx_hal_dma.o
                0x0800442c                HAL_DMA_Abort_IT
 .text.HAL_DMA_IRQHandler
                0x08004470      0x314 ./Drivers/STM32F4xx_HAL_Driver/Src/stm32f4xx_hal_dma.o
                0x08004470                HAL_DMA_IRQHandler
 .text.DMA_SetConfig
                0x08004784       0x5c ./Drivers/STM32F4xx_HAL_Driver/Src/stm32f4xx_hal_dma.o
 .text.DMA_CalcBaseAndBitshift
                0x080047e0       0x6c ./Drivers/STM32F4xx_HAL_Driver/Src/stm32f4xx_hal_dma.o
 .text.DMA_CheckFifoParam
                0x0800484c       0xf8 ./Drivers/STM32F4xx_HAL_Driver/Src/stm32f4xx_hal_dma.o
 .text.HAL_FLASH_Program
                0x08004944       0xa4 ./Drivers/STM32F4xx_HAL_Driver/Src/stm32f4xx_hal_flash.o
                0x08004944                HAL_FLASH_Program
 .text.HAL_FLASH_Unlock
                0x080049e8       0x44 ./Drivers/STM32F4xx_HAL_Driver/Src/stm32f4xx_hal_flash.o
                0x080049e8                HAL_FLASH_Unlock
 .text.HAL_FLASH_Lock
                0x08004a2c       0x20 ./Drivers/STM32F4xx_HAL_Driver/Src/stm32f4xx_hal_flash.o
                0x08004a2c                HAL_FLASH_Lock
 .text.FLASH_WaitForLastOperation
                0x08004a4c       0x80 ./Drivers/STM32F4xx_HAL_Driver/Src/stm32f4xx_hal_flash.o
                0x08004a4c                FLASH_WaitForLastOperation
 .text.FLASH_Program_DoubleWord
                0x08004acc       0x64 ./Drivers/STM32F4xx_HAL_Driver/Src/stm32f4xx_hal_flash.o
 .text.FLASH_Program_Word
                0x08004b30       0x44 ./Drivers/STM32F4xx_HAL_Driver/Src/stm32f4xx_hal_flash.o
 .text.FLASH_Program_HalfWord
                0x08004b74       0x48 ./Drivers/STM32F4xx_HAL_Driver/Src/stm32f4xx_hal_flash.o
 .text.FLASH_Program_Byte
                0x08004bbc       0x44 ./Drivers/STM32F4xx_HAL_Driver/Src/stm32f4xx_hal_flash.o
 .text.FLASH_SetErrorCode
                0x08004c00       0xcc ./Drivers/STM32F4xx_HAL_Driver/Src/stm32f4xx_hal_flash.o
 .text.HAL_FLASHEx_Erase
                0x08004ccc       0xdc ./Drivers/STM32F4xx_HAL_Driver/Src/stm32f4xx_hal_flash_ex.o
                0x08004ccc                HAL_FLASHEx_Erase
 .text.FLASH_MassErase
                0x08004da8       0x48 ./Drivers/STM32F4xx_HAL_Driver/Src/stm32f4xx_hal_flash_ex.o
 .text.FLASH_Erase_Sector
                0x08004df0       0x90 ./Drivers/STM32F4xx_HAL_Driver/Src/stm32f4xx_hal_flash_ex.o
                0x08004df0                FLASH_Erase_Sector
 .text.FLASH_FlushCaches
                0x08004e80       0x8c ./Drivers/STM32F4xx_HAL_Driver/Src/stm32f4xx_hal_flash_ex.o
                0x08004e80                FLASH_FlushCaches
 .text.HAL_GPIO_Init
                0x08004f0c      0x308 ./Drivers/STM32F4xx_HAL_Driver/Src/stm32f4xx_hal_gpio.o
                0x08004f0c                HAL_GPIO_Init
 .text.HAL_GPIO_DeInit
                0x08005214      0x1c8 ./Drivers/STM32F4xx_HAL_Driver/Src/stm32f4xx_hal_gpio.o
                0x08005214                HAL_GPIO_DeInit
 .text.HAL_GPIO_WritePin
                0x080053dc       0x32 ./Drivers/STM32F4xx_HAL_Driver/Src/stm32f4xx_hal_gpio.o
                0x080053dc                HAL_GPIO_WritePin
 .text.HAL_GPIO_TogglePin
                0x0800540e       0x34 ./Drivers/STM32F4xx_HAL_Driver/Src/stm32f4xx_hal_gpio.o
                0x0800540e                HAL_GPIO_TogglePin
 *fill*         0x08005442        0x2 
 .text.HAL_GPIO_EXTI_IRQHandler
                0x08005444       0x30 ./Drivers/STM32F4xx_HAL_Driver/Src/stm32f4xx_hal_gpio.o
                0x08005444                HAL_GPIO_EXTI_IRQHandler
 .text.HAL_I2C_Init
                0x08005474      0x288 ./Drivers/STM32F4xx_HAL_Driver/Src/stm32f4xx_hal_i2c.o
                0x08005474                HAL_I2C_Init
 .text.HAL_I2C_DeInit
                0x080056fc       0x5e ./Drivers/STM32F4xx_HAL_Driver/Src/stm32f4xx_hal_i2c.o
                0x080056fc                HAL_I2C_DeInit
 *fill*         0x0800575a        0x2 
 .text.HAL_I2C_Master_Transmit
                0x0800575c      0x1fc ./Drivers/STM32F4xx_HAL_Driver/Src/stm32f4xx_hal_i2c.o
                0x0800575c                HAL_I2C_Master_Transmit
 .text.HAL_I2C_Mem_Write
                0x08005958      0x1f4 ./Drivers/STM32F4xx_HAL_Driver/Src/stm32f4xx_hal_i2c.o
                0x08005958                HAL_I2C_Mem_Write
 .text.HAL_I2C_Mem_Read
                0x08005b4c      0x464 ./Drivers/STM32F4xx_HAL_Driver/Src/stm32f4xx_hal_i2c.o
                0x08005b4c                HAL_I2C_Mem_Read
 .text.HAL_I2C_IsDeviceReady
                0x08005fb0      0x25c ./Drivers/STM32F4xx_HAL_Driver/Src/stm32f4xx_hal_i2c.o
                0x08005fb0                HAL_I2C_IsDeviceReady
 .text.I2C_MasterRequestWrite
                0x0800620c      0x104 ./Drivers/STM32F4xx_HAL_Driver/Src/stm32f4xx_hal_i2c.o
 .text.I2C_RequestMemoryWrite
                0x08006310      0x12c ./Drivers/STM32F4xx_HAL_Driver/Src/stm32f4xx_hal_i2c.o
 .text.I2C_RequestMemoryRead
                0x0800643c      0x1d0 ./Drivers/STM32F4xx_HAL_Driver/Src/stm32f4xx_hal_i2c.o
 .text.I2C_WaitOnFlagUntilTimeout
                0x0800660c       0xf4 ./Drivers/STM32F4xx_HAL_Driver/Src/stm32f4xx_hal_i2c.o
 .text.I2C_WaitOnMasterAddressFlagUntilTimeout
                0x08006700      0x140 ./Drivers/STM32F4xx_HAL_Driver/Src/stm32f4xx_hal_i2c.o
 .text.I2C_WaitOnTXEFlagUntilTimeout
                0x08006840       0x90 ./Drivers/STM32F4xx_HAL_Driver/Src/stm32f4xx_hal_i2c.o
 .text.I2C_WaitOnBTFFlagUntilTimeout
                0x080068d0       0x90 ./Drivers/STM32F4xx_HAL_Driver/Src/stm32f4xx_hal_i2c.o
 .text.I2C_WaitOnRXNEFlagUntilTimeout
                0x08006960       0xba ./Drivers/STM32F4xx_HAL_Driver/Src/stm32f4xx_hal_i2c.o
 .text.I2C_IsAcknowledgeFailed
                0x08006a1a       0x5e ./Drivers/STM32F4xx_HAL_Driver/Src/stm32f4xx_hal_i2c.o
 .text.HAL_RCC_OscConfig
                0x08006a78      0x4f0 ./Drivers/STM32F4xx_HAL_Driver/Src/stm32f4xx_hal_rcc.o
                0x08006a78                HAL_RCC_OscConfig
 .text.HAL_RCC_ClockConfig
                0x08006f68      0x1cc ./Drivers/STM32F4xx_HAL_Driver/Src/stm32f4xx_hal_rcc.o
                0x08006f68                HAL_RCC_ClockConfig
 .text.HAL_RCC_GetSysClockFreq
                0x08007134      0x188 ./Drivers/STM32F4xx_HAL_Driver/Src/stm32f4xx_hal_rcc.o
                0x08007134                HAL_RCC_GetSysClockFreq
 .text.HAL_RCC_GetHCLKFreq
                0x080072bc       0x18 ./Drivers/STM32F4xx_HAL_Driver/Src/stm32f4xx_hal_rcc.o
                0x080072bc                HAL_RCC_GetHCLKFreq
 .text.HAL_RCC_GetPCLK1Freq
                0x080072d4       0x28 ./Drivers/STM32F4xx_HAL_Driver/Src/stm32f4xx_hal_rcc.o
                0x080072d4                HAL_RCC_GetPCLK1Freq
 .text.HAL_RCC_GetPCLK2Freq
                0x080072fc       0x28 ./Drivers/STM32F4xx_HAL_Driver/Src/stm32f4xx_hal_rcc.o
                0x080072fc                HAL_RCC_GetPCLK2Freq
 .text.HAL_RCC_GetClockConfig
                0x08007324       0x64 ./Drivers/STM32F4xx_HAL_Driver/Src/stm32f4xx_hal_rcc.o
                0x08007324                HAL_RCC_GetClockConfig
 .text.HAL_TIM_Base_Init
                0x08007388       0x9e ./Drivers/STM32F4xx_HAL_Driver/Src/stm32f4xx_hal_tim.o
                0x08007388                HAL_TIM_Base_Init
 .text.HAL_TIM_Base_MspInit
                0x08007426       0x14 ./Drivers/STM32F4xx_HAL_Driver/Src/stm32f4xx_hal_tim.o
                0x08007426                HAL_TIM_Base_MspInit
 *fill*         0x0800743a        0x2 
 .text.HAL_TIM_Base_Start_IT
                0x0800743c       0xc4 ./Drivers/STM32F4xx_HAL_Driver/Src/stm32f4xx_hal_tim.o
                0x0800743c                HAL_TIM_Base_Start_IT
 .text.HAL_TIM_IRQHandler
                0x08007500      0x1e0 ./Drivers/STM32F4xx_HAL_Driver/Src/stm32f4xx_hal_tim.o
                0x08007500                HAL_TIM_IRQHandler
 .text.HAL_TIM_OC_DelayElapsedCallback
                0x080076e0       0x14 ./Drivers/STM32F4xx_HAL_Driver/Src/stm32f4xx_hal_tim.o
                0x080076e0                HAL_TIM_OC_DelayElapsedCallback
 .text.HAL_TIM_IC_CaptureCallback
                0x080076f4       0x14 ./Drivers/STM32F4xx_HAL_Driver/Src/stm32f4xx_hal_tim.o
                0x080076f4                HAL_TIM_IC_CaptureCallback
 .text.HAL_TIM_PWM_PulseFinishedCallback
                0x08007708       0x14 ./Drivers/STM32F4xx_HAL_Driver/Src/stm32f4xx_hal_tim.o
                0x08007708                HAL_TIM_PWM_PulseFinishedCallback
 .text.HAL_TIM_TriggerCallback
                0x0800771c       0x14 ./Drivers/STM32F4xx_HAL_Driver/Src/stm32f4xx_hal_tim.o
                0x0800771c                HAL_TIM_TriggerCallback
 .text.TIM_Base_SetConfig
                0x08007730      0x10c ./Drivers/STM32F4xx_HAL_Driver/Src/stm32f4xx_hal_tim.o
                0x08007730                TIM_Base_SetConfig
 .text.HAL_TIMEx_CommutCallback
                0x0800783c       0x14 ./Drivers/STM32F4xx_HAL_Driver/Src/stm32f4xx_hal_tim_ex.o
                0x0800783c                HAL_TIMEx_CommutCallback
 .text.HAL_TIMEx_BreakCallback
                0x08007850       0x14 ./Drivers/STM32F4xx_HAL_Driver/Src/stm32f4xx_hal_tim_ex.o
                0x08007850                HAL_TIMEx_BreakCallback
 .text.HAL_UART_Init
                0x08007864       0xa0 ./Drivers/STM32F4xx_HAL_Driver/Src/stm32f4xx_hal_uart.o
                0x08007864                HAL_UART_Init
 .text.HAL_UART_Receive_IT
                0x08007904       0x4a ./Drivers/STM32F4xx_HAL_Driver/Src/stm32f4xx_hal_uart.o
                0x08007904                HAL_UART_Receive_IT
 *fill*         0x0800794e        0x2 
 .text.HAL_UART_Transmit_DMA
                0x08007950       0xf8 ./Drivers/STM32F4xx_HAL_Driver/Src/stm32f4xx_hal_uart.o
                0x08007950                HAL_UART_Transmit_DMA
 .text.HAL_UART_IRQHandler
                0x08007a48      0x554 ./Drivers/STM32F4xx_HAL_Driver/Src/stm32f4xx_hal_uart.o
                0x08007a48                HAL_UART_IRQHandler
 .text.HAL_UART_TxHalfCpltCallback
                0x08007f9c       0x14 ./Drivers/STM32F4xx_HAL_Driver/Src/stm32f4xx_hal_uart.o
                0x08007f9c                HAL_UART_TxHalfCpltCallback
 .text.HAL_UART_ErrorCallback
                0x08007fb0       0x14 ./Drivers/STM32F4xx_HAL_Driver/Src/stm32f4xx_hal_uart.o
                0x08007fb0                HAL_UART_ErrorCallback
 .text.HAL_UARTEx_RxEventCallback
                0x08007fc4       0x18 ./Drivers/STM32F4xx_HAL_Driver/Src/stm32f4xx_hal_uart.o
                0x08007fc4                HAL_UARTEx_RxEventCallback
 .text.UART_DMATransmitCplt
                0x08007fdc       0x9a ./Drivers/STM32F4xx_HAL_Driver/Src/stm32f4xx_hal_uart.o
 .text.UART_DMATxHalfCplt
                0x08008076       0x1c ./Drivers/STM32F4xx_HAL_Driver/Src/stm32f4xx_hal_uart.o
 .text.UART_DMAError
                0x08008092       0x94 ./Drivers/STM32F4xx_HAL_Driver/Src/stm32f4xx_hal_uart.o
 .text.UART_Start_Receive_IT
                0x08008126       0x74 ./Drivers/STM32F4xx_HAL_Driver/Src/stm32f4xx_hal_uart.o
                0x08008126                UART_Start_Receive_IT
 .text.UART_EndTxTransfer
                0x0800819a       0x50 ./Drivers/STM32F4xx_HAL_Driver/Src/stm32f4xx_hal_uart.o
 .text.UART_EndRxTransfer
                0x080081ea       0xc6 ./Drivers/STM32F4xx_HAL_Driver/Src/stm32f4xx_hal_uart.o
 .text.UART_DMAAbortOnError
                0x080082b0       0x22 ./Drivers/STM32F4xx_HAL_Driver/Src/stm32f4xx_hal_uart.o
 .text.UART_Transmit_IT
                0x080082d2       0xa0 ./Drivers/STM32F4xx_HAL_Driver/Src/stm32f4xx_hal_uart.o
 .text.UART_EndTransmit_IT
                0x08008372       0x30 ./Drivers/STM32F4xx_HAL_Driver/Src/stm32f4xx_hal_uart.o
 .text.UART_Receive_IT
                0x080083a2      0x17c ./Drivers/STM32F4xx_HAL_Driver/Src/stm32f4xx_hal_uart.o
 *fill*         0x0800851e        0x2 
 .text.UART_SetConfig
                0x08008520      0x4e8 ./Drivers/STM32F4xx_HAL_Driver/Src/stm32f4xx_hal_uart.o
 .text.__NVIC_SetPriority
                0x08008a08       0x54 ./Middlewares/Third_Party/FreeRTOS/Source/CMSIS_RTOS_V2/cmsis_os2.o
 .text.SysTick_Handler
                0x08008a5c       0x20 ./Middlewares/Third_Party/FreeRTOS/Source/CMSIS_RTOS_V2/cmsis_os2.o
                0x08008a5c                SysTick_Handler
 .text.SVC_Setup
                0x08008a7c       0x12 ./Middlewares/Third_Party/FreeRTOS/Source/CMSIS_RTOS_V2/cmsis_os2.o
 *fill*         0x08008a8e        0x2 
 .text.osKernelInitialize
                0x08008a90       0x48 ./Middlewares/Third_Party/FreeRTOS/Source/CMSIS_RTOS_V2/cmsis_os2.o
                0x08008a90                osKernelInitialize
 .text.osKernelStart
                0x08008ad8       0x4c ./Middlewares/Third_Party/FreeRTOS/Source/CMSIS_RTOS_V2/cmsis_os2.o
                0x08008ad8                osKernelStart
 .text.osThreadNew
                0x08008b24      0x124 ./Middlewares/Third_Party/FreeRTOS/Source/CMSIS_RTOS_V2/cmsis_os2.o
                0x08008b24                osThreadNew
 .text.osDelay  0x08008c48       0x36 ./Middlewares/Third_Party/FreeRTOS/Source/CMSIS_RTOS_V2/cmsis_os2.o
                0x08008c48                osDelay
 *fill*         0x08008c7e        0x2 
 .text.vApplicationGetIdleTaskMemory
                0x08008c80       0x34 ./Middlewares/Third_Party/FreeRTOS/Source/CMSIS_RTOS_V2/cmsis_os2.o
                0x08008c80                vApplicationGetIdleTaskMemory
 .text.vApplicationGetTimerTaskMemory
                0x08008cb4       0x34 ./Middlewares/Third_Party/FreeRTOS/Source/CMSIS_RTOS_V2/cmsis_os2.o
                0x08008cb4                vApplicationGetTimerTaskMemory
 .text.vListInitialise
                0x08008ce8       0x40 ./Middlewares/Third_Party/FreeRTOS/Source/list.o
                0x08008ce8                vListInitialise
 .text.vListInitialiseItem
                0x08008d28       0x1a ./Middlewares/Third_Party/FreeRTOS/Source/list.o
                0x08008d28                vListInitialiseItem
 .text.vListInsertEnd
                0x08008d42       0x48 ./Middlewares/Third_Party/FreeRTOS/Source/list.o
                0x08008d42                vListInsertEnd
 .text.vListInsert
                0x08008d8a       0x72 ./Middlewares/Third_Party/FreeRTOS/Source/list.o
                0x08008d8a                vListInsert
 .text.uxListRemove
                0x08008dfc       0x54 ./Middlewares/Third_Party/FreeRTOS/Source/list.o
                0x08008dfc                uxListRemove
 .text.xQueueGenericReset
                0x08008e50       0xd4 ./Middlewares/Third_Party/FreeRTOS/Source/queue.o
                0x08008e50                xQueueGenericReset
 .text.xQueueGenericCreateStatic
                0x08008f24       0xfa ./Middlewares/Third_Party/FreeRTOS/Source/queue.o
                0x08008f24                xQueueGenericCreateStatic
 .text.prvInitialiseNewQueue
                0x0800901e       0x46 ./Middlewares/Third_Party/FreeRTOS/Source/queue.o
 .text.xQueueGenericSend
                0x08009064      0x204 ./Middlewares/Third_Party/FreeRTOS/Source/queue.o
                0x08009064                xQueueGenericSend
 .text.xQueueGenericSendFromISR
                0x08009268      0x13c ./Middlewares/Third_Party/FreeRTOS/Source/queue.o
                0x08009268                xQueueGenericSendFromISR
 .text.xQueueReceive
                0x080093a4      0x1c4 ./Middlewares/Third_Party/FreeRTOS/Source/queue.o
                0x080093a4                xQueueReceive
 .text.prvCopyDataToQueue
                0x08009568       0xd4 ./Middlewares/Third_Party/FreeRTOS/Source/queue.o
 .text.prvCopyDataFromQueue
                0x0800963c       0x4c ./Middlewares/Third_Party/FreeRTOS/Source/queue.o
 .text.prvUnlockQueue
                0x08009688       0xa4 ./Middlewares/Third_Party/FreeRTOS/Source/queue.o
 .text.prvIsQueueEmpty
                0x0800972c       0x2c ./Middlewares/Third_Party/FreeRTOS/Source/queue.o
 .text.prvIsQueueFull
                0x08009758       0x30 ./Middlewares/Third_Party/FreeRTOS/Source/queue.o
 .text.vQueueAddToRegistry
                0x08009788       0x54 ./Middlewares/Third_Party/FreeRTOS/Source/queue.o
                0x08009788                vQueueAddToRegistry
 .text.vQueueWaitForMessageRestricted
                0x080097dc       0x68 ./Middlewares/Third_Party/FreeRTOS/Source/queue.o
                0x080097dc                vQueueWaitForMessageRestricted
 .text.xTaskCreateStatic
                0x08009844       0xc0 ./Middlewares/Third_Party/FreeRTOS/Source/tasks.o
                0x08009844                xTaskCreateStatic
 .text.xTaskCreate
                0x08009904       0x8a ./Middlewares/Third_Party/FreeRTOS/Source/tasks.o
                0x08009904                xTaskCreate
 *fill*         0x0800998e        0x2 
 .text.prvInitialiseNewTask
                0x08009990      0x150 ./Middlewares/Third_Party/FreeRTOS/Source/tasks.o
 .text.prvAddNewTaskToReadyList
                0x08009ae0       0xe0 ./Middlewares/Third_Party/FreeRTOS/Source/tasks.o
 .text.vTaskDelay
                0x08009bc0       0x6c ./Middlewares/Third_Party/FreeRTOS/Source/tasks.o
                0x08009bc0                vTaskDelay
 .text.vTaskStartScheduler
                0x08009c2c       0xe0 ./Middlewares/Third_Party/FreeRTOS/Source/tasks.o
                0x08009c2c                vTaskStartScheduler
 .text.vTaskSuspendAll
                0x08009d0c       0x1c ./Middlewares/Third_Party/FreeRTOS/Source/tasks.o
                0x08009d0c                vTaskSuspendAll
 .text.xTaskResumeAll
                0x08009d28      0x13c ./Middlewares/Third_Party/FreeRTOS/Source/tasks.o
                0x08009d28                xTaskResumeAll
 .text.xTaskGetTickCount
                0x08009e64       0x20 ./Middlewares/Third_Party/FreeRTOS/Source/tasks.o
                0x08009e64                xTaskGetTickCount
 .text.xTaskIncrementTick
                0x08009e84      0x174 ./Middlewares/Third_Party/FreeRTOS/Source/tasks.o
                0x08009e84                xTaskIncrementTick
 .text.vTaskSwitchContext
                0x08009ff8       0xcc ./Middlewares/Third_Party/FreeRTOS/Source/tasks.o
                0x08009ff8                vTaskSwitchContext
 .text.vTaskPlaceOnEventList
                0x0800a0c4       0x4c ./Middlewares/Third_Party/FreeRTOS/Source/tasks.o
                0x0800a0c4                vTaskPlaceOnEventList
 .text.vTaskPlaceOnEventListRestricted
                0x0800a110       0x58 ./Middlewares/Third_Party/FreeRTOS/Source/tasks.o
                0x0800a110                vTaskPlaceOnEventListRestricted
 .text.xTaskRemoveFromEventList
                0x0800a168       0xc8 ./Middlewares/Third_Party/FreeRTOS/Source/tasks.o
                0x0800a168                xTaskRemoveFromEventList
 .text.vTaskInternalSetTimeOutState
                0x0800a230       0x2c ./Middlewares/Third_Party/FreeRTOS/Source/tasks.o
                0x0800a230                vTaskInternalSetTimeOutState
 .text.xTaskCheckForTimeOut
                0x0800a25c       0xc8 ./Middlewares/Third_Party/FreeRTOS/Source/tasks.o
                0x0800a25c                xTaskCheckForTimeOut
 .text.vTaskMissedYield
                0x0800a324       0x18 ./Middlewares/Third_Party/FreeRTOS/Source/tasks.o
                0x0800a324                vTaskMissedYield
 .text.prvIdleTask
                0x0800a33c       0x30 ./Middlewares/Third_Party/FreeRTOS/Source/tasks.o
 .text.prvInitialiseTaskLists
                0x0800a36c       0x80 ./Middlewares/Third_Party/FreeRTOS/Source/tasks.o
 .text.prvCheckTasksWaitingTermination
                0x0800a3ec       0x5c ./Middlewares/Third_Party/FreeRTOS/Source/tasks.o
 .text.prvDeleteTCB
                0x0800a448       0x6a ./Middlewares/Third_Party/FreeRTOS/Source/tasks.o
 *fill*         0x0800a4b2        0x2 
 .text.prvResetNextTaskUnblockTime
                0x0800a4b4       0x40 ./Middlewares/Third_Party/FreeRTOS/Source/tasks.o
 .text.xTaskGetSchedulerState
                0x0800a4f4       0x3c ./Middlewares/Third_Party/FreeRTOS/Source/tasks.o
                0x0800a4f4                xTaskGetSchedulerState
 .text.xTaskPriorityDisinherit
                0x0800a530       0xe0 ./Middlewares/Third_Party/FreeRTOS/Source/tasks.o
                0x0800a530                xTaskPriorityDisinherit
 .text.prvAddCurrentTaskToDelayedList
                0x0800a610       0xa8 ./Middlewares/Third_Party/FreeRTOS/Source/tasks.o
 .text.xTimerCreateTimerTask
                0x0800a6b8       0x94 ./Middlewares/Third_Party/FreeRTOS/Source/timers.o
                0x0800a6b8                xTimerCreateTimerTask
 .text.xTimerGenericCommand
                0x0800a74c       0x9c ./Middlewares/Third_Party/FreeRTOS/Source/timers.o
                0x0800a74c                xTimerGenericCommand
 .text.prvProcessExpiredTimer
                0x0800a7e8       0x9c ./Middlewares/Third_Party/FreeRTOS/Source/timers.o
 .text.prvTimerTask
                0x0800a884       0x26 ./Middlewares/Third_Party/FreeRTOS/Source/timers.o
 *fill*         0x0800a8aa        0x2 
 .text.prvProcessTimerOrBlockTask
                0x0800a8ac       0x9c ./Middlewares/Third_Party/FreeRTOS/Source/timers.o
 .text.prvGetNextExpireTime
                0x0800a948       0x48 ./Middlewares/Third_Party/FreeRTOS/Source/timers.o
 .text.prvSampleTimeNow
                0x0800a990       0x40 ./Middlewares/Third_Party/FreeRTOS/Source/timers.o
 .text.prvInsertTimerInActiveList
                0x0800a9d0       0x84 ./Middlewares/Third_Party/FreeRTOS/Source/timers.o
 .text.prvProcessReceivedCommands
                0x0800aa54      0x1cc ./Middlewares/Third_Party/FreeRTOS/Source/timers.o
 .text.prvSwitchTimerLists
                0x0800ac20       0xcc ./Middlewares/Third_Party/FreeRTOS/Source/timers.o
 .text.prvCheckForValidListAndQueue
                0x0800acec       0x80 ./Middlewares/Third_Party/FreeRTOS/Source/timers.o
 .text.pxPortInitialiseStack
                0x0800ad6c       0x68 ./Middlewares/Third_Party/FreeRTOS/Source/portable/GCC/ARM_CM4F/port.o
                0x0800ad6c                pxPortInitialiseStack
 .text.prvTaskExitError
                0x0800add4       0x5c ./Middlewares/Third_Party/FreeRTOS/Source/portable/GCC/ARM_CM4F/port.o
 .text.SVC_Handler
                0x0800ae30       0x28 ./Middlewares/Third_Party/FreeRTOS/Source/portable/GCC/ARM_CM4F/port.o
                0x0800ae30                SVC_Handler
 .text.prvPortStartFirstTask
                0x0800ae58       0x28 ./Middlewares/Third_Party/FreeRTOS/Source/portable/GCC/ARM_CM4F/port.o
 .text.xPortStartScheduler
                0x0800ae80      0x148 ./Middlewares/Third_Party/FreeRTOS/Source/portable/GCC/ARM_CM4F/port.o
                0x0800ae80                xPortStartScheduler
 .text.vPortEnterCritical
                0x0800afc8       0x64 ./Middlewares/Third_Party/FreeRTOS/Source/portable/GCC/ARM_CM4F/port.o
                0x0800afc8                vPortEnterCritical
 .text.vPortExitCritical
                0x0800b02c       0x54 ./Middlewares/Third_Party/FreeRTOS/Source/portable/GCC/ARM_CM4F/port.o
                0x0800b02c                vPortExitCritical
 .text.PendSV_Handler
                0x0800b080       0x68 ./Middlewares/Third_Party/FreeRTOS/Source/portable/GCC/ARM_CM4F/port.o
                0x0800b080                PendSV_Handler
 .text.xPortSysTickHandler
                0x0800b0e8       0x44 ./Middlewares/Third_Party/FreeRTOS/Source/portable/GCC/ARM_CM4F/port.o
                0x0800b0e8                xPortSysTickHandler
 .text.vPortSetupTimerInterrupt
                0x0800b12c       0x48 ./Middlewares/Third_Party/FreeRTOS/Source/portable/GCC/ARM_CM4F/port.o
                0x0800b12c                vPortSetupTimerInterrupt
 .text.vPortEnableVFP
                0x0800b174       0x14 ./Middlewares/Third_Party/FreeRTOS/Source/portable/GCC/ARM_CM4F/port.o
 .text.vPortValidateInterruptPriority
                0x0800b188       0x84 ./Middlewares/Third_Party/FreeRTOS/Source/portable/GCC/ARM_CM4F/port.o
                0x0800b188                vPortValidateInterruptPriority
 .text.pvPortMalloc
                0x0800b20c      0x19c ./Middlewares/Third_Party/FreeRTOS/Source/portable/MemMang/heap_4.o
                0x0800b20c                pvPortMalloc
 .text.vPortFree
                0x0800b3a8       0xc8 ./Middlewares/Third_Party/FreeRTOS/Source/portable/MemMang/heap_4.o
                0x0800b3a8                vPortFree
 .text.prvHeapInit
                0x0800b470       0xc4 ./Middlewares/Third_Party/FreeRTOS/Source/portable/MemMang/heap_4.o
 .text.prvInsertBlockIntoFreeList
                0x0800b534       0xb4 ./Middlewares/Third_Party/FreeRTOS/Source/portable/MemMang/heap_4.o
 .text.snprintf
                0x0800b5e8       0x6c C:/ST/STM32CubeCLT_1.22.0/GNU-tools-for-STM32/bin/../lib/gcc/arm-none-eabi/14.3.1/../../../../arm-none-eabi/lib/thumb/v7e-m+fp/hard\libc_nano.a(libc_a-snprintf.o)
                0x0800b5e8                sniprintf
                0x0800b5e8                snprintf
 .text.memcmp   0x0800b654       0x20 C:/ST/STM32CubeCLT_1.22.0/GNU-tools-for-STM32/bin/../lib/gcc/arm-none-eabi/14.3.1/../../../../arm-none-eabi/lib/thumb/v7e-m+fp/hard\libc_nano.a(libc_a-memcmp.o)
                0x0800b654                memcmp
 .text.memset   0x0800b674       0x10 C:/ST/STM32CubeCLT_1.22.0/GNU-tools-for-STM32/bin/../lib/gcc/arm-none-eabi/14.3.1/../../../../arm-none-eabi/lib/thumb/v7e-m+fp/hard\libc_nano.a(libc_a-memset.o)
                0x0800b674                memset
 .text._reclaim_reent
                0x0800b684       0xbc C:/ST/STM32CubeCLT_1.22.0/GNU-tools-for-STM32/bin/../lib/gcc/arm-none-eabi/14.3.1/../../../../arm-none-eabi/lib/thumb/v7e-m+fp/hard\libc_nano.a(libc_a-reent.o)
                0x0800b684                _reclaim_reent
 .text.__errno  0x0800b740        0xc C:/ST/STM32CubeCLT_1.22.0/GNU-tools-for-STM32/bin/../lib/gcc/arm-none-eabi/14.3.1/../../../../arm-none-eabi/lib/thumb/v7e-m+fp/hard\libc_nano.a(libc_a-errno.o)
                0x0800b740                __errno
 .text.__libc_init_array
                0x0800b74c       0x48 C:/ST/STM32CubeCLT_1.22.0/GNU-tools-for-STM32/bin/../lib/gcc/arm-none-eabi/14.3.1/../../../../arm-none-eabi/lib/thumb/v7e-m+fp/hard\libc_nano.a(libc_a-init.o)
                0x0800b74c                __libc_init_array
 .text.__retarget_lock_acquire_recursive
                0x0800b794        0x2 C:/ST/STM32CubeCLT_1.22.0/GNU-tools-for-STM32/bin/../lib/gcc/arm-none-eabi/14.3.1/../../../../arm-none-eabi/lib/thumb/v7e-m+fp/hard\libc_nano.a(libc_a-lock.o)
                0x0800b794                __retarget_lock_acquire_recursive
 .text.__retarget_lock_release_recursive
                0x0800b796        0x2 C:/ST/STM32CubeCLT_1.22.0/GNU-tools-for-STM32/bin/../lib/gcc/arm-none-eabi/14.3.1/../../../../arm-none-eabi/lib/thumb/v7e-m+fp/hard\libc_nano.a(libc_a-lock.o)
                0x0800b796                __retarget_lock_release_recursive
 .text.memcpy   0x0800b798       0x1c C:/ST/STM32CubeCLT_1.22.0/GNU-tools-for-STM32/bin/../lib/gcc/arm-none-eabi/14.3.1/../../../../arm-none-eabi/lib/thumb/v7e-m+fp/hard\libc_nano.a(libc_a-memcpy-stub.o)
                0x0800b798                memcpy
 .text._free_r  0x0800b7b4       0x94 C:/ST/STM32CubeCLT_1.22.0/GNU-tools-for-STM32/bin/../lib/gcc/arm-none-eabi/14.3.1/../../../../arm-none-eabi/lib/thumb/v7e-m+fp/hard\libc_nano.a(libc_a-freer.o)
                0x0800b7b4                _free_r
 .text.sbrk_aligned
                0x0800b848       0x44 C:/ST/STM32CubeCLT_1.22.0/GNU-tools-for-STM32/bin/../lib/gcc/arm-none-eabi/14.3.1/../../../../arm-none-eabi/lib/thumb/v7e-m+fp/hard\libc_nano.a(libc_a-mallocr.o)
 .text._malloc_r
                0x0800b88c      0x100 C:/ST/STM32CubeCLT_1.22.0/GNU-tools-for-STM32/bin/../lib/gcc/arm-none-eabi/14.3.1/../../../../arm-none-eabi/lib/thumb/v7e-m+fp/hard\libc_nano.a(libc_a-mallocr.o)
                0x0800b88c                _malloc_r
 .text.__malloc_lock
                0x0800b98c        0xc C:/ST/STM32CubeCLT_1.22.0/GNU-tools-for-STM32/bin/../lib/gcc/arm-none-eabi/14.3.1/../../../../arm-none-eabi/lib/thumb/v7e-m+fp/hard\libc_nano.a(libc_a-mlock.o)
                0x0800b98c                __malloc_lock
 .text.__malloc_unlock
                0x0800b998        0xc C:/ST/STM32CubeCLT_1.22.0/GNU-tools-for-STM32/bin/../lib/gcc/arm-none-eabi/14.3.1/../../../../arm-none-eabi/lib/thumb/v7e-m+fp/hard\libc_nano.a(libc_a-mlock.o)
                0x0800b998                __malloc_unlock
 .text.__ssputs_r
                0x0800b9a4       0xc0 C:/ST/STM32CubeCLT_1.22.0/GNU-tools-for-STM32/bin/../lib/gcc/arm-none-eabi/14.3.1/../../../../arm-none-eabi/lib/thumb/v7e-m+fp/hard\libc_nano.a(libc_a-nano-svfprintf.o)
                0x0800b9a4                __ssputs_r
 .text._svfprintf_r
                0x0800ba64      0x1f0 C:/ST/STM32CubeCLT_1.22.0/GNU-tools-for-STM32/bin/../lib/gcc/arm-none-eabi/14.3.1/../../../../arm-none-eabi/lib/thumb/v7e-m+fp/hard\libc_nano.a(libc_a-nano-svfprintf.o)
                0x0800ba64                _svfiprintf_r
                0x0800ba64                _svfprintf_r
 .text._printf_common
                0x0800bc54       0xda C:/ST/STM32CubeCLT_1.22.0/GNU-tools-for-STM32/bin/../lib/gcc/arm-none-eabi/14.3.1/../../../../arm-none-eabi/lib/thumb/v7e-m+fp/hard\libc_nano.a(libc_a-nano-vfprintf_i.o)
                0x0800bc54                _printf_common
 *fill*         0x0800bd2e        0x2 
 .text._printf_i
                0x0800bd30      0x24c C:/ST/STM32CubeCLT_1.22.0/GNU-tools-for-STM32/bin/../lib/gcc/arm-none-eabi/14.3.1/../../../../arm-none-eabi/lib/thumb/v7e-m+fp/hard\libc_nano.a(libc_a-nano-vfprintf_i.o)
                0x0800bd30                _printf_i
 .text.memmove  0x0800bf7c       0x32 C:/ST/STM32CubeCLT_1.22.0/GNU-tools-for-STM32/bin/../lib/gcc/arm-none-eabi/14.3.1/../../../../arm-none-eabi/lib/thumb/v7e-m+fp/hard\libc_nano.a(libc_a-memmove.o)
                0x0800bf7c                memmove
 *fill*         0x0800bfae        0x2 
 .text._sbrk_r  0x0800bfb0       0x20 C:/ST/STM32CubeCLT_1.22.0/GNU-tools-for-STM32/bin/../lib/gcc/arm-none-eabi/14.3.1/../../../../arm-none-eabi/lib/thumb/v7e-m+fp/hard\libc_nano.a(libc_a-sbrkr.o)
                0x0800bfb0                _sbrk_r
 .text._realloc_r
                0x0800bfd0       0x5c C:/ST/STM32CubeCLT_1.22.0/GNU-tools-for-STM32/bin/../lib/gcc/arm-none-eabi/14.3.1/../../../../arm-none-eabi/lib/thumb/v7e-m+fp/hard\libc_nano.a(libc_a-reallocr.o)
                0x0800bfd0                _realloc_r
 .text._malloc_usable_size_r
                0x0800c02c       0x10 C:/ST/STM32CubeCLT_1.22.0/GNU-tools-for-STM32/bin/../lib/gcc/arm-none-eabi/14.3.1/../../../../arm-none-eabi/lib/thumb/v7e-m+fp/hard\libc_nano.a(libc_a-msizer.o)
                0x0800c02c                _malloc_usable_size_r
 *(.glue_7)
 .glue_7        0x0800c03c        0x0 linker stubs
 *(.glue_7t)
 .glue_7t       0x0800c03c        0x0 linker stubs
 *(.eh_frame)
 .eh_frame      0x0800c03c        0x0 C:/ST/STM32CubeCLT_1.22.0/GNU-tools-for-STM32/bin/../lib/gcc/arm-none-eabi/14.3.1/thumb/v7e-m+fp/hard/crtbegin.o
 *(.init)
 .init          0x0800c03c        0x4 C:/ST/STM32CubeCLT_1.22.0/GNU-tools-for-STM32/bin/../lib/gcc/arm-none-eabi/14.3.1/thumb/v7e-m+fp/hard/crti.o
                0x0800c03c                _init
 .init          0x0800c040        0x8 C:/ST/STM32CubeCLT_1.22.0/GNU-tools-for-STM32/bin/../lib/gcc/arm-none-eabi/14.3.1/thumb/v7e-m+fp/hard/crtn.o
 *(.fini)
 .fini          0x0800c048        0x4 C:/ST/STM32CubeCLT_1.22.0/GNU-tools-for-STM32/bin/../lib/gcc/arm-none-eabi/14.3.1/thumb/v7e-m+fp/hard/crti.o
                0x0800c048                _fini
 .fini          0x0800c04c        0x8 C:/ST/STM32CubeCLT_1.22.0/GNU-tools-for-STM32/bin/../lib/gcc/arm-none-eabi/14.3.1/thumb/v7e-m+fp/hard/crtn.o
                0x0800c054                        . = ALIGN (0x4)
                0x0800c054                        _etext = .

.vfp11_veneer   0x0800c054        0x0
 .vfp11_veneer  0x0800c054        0x0 linker stubs

.v4_bx          0x0800c054        0x0
 .v4_bx         0x0800c054        0x0 linker stubs

.iplt           0x0800c054        0x0
 .iplt          0x0800c054        0x0 C:/ST/STM32CubeCLT_1.22.0/GNU-tools-for-STM32/bin/../lib/gcc/arm-none-eabi/14.3.1/thumb/v7e-m+fp/hard/crtbegin.o

.rodata         0x0800c054      0x590
                0x0800c054                        . = ALIGN (0x4)
 *(.rodata)
 .rodata        0x0800c054        0x5 ./Core/Src/VL53L.o
 *fill*         0x0800c059        0x3 
 .rodata        0x0800c05c       0x1a ./Core/Src/freertos.o
 *fill*         0x0800c076        0x2 
 .rodata        0x0800c078      0x1fa ./Core/Src/oled_ssd1306.o
 *fill*         0x0800c272        0x2 
 .rodata        0x0800c274        0x5 ./Middlewares/Third_Party/FreeRTOS/Source/tasks.o
 *fill*         0x0800c279        0x3 
 .rodata        0x0800c27c        0xd ./Middlewares/Third_Party/FreeRTOS/Source/timers.o
 *(.rodata*)
 *fill*         0x0800c289        0x3 
 .rodata.VL53L1X_DEFAULT_CONFIGURATION
                0x0800c28c       0x5b ./Core/Src/VL53L1X_api.o
 *fill*         0x0800c2e7        0x1 
 .rodata.VL53_T_attributes
                0x0800c2e8       0x24 ./Core/Src/freertos.o
                0x0800c2e8                VL53_T_attributes
 .rodata.PLC_T_attributes
                0x0800c30c       0x24 ./Core/Src/freertos.o
                0x0800c30c                PLC_T_attributes
 .rodata.OLED096_T_attributes
                0x0800c330       0x24 ./Core/Src/freertos.o
                0x0800c330                OLED096_T_attributes
 .rodata.Font6x8
                0x0800c354      0x23a ./Core/Src/oled_ssd1306.o
 *fill*         0x0800c58e        0x2 
 .rodata.AHBPrescTable
                0x0800c590       0x10 ./Core/Src/system_stm32f4xx.o
                0x0800c590                AHBPrescTable
 .rodata.APBPrescTable
                0x0800c5a0        0x8 ./Core/Src/system_stm32f4xx.o
                0x0800c5a0                APBPrescTable
 .rodata.flagBitshiftOffset.0
                0x0800c5a8        0x8 ./Drivers/STM32F4xx_HAL_Driver/Src/stm32f4xx_hal_dma.o
 .rodata._svfprintf_r.str1.1
                0x0800c5b0       0x33 C:/ST/STM32CubeCLT_1.22.0/GNU-tools-for-STM32/bin/../lib/gcc/arm-none-eabi/14.3.1/../../../../arm-none-eabi/lib/thumb/v7e-m+fp/hard\libc_nano.a(libc_a-nano-svfprintf.o)
                                 0x11 (size before relaxing)
 .rodata._printf_i.str1.1
                0x0800c5e3       0x22 C:/ST/STM32CubeCLT_1.22.0/GNU-tools-for-STM32/bin/../lib/gcc/arm-none-eabi/14.3.1/../../../../arm-none-eabi/lib/thumb/v7e-m+fp/hard\libc_nano.a(libc_a-nano-vfprintf_i.o)
                0x0800c608                        . = ALIGN (0x4)
 *fill*         0x0800c5e3        0x1 

.ARM.extab      0x0800c5e4        0x0
                0x0800c5e4                        . = ALIGN (0x4)
 *(.ARM.extab* .gnu.linkonce.armextab.*)
                0x0800c5e4                        . = ALIGN (0x4)

.ARM            0x0800c5e4        0x8
                0x0800c5e4                        . = ALIGN (0x4)
                0x0800c5e4                        __exidx_start = .
 *(.ARM.exidx*)
 .ARM.exidx     0x0800c5e4        0x8 C:/ST/STM32CubeCLT_1.22.0/GNU-tools-for-STM32/bin/../lib/gcc/arm-none-eabi/14.3.1/../../../../arm-none-eabi/lib/thumb/v7e-m+fp/hard\libc_nano.a(libc_a-memchr.o)
 .ARM.exidx     0x0800c5ec        0x0 C:/ST/STM32CubeCLT_1.22.0/GNU-tools-for-STM32/bin/../lib/gcc/arm-none-eabi/14.3.1/thumb/v7e-m+fp/hard\libgcc.a(_udivmoddi4.o)
                                  0x8 (size before relaxing)
                0x0800c5ec                        __exidx_end = .
                0x0800c5ec                        . = ALIGN (0x4)

.preinit_array  0x0800c5ec        0x0
                0x0800c5ec                        . = ALIGN (0x4)
                0x0800c5ec                        PROVIDE (__preinit_array_start = .)
 *(.preinit_array*)
                0x0800c5ec                        PROVIDE (__preinit_array_end = .)
                0x0800c5ec                        . = ALIGN (0x4)

.init_array     0x0800c5ec        0x4
                0x0800c5ec                        . = ALIGN (0x4)
                0x0800c5ec                        PROVIDE (__init_array_start = .)
 *(SORT_BY_NAME(.init_array.*))
 *(.init_array*)
 .init_array    0x0800c5ec        0x4 C:/ST/STM32CubeCLT_1.22.0/GNU-tools-for-STM32/bin/../lib/gcc/arm-none-eabi/14.3.1/thumb/v7e-m+fp/hard/crtbegin.o
                0x0800c5f0                        PROVIDE (__init_array_end = .)
                0x0800c5f0                        . = ALIGN (0x4)

.fini_array     0x0800c5f0        0x4
                0x0800c5f0                        . = ALIGN (0x4)
                [!provide]                        PROVIDE (__fini_array_start = .)
 *(SORT_BY_NAME(.fini_array.*))
 *(.fini_array*)
 .fini_array    0x0800c5f0        0x4 C:/ST/STM32CubeCLT_1.22.0/GNU-tools-for-STM32/bin/../lib/gcc/arm-none-eabi/14.3.1/thumb/v7e-m+fp/hard/crtbegin.o
                [!provide]                        PROVIDE (__fini_array_end = .)
                0x0800c5f4                        . = ALIGN (0x4)
                0x0800c5f4                        _sidata = LOADADDR (.data)

.rel.dyn        0x0800c5f4        0x0
 .rel.iplt      0x0800c5f4        0x0 C:/ST/STM32CubeCLT_1.22.0/GNU-tools-for-STM32/bin/../lib/gcc/arm-none-eabi/14.3.1/thumb/v7e-m+fp/hard/crtbegin.o

.data           0x20000000       0xcc load address 0x0800c5f4
                0x20000000                        . = ALIGN (0x4)
                0x20000000                        _sdata = .
 *(.data)
 *(.data*)
 .data.g_vl53_app
                0x20000000       0x48 ./Core/Src/VL53L.o
                0x20000000                g_vl53_app
 .data.oled_actual_addr
                0x20000048        0x1 ./Core/Src/oled_ssd1306.o
 *fill*         0x20000049        0x3 
 .data.SystemCoreClock
                0x2000004c        0x4 ./Core/Src/system_stm32f4xx.o
                0x2000004c                SystemCoreClock
 .data.uwTickPrio
                0x20000050        0x4 ./Drivers/STM32F4xx_HAL_Driver/Src/stm32f4xx_hal.o
                0x20000050                uwTickPrio
 .data.uwTickFreq
                0x20000054        0x1 ./Drivers/STM32F4xx_HAL_Driver/Src/stm32f4xx_hal.o
                0x20000054                uwTickFreq
 *fill*         0x20000055        0x3 
 .data.pFlash   0x20000058       0x20 ./Drivers/STM32F4xx_HAL_Driver/Src/stm32f4xx_hal_flash.o
                0x20000058                pFlash
 .data.uxCriticalNesting
                0x20000078        0x4 ./Middlewares/Third_Party/FreeRTOS/Source/portable/GCC/ARM_CM4F/port.o
 .data._impure_ptr
                0x2000007c        0x4 C:/ST/STM32CubeCLT_1.22.0/GNU-tools-for-STM32/bin/../lib/gcc/arm-none-eabi/14.3.1/../../../../arm-none-eabi/lib/thumb/v7e-m+fp/hard\libc_nano.a(libc_a-impure.o)
                0x2000007c                _impure_ptr
 .data._impure_data
                0x20000080       0x4c C:/ST/STM32CubeCLT_1.22.0/GNU-tools-for-STM32/bin/../lib/gcc/arm-none-eabi/14.3.1/../../../../arm-none-eabi/lib/thumb/v7e-m+fp/hard\libc_nano.a(libc_a-impure.o)
                0x20000080                _impure_data
 *(.RamFunc)
 *(.RamFunc*)
                0x200000cc                        . = ALIGN (0x4)
                0x200000cc                        _edata = .

.igot.plt       0x200000cc        0x0 load address 0x0800c6c0
 .igot.plt      0x200000cc        0x0 C:/ST/STM32CubeCLT_1.22.0/GNU-tools-for-STM32/bin/../lib/gcc/arm-none-eabi/14.3.1/thumb/v7e-m+fp/hard/crtbegin.o
                0x200000cc                        . = ALIGN (0x4)

.bss            0x200000cc     0x5720 load address 0x0800c6c0
                0x200000cc                        _sbss = .
                0x200000cc                        __bss_start__ = _sbss
 *(.bss)
 .bss           0x200000cc       0x1c C:/ST/STM32CubeCLT_1.22.0/GNU-tools-for-STM32/bin/../lib/gcc/arm-none-eabi/14.3.1/thumb/v7e-m+fp/hard/crtbegin.o
 *(.bss*)
 .bss.tx_dma_buf
                0x200000e8       0x80 ./Core/Src/VL53L.o
 .bss.rx_raw_byte
                0x20000168        0x1 ./Core/Src/VL53L.o
 *fill*         0x20000169        0x3 
 .bss.rx_ring   0x2000016c      0x100 ./Core/Src/VL53L.o
 .bss.rx_head   0x2000026c        0x2 ./Core/Src/VL53L.o
 .bss.vl53_int_flag
                0x2000026e        0x1 ./Core/Src/VL53L.o
 .bss.plc_state
                0x2000026f        0x1 ./Core/Src/VL53L.o
 .bss.resp_timer
                0x20000270        0x4 ./Core/Src/VL53L.o
 .bss.state_delay_timer
                0x20000274        0x4 ./Core/Src/VL53L.o
 .bss.resp_received
                0x20000278        0x1 ./Core/Src/VL53L.o
 .bss.need_write_d911_zero
                0x20000279        0x1 ./Core/Src/VL53L.o
 .bss.pending_calib_cmd
                0x2000027a        0x2 ./Core/Src/VL53L.o
 .bss.stable_output.6
                0x2000027c        0x2 ./Core/Src/VL53L.o
 .bss.head.5    0x2000027e        0x1 ./Core/Src/VL53L.o
 *fill*         0x2000027f        0x1 
 .bss.window.4  0x20000280       0x12 ./Core/Src/VL53L.o
 .bss.count.3   0x20000292        0x1 ./Core/Src/VL53L.o
 *fill*         0x20000293        0x1 
 .bss.smoothed_dist.2
                0x20000294        0x4 ./Core/Src/VL53L.o
 .bss.drift_count.1
                0x20000298        0x1 ./Core/Src/VL53L.o
 *fill*         0x20000299        0x3 
 .bss.last_scan.0
                0x2000029c        0x4 ./Core/Src/VL53L.o
 .bss.VL53_THandle
                0x200002a0        0x4 ./Core/Src/freertos.o
                0x200002a0                VL53_THandle
 .bss.PLC_THandle
                0x200002a4        0x4 ./Core/Src/freertos.o
                0x200002a4                PLC_THandle
 .bss.OLED096_THandle
                0x200002a8        0x4 ./Core/Src/freertos.o
                0x200002a8                OLED096_THandle
 .bss.hi2c1     0x200002ac       0x54 ./Core/Src/i2c.o
                0x200002ac                hi2c1
 .bss.hi2c2     0x20000300       0x54 ./Core/Src/i2c.o
                0x20000300                hi2c2
 .bss.OLED_Buffer
                0x20000354      0x400 ./Core/Src/oled_ssd1306.o
 .bss.oled_is_ready
                0x20000754        0x1 ./Core/Src/oled_ssd1306.o
 *fill*         0x20000755        0x3 
 .bss.OLED_LastBuffer
                0x20000758      0x400 ./Core/Src/oled_ssd1306.o
 .bss.last_full_refresh_tick
                0x20000b58        0x4 ./Core/Src/oled_ssd1306.o
 .bss.i2c_err_consecutive_count
                0x20000b5c        0x1 ./Core/Src/oled_ssd1306.o
 *fill*         0x20000b5d        0x3 
 .bss.last_init_tick.0
                0x20000b60        0x4 ./Core/Src/oled_ssd1306.o
 .bss.htim9     0x20000b64       0x48 ./Core/Src/stm32f4xx_hal_timebase_tim.o
                0x20000b64                htim9
 .bss.__sbrk_heap_end
                0x20000bac        0x4 ./Core/Src/sysmem.o
 .bss.huart6    0x20000bb0       0x48 ./Core/Src/usart.o
                0x20000bb0                huart6
 .bss.hdma_usart6_rx
                0x20000bf8       0x60 ./Core/Src/usart.o
                0x20000bf8                hdma_usart6_rx
 .bss.hdma_usart6_tx
                0x20000c58       0x60 ./Core/Src/usart.o
                0x20000c58                hdma_usart6_tx
 .bss.uwTick    0x20000cb8        0x4 ./Drivers/STM32F4xx_HAL_Driver/Src/stm32f4xx_hal.o
                0x20000cb8                uwTick
 .bss.KernelState
                0x20000cbc        0x4 ./Middlewares/Third_Party/FreeRTOS/Source/CMSIS_RTOS_V2/cmsis_os2.o
 .bss.Idle_TCB.3
                0x20000cc0       0xa8 ./Middlewares/Third_Party/FreeRTOS/Source/CMSIS_RTOS_V2/cmsis_os2.o
 .bss.Idle_Stack.2
                0x20000d68      0x200 ./Middlewares/Third_Party/FreeRTOS/Source/CMSIS_RTOS_V2/cmsis_os2.o
 .bss.Timer_TCB.1
                0x20000f68       0xa8 ./Middlewares/Third_Party/FreeRTOS/Source/CMSIS_RTOS_V2/cmsis_os2.o
 .bss.Timer_Stack.0
                0x20001010      0x400 ./Middlewares/Third_Party/FreeRTOS/Source/CMSIS_RTOS_V2/cmsis_os2.o
 .bss.xQueueRegistry
                0x20001410       0x40 ./Middlewares/Third_Party/FreeRTOS/Source/queue.o
                0x20001410                xQueueRegistry
 .bss.pxCurrentTCB
                0x20001450        0x4 ./Middlewares/Third_Party/FreeRTOS/Source/tasks.o
                0x20001450                pxCurrentTCB
 .bss.pxReadyTasksLists
                0x20001454      0x460 ./Middlewares/Third_Party/FreeRTOS/Source/tasks.o
 .bss.xDelayedTaskList1
                0x200018b4       0x14 ./Middlewares/Third_Party/FreeRTOS/Source/tasks.o
 .bss.xDelayedTaskList2
                0x200018c8       0x14 ./Middlewares/Third_Party/FreeRTOS/Source/tasks.o
 .bss.pxDelayedTaskList
                0x200018dc        0x4 ./Middlewares/Third_Party/FreeRTOS/Source/tasks.o
 .bss.pxOverflowDelayedTaskList
                0x200018e0        0x4 ./Middlewares/Third_Party/FreeRTOS/Source/tasks.o
 .bss.xPendingReadyList
                0x200018e4       0x14 ./Middlewares/Third_Party/FreeRTOS/Source/tasks.o
 .bss.xTasksWaitingTermination
                0x200018f8       0x14 ./Middlewares/Third_Party/FreeRTOS/Source/tasks.o
 .bss.uxDeletedTasksWaitingCleanUp
                0x2000190c        0x4 ./Middlewares/Third_Party/FreeRTOS/Source/tasks.o
 .bss.xSuspendedTaskList
                0x20001910       0x14 ./Middlewares/Third_Party/FreeRTOS/Source/tasks.o
 .bss.uxCurrentNumberOfTasks
                0x20001924        0x4 ./Middlewares/Third_Party/FreeRTOS/Source/tasks.o
 .bss.xTickCount
                0x20001928        0x4 ./Middlewares/Third_Party/FreeRTOS/Source/tasks.o
 .bss.uxTopReadyPriority
                0x2000192c        0x4 ./Middlewares/Third_Party/FreeRTOS/Source/tasks.o
 .bss.xSchedulerRunning
                0x20001930        0x4 ./Middlewares/Third_Party/FreeRTOS/Source/tasks.o
 .bss.xPendedTicks
                0x20001934        0x4 ./Middlewares/Third_Party/FreeRTOS/Source/tasks.o
 .bss.xYieldPending
                0x20001938        0x4 ./Middlewares/Third_Party/FreeRTOS/Source/tasks.o
 .bss.xNumOfOverflows
                0x2000193c        0x4 ./Middlewares/Third_Party/FreeRTOS/Source/tasks.o
 .bss.uxTaskNumber
                0x20001940        0x4 ./Middlewares/Third_Party/FreeRTOS/Source/tasks.o
 .bss.xNextTaskUnblockTime
                0x20001944        0x4 ./Middlewares/Third_Party/FreeRTOS/Source/tasks.o
 .bss.xIdleTaskHandle
                0x20001948        0x4 ./Middlewares/Third_Party/FreeRTOS/Source/tasks.o
 .bss.uxSchedulerSuspended
                0x2000194c        0x4 ./Middlewares/Third_Party/FreeRTOS/Source/tasks.o
 .bss.xActiveTimerList1
                0x20001950       0x14 ./Middlewares/Third_Party/FreeRTOS/Source/timers.o
 .bss.xActiveTimerList2
                0x20001964       0x14 ./Middlewares/Third_Party/FreeRTOS/Source/timers.o
 .bss.pxCurrentTimerList
                0x20001978        0x4 ./Middlewares/Third_Party/FreeRTOS/Source/timers.o
 .bss.pxOverflowTimerList
                0x2000197c        0x4 ./Middlewares/Third_Party/FreeRTOS/Source/timers.o
 .bss.xTimerQueue
                0x20001980        0x4 ./Middlewares/Third_Party/FreeRTOS/Source/timers.o
 .bss.xTimerTaskHandle
                0x20001984        0x4 ./Middlewares/Third_Party/FreeRTOS/Source/timers.o
 .bss.xLastTime.2
                0x20001988        0x4 ./Middlewares/Third_Party/FreeRTOS/Source/timers.o
 .bss.ucStaticTimerQueueStorage.1
                0x2000198c       0xa0 ./Middlewares/Third_Party/FreeRTOS/Source/timers.o
 .bss.xStaticTimerQueue.0
                0x20001a2c       0x50 ./Middlewares/Third_Party/FreeRTOS/Source/timers.o
 .bss.ucMaxSysCallPriority
                0x20001a7c        0x1 ./Middlewares/Third_Party/FreeRTOS/Source/portable/GCC/ARM_CM4F/port.o
 *fill*         0x20001a7d        0x3 
 .bss.ulMaxPRIGROUPValue
                0x20001a80        0x4 ./Middlewares/Third_Party/FreeRTOS/Source/portable/GCC/ARM_CM4F/port.o
 .bss.ucHeap    0x20001a84     0x3c00 ./Middlewares/Third_Party/FreeRTOS/Source/portable/MemMang/heap_4.o
 .bss.xStart    0x20005684        0x8 ./Middlewares/Third_Party/FreeRTOS/Source/portable/MemMang/heap_4.o
 .bss.pxEnd     0x2000568c        0x4 ./Middlewares/Third_Party/FreeRTOS/Source/portable/MemMang/heap_4.o
 .bss.xFreeBytesRemaining
                0x20005690        0x4 ./Middlewares/Third_Party/FreeRTOS/Source/portable/MemMang/heap_4.o
 .bss.xMinimumEverFreeBytesRemaining
                0x20005694        0x4 ./Middlewares/Third_Party/FreeRTOS/Source/portable/MemMang/heap_4.o
 .bss.xNumberOfSuccessfulAllocations
                0x20005698        0x4 ./Middlewares/Third_Party/FreeRTOS/Source/portable/MemMang/heap_4.o
 .bss.xNumberOfSuccessfulFrees
                0x2000569c        0x4 ./Middlewares/Third_Party/FreeRTOS/Source/portable/MemMang/heap_4.o
 .bss.xBlockAllocatedBit
                0x200056a0        0x4 ./Middlewares/Third_Party/FreeRTOS/Source/portable/MemMang/heap_4.o
 .bss.__sf      0x200056a4      0x138 C:/ST/STM32CubeCLT_1.22.0/GNU-tools-for-STM32/bin/../lib/gcc/arm-none-eabi/14.3.1/../../../../arm-none-eabi/lib/thumb/v7e-m+fp/hard\libc_nano.a(libc_a-findfp.o)
                0x200056a4                __sf
 .bss.errno     0x200057dc        0x4 C:/ST/STM32CubeCLT_1.22.0/GNU-tools-for-STM32/bin/../lib/gcc/arm-none-eabi/14.3.1/../../../../arm-none-eabi/lib/thumb/v7e-m+fp/hard\libc_nano.a(libc_a-reent.o)
                0x200057dc                errno
 .bss.__lock___malloc_recursive_mutex
                0x200057e0        0x1 C:/ST/STM32CubeCLT_1.22.0/GNU-tools-for-STM32/bin/../lib/gcc/arm-none-eabi/14.3.1/../../../../arm-none-eabi/lib/thumb/v7e-m+fp/hard\libc_nano.a(libc_a-lock.o)
                0x200057e0                __lock___malloc_recursive_mutex
 *fill*         0x200057e1        0x3 
 .bss.__malloc_sbrk_start
                0x200057e4        0x4 C:/ST/STM32CubeCLT_1.22.0/GNU-tools-for-STM32/bin/../lib/gcc/arm-none-eabi/14.3.1/../../../../arm-none-eabi/lib/thumb/v7e-m+fp/hard\libc_nano.a(libc_a-mallocr.o)
                0x200057e4                __malloc_sbrk_start
 .bss.__malloc_free_list
                0x200057e8        0x4 C:/ST/STM32CubeCLT_1.22.0/GNU-tools-for-STM32/bin/../lib/gcc/arm-none-eabi/14.3.1/../../../../arm-none-eabi/lib/thumb/v7e-m+fp/hard\libc_nano.a(libc_a-mallocr.o)
                0x200057e8                __malloc_free_list
 *(COMMON)
                0x200057ec                        . = ALIGN (0x4)
                0x200057ec                        _ebss = .
                0x200057ec                        __bss_end__ = _ebss

._user_heap_stack
                0x200057ec      0x604 load address 0x0800c6c0
                0x200057f0                        . = ALIGN (0x8)
 *fill*         0x200057ec        0x4 
                [!provide]                        PROVIDE (end = .)
                0x200057f0                        PROVIDE (_end = .)
                0x200059f0                        . = (. + _Min_Heap_Size)
 *fill*         0x200057f0      0x200 
                0x20005df0                        . = (. + _Min_Stack_Size)
 *fill*         0x200059f0      0x400 
                0x20005df0                        . = ALIGN (0x8)

/DISCARD/
 libc.a(*)
 libm.a(*)
 libgcc.a(*)

.ARM.attributes
                0x00000000       0x30
 *(.ARM.attributes)
 .ARM.attributes
                0x00000000       0x22 C:/ST/STM32CubeCLT_1.22.0/GNU-tools-for-STM32/bin/../lib/gcc/arm-none-eabi/14.3.1/thumb/v7e-m+fp/hard/crti.o
 .ARM.attributes
                0x00000022       0x34 C:/ST/STM32CubeCLT_1.22.0/GNU-tools-for-STM32/bin/../lib/gcc/arm-none-eabi/14.3.1/thumb/v7e-m+fp/hard/crtbegin.o
 .ARM.attributes
                0x00000056       0x34 ./Core/Src/VL53L.o
 .ARM.attributes
                0x0000008a       0x34 ./Core/Src/VL53L1X_api.o
 .ARM.attributes
                0x000000be       0x34 ./Core/Src/VL53L1X_calibration.o
 .ARM.attributes
                0x000000f2       0x34 ./Core/Src/dma.o
 .ARM.attributes
                0x00000126       0x34 ./Core/Src/freertos.o
 .ARM.attributes
                0x0000015a       0x34 ./Core/Src/gpio.o
 .ARM.attributes
                0x0000018e       0x34 ./Core/Src/i2c.o
 .ARM.attributes
                0x000001c2       0x34 ./Core/Src/main.o
 .ARM.attributes
                0x000001f6       0x34 ./Core/Src/oled_ssd1306.o
 .ARM.attributes
                0x0000022a       0x34 ./Core/Src/stm32f4xx_hal_msp.o
 .ARM.attributes
                0x0000025e       0x34 ./Core/Src/stm32f4xx_hal_timebase_tim.o
 .ARM.attributes
                0x00000292       0x34 ./Core/Src/stm32f4xx_it.o
 .ARM.attributes
                0x000002c6       0x34 ./Core/Src/sysmem.o
 .ARM.attributes
                0x000002fa       0x34 ./Core/Src/system_stm32f4xx.o
 .ARM.attributes
                0x0000032e       0x34 ./Core/Src/usart.o
 .ARM.attributes
                0x00000362       0x34 ./Core/Src/vl53l1_platform.o
 .ARM.attributes
                0x00000396       0x21 ./Core/Startup/startup_stm32f401ccux.o
 .ARM.attributes
                0x000003b7       0x34 ./Drivers/STM32F4xx_HAL_Driver/Src/stm32f4xx_hal.o
 .ARM.attributes
                0x000003eb       0x34 ./Drivers/STM32F4xx_HAL_Driver/Src/stm32f4xx_hal_cortex.o
 .ARM.attributes
                0x0000041f       0x34 ./Drivers/STM32F4xx_HAL_Driver/Src/stm32f4xx_hal_dma.o
 .ARM.attributes
                0x00000453       0x34 ./Drivers/STM32F4xx_HAL_Driver/Src/stm32f4xx_hal_flash.o
 .ARM.attributes
                0x00000487       0x34 ./Drivers/STM32F4xx_HAL_Driver/Src/stm32f4xx_hal_flash_ex.o
 .ARM.attributes
                0x000004bb       0x34 ./Drivers/STM32F4xx_HAL_Driver/Src/stm32f4xx_hal_gpio.o
 .ARM.attributes
                0x000004ef       0x34 ./Drivers/STM32F4xx_HAL_Driver/Src/stm32f4xx_hal_i2c.o
 .ARM.attributes
                0x00000523       0x34 ./Drivers/STM32F4xx_HAL_Driver/Src/stm32f4xx_hal_rcc.o
 .ARM.attributes
                0x00000557       0x34 ./Drivers/STM32F4xx_HAL_Driver/Src/stm32f4xx_hal_tim.o
 .ARM.attributes
                0x0000058b       0x34 ./Drivers/STM32F4xx_HAL_Driver/Src/stm32f4xx_hal_tim_ex.o
 .ARM.attributes
                0x000005bf       0x34 ./Drivers/STM32F4xx_HAL_Driver/Src/stm32f4xx_hal_uart.o
 .ARM.attributes
                0x000005f3       0x34 ./Middlewares/Third_Party/FreeRTOS/Source/CMSIS_RTOS_V2/cmsis_os2.o
 .ARM.attributes
                0x00000627       0x34 ./Middlewares/Third_Party/FreeRTOS/Source/list.o
 .ARM.attributes
                0x0000065b       0x34 ./Middlewares/Third_Party/FreeRTOS/Source/queue.o
 .ARM.attributes
                0x0000068f       0x34 ./Middlewares/Third_Party/FreeRTOS/Source/tasks.o
 .ARM.attributes
                0x000006c3       0x34 ./Middlewares/Third_Party/FreeRTOS/Source/timers.o
 .ARM.attributes
                0x000006f7       0x34 ./Middlewares/Third_Party/FreeRTOS/Source/portable/GCC/ARM_CM4F/port.o
 .ARM.attributes
                0x0000072b       0x34 ./Middlewares/Third_Party/FreeRTOS/Source/portable/MemMang/heap_4.o
 .ARM.attributes
                0x0000075f       0x34 C:/ST/STM32CubeCLT_1.22.0/GNU-tools-for-STM32/bin/../lib/gcc/arm-none-eabi/14.3.1/../../../../arm-none-eabi/lib/thumb/v7e-m+fp/hard\libc_nano.a(libc_a-findfp.o)
 .ARM.attributes
                0x00000793       0x34 C:/ST/STM32CubeCLT_1.22.0/GNU-tools-for-STM32/bin/../lib/gcc/arm-none-eabi/14.3.1/../../../../arm-none-eabi/lib/thumb/v7e-m+fp/hard\libc_nano.a(libc_a-snprintf.o)
 .ARM.attributes
                0x000007c7       0x34 C:/ST/STM32CubeCLT_1.22.0/GNU-tools-for-STM32/bin/../lib/gcc/arm-none-eabi/14.3.1/../../../../arm-none-eabi/lib/thumb/v7e-m+fp/hard\libc_nano.a(libc_a-memcmp.o)
 .ARM.attributes
                0x000007fb       0x34 C:/ST/STM32CubeCLT_1.22.0/GNU-tools-for-STM32/bin/../lib/gcc/arm-none-eabi/14.3.1/../../../../arm-none-eabi/lib/thumb/v7e-m+fp/hard\libc_nano.a(libc_a-memset.o)
 .ARM.attributes
                0x0000082f       0x34 C:/ST/STM32CubeCLT_1.22.0/GNU-tools-for-STM32/bin/../lib/gcc/arm-none-eabi/14.3.1/../../../../arm-none-eabi/lib/thumb/v7e-m+fp/hard\libc_nano.a(libc_a-reent.o)
 .ARM.attributes
                0x00000863       0x34 C:/ST/STM32CubeCLT_1.22.0/GNU-tools-for-STM32/bin/../lib/gcc/arm-none-eabi/14.3.1/../../../../arm-none-eabi/lib/thumb/v7e-m+fp/hard\libc_nano.a(libc_a-impure.o)
 .ARM.attributes
                0x00000897       0x34 C:/ST/STM32CubeCLT_1.22.0/GNU-tools-for-STM32/bin/../lib/gcc/arm-none-eabi/14.3.1/../../../../arm-none-eabi/lib/thumb/v7e-m+fp/hard\libc_nano.a(libc_a-errno.o)
 .ARM.attributes
                0x000008cb       0x34 C:/ST/STM32CubeCLT_1.22.0/GNU-tools-for-STM32/bin/../lib/gcc/arm-none-eabi/14.3.1/../../../../arm-none-eabi/lib/thumb/v7e-m+fp/hard\libc_nano.a(libc_a-init.o)
 .ARM.attributes
                0x000008ff       0x34 C:/ST/STM32CubeCLT_1.22.0/GNU-tools-for-STM32/bin/../lib/gcc/arm-none-eabi/14.3.1/../../../../arm-none-eabi/lib/thumb/v7e-m+fp/hard\libc_nano.a(libc_a-lock.o)
 .ARM.attributes
                0x00000933       0x34 C:/ST/STM32CubeCLT_1.22.0/GNU-tools-for-STM32/bin/../lib/gcc/arm-none-eabi/14.3.1/../../../../arm-none-eabi/lib/thumb/v7e-m+fp/hard\libc_nano.a(libc_a-memcpy-stub.o)
 .ARM.attributes
                0x00000967       0x34 C:/ST/STM32CubeCLT_1.22.0/GNU-tools-for-STM32/bin/../lib/gcc/arm-none-eabi/14.3.1/../../../../arm-none-eabi/lib/thumb/v7e-m+fp/hard\libc_nano.a(libc_a-freer.o)
 .ARM.attributes
                0x0000099b       0x34 C:/ST/STM32CubeCLT_1.22.0/GNU-tools-for-STM32/bin/../lib/gcc/arm-none-eabi/14.3.1/../../../../arm-none-eabi/lib/thumb/v7e-m+fp/hard\libc_nano.a(libc_a-mallocr.o)
 .ARM.attributes
                0x000009cf       0x34 C:/ST/STM32CubeCLT_1.22.0/GNU-tools-for-STM32/bin/../lib/gcc/arm-none-eabi/14.3.1/../../../../arm-none-eabi/lib/thumb/v7e-m+fp/hard\libc_nano.a(libc_a-mlock.o)
 .ARM.attributes
                0x00000a03       0x34 C:/ST/STM32CubeCLT_1.22.0/GNU-tools-for-STM32/bin/../lib/gcc/arm-none-eabi/14.3.1/../../../../arm-none-eabi/lib/thumb/v7e-m+fp/hard\libc_nano.a(libc_a-nano-svfprintf.o)
 .ARM.attributes
                0x00000a37       0x34 C:/ST/STM32CubeCLT_1.22.0/GNU-tools-for-STM32/bin/../lib/gcc/arm-none-eabi/14.3.1/../../../../arm-none-eabi/lib/thumb/v7e-m+fp/hard\libc_nano.a(libc_a-nano-vfprintf_i.o)
 .ARM.attributes
                0x00000a6b       0x34 C:/ST/STM32CubeCLT_1.22.0/GNU-tools-for-STM32/bin/../lib/gcc/arm-none-eabi/14.3.1/../../../../arm-none-eabi/lib/thumb/v7e-m+fp/hard\libc_nano.a(libc_a-memmove.o)
 .ARM.attributes
                0x00000a9f       0x34 C:/ST/STM32CubeCLT_1.22.0/GNU-tools-for-STM32/bin/../lib/gcc/arm-none-eabi/14.3.1/../../../../arm-none-eabi/lib/thumb/v7e-m+fp/hard\libc_nano.a(libc_a-sbrkr.o)
 .ARM.attributes
                0x00000ad3       0x1c C:/ST/STM32CubeCLT_1.22.0/GNU-tools-for-STM32/bin/../lib/gcc/arm-none-eabi/14.3.1/../../../../arm-none-eabi/lib/thumb/v7e-m+fp/hard\libc_nano.a(libc_a-memchr.o)
 .ARM.attributes
                0x00000aef       0x34 C:/ST/STM32CubeCLT_1.22.0/GNU-tools-for-STM32/bin/../lib/gcc/arm-none-eabi/14.3.1/../../../../arm-none-eabi/lib/thumb/v7e-m+fp/hard\libc_nano.a(libc_a-reallocr.o)
 .ARM.attributes
                0x00000b23       0x34 C:/ST/STM32CubeCLT_1.22.0/GNU-tools-for-STM32/bin/../lib/gcc/arm-none-eabi/14.3.1/../../../../arm-none-eabi/lib/thumb/v7e-m+fp/hard\libc_nano.a(libc_a-msizer.o)
 .ARM.attributes
                0x00000b57       0x22 C:/ST/STM32CubeCLT_1.22.0/GNU-tools-for-STM32/bin/../lib/gcc/arm-none-eabi/14.3.1/thumb/v7e-m+fp/hard\libgcc.a(_aeabi_uldivmod.o)
 .ARM.attributes
                0x00000b79       0x34 C:/ST/STM32CubeCLT_1.22.0/GNU-tools-for-STM32/bin/../lib/gcc/arm-none-eabi/14.3.1/thumb/v7e-m+fp/hard\libgcc.a(_udivmoddi4.o)
 .ARM.attributes
                0x00000bad       0x22 C:/ST/STM32CubeCLT_1.22.0/GNU-tools-for-STM32/bin/../lib/gcc/arm-none-eabi/14.3.1/thumb/v7e-m+fp/hard\libgcc.a(_dvmd_tls.o)
 .ARM.attributes
                0x00000bcf       0x22 C:/ST/STM32CubeCLT_1.22.0/GNU-tools-for-STM32/bin/../lib/gcc/arm-none-eabi/14.3.1/thumb/v7e-m+fp/hard/crtn.o
OUTPUT(stm32_new.elf elf32-littlearm)
LOAD linker stubs
LOAD C:/ST/STM32CubeCLT_1.22.0/GNU-tools-for-STM32/bin/../lib/gcc/arm-none-eabi/14.3.1/../../../../arm-none-eabi/lib/thumb/v7e-m+fp/hard\libc.a
LOAD C:/ST/STM32CubeCLT_1.22.0/GNU-tools-for-STM32/bin/../lib/gcc/arm-none-eabi/14.3.1/../../../../arm-none-eabi/lib/thumb/v7e-m+fp/hard\libm.a
LOAD C:/ST/STM32CubeCLT_1.22.0/GNU-tools-for-STM32/bin/../lib/gcc/arm-none-eabi/14.3.1/thumb/v7e-m+fp/hard\libgcc.a

.debug_info     0x00000000    0x20c00
 .debug_info    0x00000000     0x17d5 ./Core/Src/VL53L.o
 .debug_info    0x000017d5      0xdb9 ./Core/Src/VL53L1X_api.o
 .debug_info    0x0000258e      0x3a0 ./Core/Src/VL53L1X_calibration.o
 .debug_info    0x0000292e      0x43f ./Core/Src/dma.o
 .debug_info    0x00002d6d      0x443 ./Core/Src/freertos.o
 .debug_info    0x000031b0      0x5f6 ./Core/Src/gpio.o
 .debug_info    0x000037a6      0x9fd ./Core/Src/i2c.o
 .debug_info    0x000041a3      0xb74 ./Core/Src/main.o
 .debug_info    0x00004d17      0xe6d ./Core/Src/oled_ssd1306.o
 .debug_info    0x00005b84      0x449 ./Core/Src/stm32f4xx_hal_msp.o
 .debug_info    0x00005fcd      0xb6f ./Core/Src/stm32f4xx_hal_timebase_tim.o
 .debug_info    0x00006b3c      0x9b9 ./Core/Src/stm32f4xx_it.o
 .debug_info    0x000074f5      0x168 ./Core/Src/sysmem.o
 .debug_info    0x0000765d      0x53e ./Core/Src/system_stm32f4xx.o
 .debug_info    0x00007b9b      0xb73 ./Core/Src/usart.o
 .debug_info    0x0000870e      0xa87 ./Core/Src/vl53l1_platform.o
 .debug_info    0x00009195       0x30 ./Core/Startup/startup_stm32f401ccux.o
 .debug_info    0x000091c5      0x8bb ./Drivers/STM32F4xx_HAL_Driver/Src/stm32f4xx_hal.o
 .debug_info    0x00009a80      0xcf6 ./Drivers/STM32F4xx_HAL_Driver/Src/stm32f4xx_hal_cortex.o
 .debug_info    0x0000a776      0x8e6 ./Drivers/STM32F4xx_HAL_Driver/Src/stm32f4xx_hal_dma.o
 .debug_info    0x0000b05c      0x589 ./Drivers/STM32F4xx_HAL_Driver/Src/stm32f4xx_hal_flash.o
 .debug_info    0x0000b5e5      0x7d8 ./Drivers/STM32F4xx_HAL_Driver/Src/stm32f4xx_hal_flash_ex.o
 .debug_info    0x0000bdbd      0x6f9 ./Drivers/STM32F4xx_HAL_Driver/Src/stm32f4xx_hal_gpio.o
 .debug_info    0x0000c4b6     0x2426 ./Drivers/STM32F4xx_HAL_Driver/Src/stm32f4xx_hal_i2c.o
 .debug_info    0x0000e8dc      0x905 ./Drivers/STM32F4xx_HAL_Driver/Src/stm32f4xx_hal_rcc.o
 .debug_info    0x0000f1e1     0x2996 ./Drivers/STM32F4xx_HAL_Driver/Src/stm32f4xx_hal_tim.o
 .debug_info    0x00011b77     0x14d4 ./Drivers/STM32F4xx_HAL_Driver/Src/stm32f4xx_hal_tim_ex.o
 .debug_info    0x0001304b     0x2f56 ./Drivers/STM32F4xx_HAL_Driver/Src/stm32f4xx_hal_uart.o
 .debug_info    0x00015fa1     0x4073 ./Middlewares/Third_Party/FreeRTOS/Source/CMSIS_RTOS_V2/cmsis_os2.o
 .debug_info    0x0001a014      0x2af ./Middlewares/Third_Party/FreeRTOS/Source/list.o
 .debug_info    0x0001a2c3     0x1b79 ./Middlewares/Third_Party/FreeRTOS/Source/queue.o
 .debug_info    0x0001be3c     0x28c1 ./Middlewares/Third_Party/FreeRTOS/Source/tasks.o
 .debug_info    0x0001e6fd     0x1b50 ./Middlewares/Third_Party/FreeRTOS/Source/timers.o
 .debug_info    0x0002024d      0x4de ./Middlewares/Third_Party/FreeRTOS/Source/portable/GCC/ARM_CM4F/port.o
 .debug_info    0x0002072b      0x4d5 ./Middlewares/Third_Party/FreeRTOS/Source/portable/MemMang/heap_4.o

.debug_abbrev   0x00000000     0x4dbe
 .debug_abbrev  0x00000000      0x365 ./Core/Src/VL53L.o
 .debug_abbrev  0x00000365      0x192 ./Core/Src/VL53L1X_api.o
 .debug_abbrev  0x000004f7       0xdf ./Core/Src/VL53L1X_calibration.o
 .debug_abbrev  0x000005d6      0x10e ./Core/Src/dma.o
 .debug_abbrev  0x000006e4      0x158 ./Core/Src/freertos.o
 .debug_abbrev  0x0000083c      0x173 ./Core/Src/gpio.o
 .debug_abbrev  0x000009af      0x1f6 ./Core/Src/i2c.o
 .debug_abbrev  0x00000ba5      0x24d ./Core/Src/main.o
 .debug_abbrev  0x00000df2      0x33d ./Core/Src/oled_ssd1306.o
 .debug_abbrev  0x0000112f      0x119 ./Core/Src/stm32f4xx_hal_msp.o
 .debug_abbrev  0x00001248      0x207 ./Core/Src/stm32f4xx_hal_timebase_tim.o
 .debug_abbrev  0x0000144f      0x1b0 ./Core/Src/stm32f4xx_it.o
 .debug_abbrev  0x000015ff       0xbc ./Core/Src/sysmem.o
 .debug_abbrev  0x000016bb      0x11a ./Core/Src/system_stm32f4xx.o
 .debug_abbrev  0x000017d5      0x22d ./Core/Src/usart.o
 .debug_abbrev  0x00001a02      0x1e3 ./Core/Src/vl53l1_platform.o
 .debug_abbrev  0x00001be5       0x24 ./Core/Startup/startup_stm32f401ccux.o
 .debug_abbrev  0x00001c09      0x24b ./Drivers/STM32F4xx_HAL_Driver/Src/stm32f4xx_hal.o
 .debug_abbrev  0x00001e54      0x31d ./Drivers/STM32F4xx_HAL_Driver/Src/stm32f4xx_hal_cortex.o
 .debug_abbrev  0x00002171      0x221 ./Drivers/STM32F4xx_HAL_Driver/Src/stm32f4xx_hal_dma.o
 .debug_abbrev  0x00002392      0x27c ./Drivers/STM32F4xx_HAL_Driver/Src/stm32f4xx_hal_flash.o
 .debug_abbrev  0x0000260e      0x25d ./Drivers/STM32F4xx_HAL_Driver/Src/stm32f4xx_hal_flash_ex.o
 .debug_abbrev  0x0000286b      0x1d3 ./Drivers/STM32F4xx_HAL_Driver/Src/stm32f4xx_hal_gpio.o
 .debug_abbrev  0x00002a3e      0x2bc ./Drivers/STM32F4xx_HAL_Driver/Src/stm32f4xx_hal_i2c.o
 .debug_abbrev  0x00002cfa      0x2b6 ./Drivers/STM32F4xx_HAL_Driver/Src/stm32f4xx_hal_rcc.o
 .debug_abbrev  0x00002fb0      0x28b ./Drivers/STM32F4xx_HAL_Driver/Src/stm32f4xx_hal_tim.o
 .debug_abbrev  0x0000323b      0x296 ./Drivers/STM32F4xx_HAL_Driver/Src/stm32f4xx_hal_tim_ex.o
 .debug_abbrev  0x000034d1      0x31b ./Drivers/STM32F4xx_HAL_Driver/Src/stm32f4xx_hal_uart.o
 .debug_abbrev  0x000037ec      0x548 ./Middlewares/Third_Party/FreeRTOS/Source/CMSIS_RTOS_V2/cmsis_os2.o
 .debug_abbrev  0x00003d34       0xf5 ./Middlewares/Third_Party/FreeRTOS/Source/list.o
 .debug_abbrev  0x00003e29      0x3b6 ./Middlewares/Third_Party/FreeRTOS/Source/queue.o
 .debug_abbrev  0x000041df      0x3fe ./Middlewares/Third_Party/FreeRTOS/Source/tasks.o
 .debug_abbrev  0x000045dd      0x368 ./Middlewares/Third_Party/FreeRTOS/Source/timers.o
 .debug_abbrev  0x00004945      0x25c ./Middlewares/Third_Party/FreeRTOS/Source/portable/GCC/ARM_CM4F/port.o
 .debug_abbrev  0x00004ba1      0x21d ./Middlewares/Third_Party/FreeRTOS/Source/portable/MemMang/heap_4.o

.debug_aranges  0x00000000     0x1c20
 .debug_aranges
                0x00000000       0x88 ./Core/Src/VL53L.o
 .debug_aranges
                0x00000088      0x148 ./Core/Src/VL53L1X_api.o
 .debug_aranges
                0x000001d0       0x28 ./Core/Src/VL53L1X_calibration.o
 .debug_aranges
                0x000001f8       0x20 ./Core/Src/dma.o
 .debug_aranges
                0x00000218       0x38 ./Core/Src/freertos.o
 .debug_aranges
                0x00000250       0x20 ./Core/Src/gpio.o
 .debug_aranges
                0x00000270       0x38 ./Core/Src/i2c.o
 .debug_aranges
                0x000002a8       0x38 ./Core/Src/main.o
 .debug_aranges
                0x000002e0       0x80 ./Core/Src/oled_ssd1306.o
 .debug_aranges
                0x00000360       0x20 ./Core/Src/stm32f4xx_hal_msp.o
 .debug_aranges
                0x00000380       0x30 ./Core/Src/stm32f4xx_hal_timebase_tim.o
 .debug_aranges
                0x000003b0       0x70 ./Core/Src/stm32f4xx_it.o
 .debug_aranges
                0x00000420       0x20 ./Core/Src/sysmem.o
 .debug_aranges
                0x00000440       0x28 ./Core/Src/system_stm32f4xx.o
 .debug_aranges
                0x00000468       0x30 ./Core/Src/usart.o
 .debug_aranges
                0x00000498       0x68 ./Core/Src/vl53l1_platform.o
 .debug_aranges
                0x00000500       0x28 ./Core/Startup/startup_stm32f401ccux.o
 .debug_aranges
                0x00000528       0xf0 ./Drivers/STM32F4xx_HAL_Driver/Src/stm32f4xx_hal.o
 .debug_aranges
                0x00000618      0x130 ./Drivers/STM32F4xx_HAL_Driver/Src/stm32f4xx_hal_cortex.o
 .debug_aranges
                0x00000748       0x90 ./Drivers/STM32F4xx_HAL_Driver/Src/stm32f4xx_hal_dma.o
 .debug_aranges
                0x000007d8       0xa0 ./Drivers/STM32F4xx_HAL_Driver/Src/stm32f4xx_hal_flash.o
 .debug_aranges
                0x00000878       0xc8 ./Drivers/STM32F4xx_HAL_Driver/Src/stm32f4xx_hal_flash_ex.o
 .debug_aranges
                0x00000940       0x58 ./Drivers/STM32F4xx_HAL_Driver/Src/stm32f4xx_hal_gpio.o
 .debug_aranges
                0x00000998      0x2a8 ./Drivers/STM32F4xx_HAL_Driver/Src/stm32f4xx_hal_i2c.o
 .debug_aranges
                0x00000c40       0x88 ./Drivers/STM32F4xx_HAL_Driver/Src/stm32f4xx_hal_rcc.o
 .debug_aranges
                0x00000cc8      0x3d0 ./Drivers/STM32F4xx_HAL_Driver/Src/stm32f4xx_hal_tim.o
 .debug_aranges
                0x00001098      0x168 ./Drivers/STM32F4xx_HAL_Driver/Src/stm32f4xx_hal_tim_ex.o
 .debug_aranges
                0x00001200      0x208 ./Drivers/STM32F4xx_HAL_Driver/Src/stm32f4xx_hal_uart.o
 .debug_aranges
                0x00001408      0x2b0 ./Middlewares/Third_Party/FreeRTOS/Source/CMSIS_RTOS_V2/cmsis_os2.o
 .debug_aranges
                0x000016b8       0x40 ./Middlewares/Third_Party/FreeRTOS/Source/list.o
 .debug_aranges
                0x000016f8      0x158 ./Middlewares/Third_Party/FreeRTOS/Source/queue.o
 .debug_aranges
                0x00001850      0x208 ./Middlewares/Third_Party/FreeRTOS/Source/tasks.o
 .debug_aranges
                0x00001a58       0xf0 ./Middlewares/Third_Party/FreeRTOS/Source/timers.o
 .debug_aranges
                0x00001b48       0x80 ./Middlewares/Third_Party/FreeRTOS/Source/portable/GCC/ARM_CM4F/port.o
 .debug_aranges
                0x00001bc8       0x58 ./Middlewares/Third_Party/FreeRTOS/Source/portable/MemMang/heap_4.o

.debug_rnglists
                0x00000000     0x15fd
 .debug_rnglists
                0x00000000       0x88 ./Core/Src/VL53L.o
 .debug_rnglists
                0x00000088       0xfa ./Core/Src/VL53L1X_api.o
 .debug_rnglists
                0x00000182       0x1b ./Core/Src/VL53L1X_calibration.o
 .debug_rnglists
                0x0000019d       0x13 ./Core/Src/dma.o
 .debug_rnglists
                0x000001b0       0x25 ./Core/Src/freertos.o
 .debug_rnglists
                0x000001d5       0x14 ./Core/Src/gpio.o
 .debug_rnglists
                0x000001e9       0x26 ./Core/Src/i2c.o
 .debug_rnglists
                0x0000020f       0x26 ./Core/Src/main.o
 .debug_rnglists
                0x00000235       0x71 ./Core/Src/oled_ssd1306.o
 .debug_rnglists
                0x000002a6       0x13 ./Core/Src/stm32f4xx_hal_msp.o
 .debug_rnglists
                0x000002b9       0x20 ./Core/Src/stm32f4xx_hal_timebase_tim.o
 .debug_rnglists
                0x000002d9       0x4f ./Core/Src/stm32f4xx_it.o
 .debug_rnglists
                0x00000328       0x13 ./Core/Src/sysmem.o
 .debug_rnglists
                0x0000033b       0x1a ./Core/Src/system_stm32f4xx.o
 .debug_rnglists
                0x00000355       0x20 ./Core/Src/usart.o
 .debug_rnglists
                0x00000375       0x49 ./Core/Src/vl53l1_platform.o
 .debug_rnglists
                0x000003be       0x19 ./Core/Startup/startup_stm32f401ccux.o
 .debug_rnglists
                0x000003d7       0xaf ./Drivers/STM32F4xx_HAL_Driver/Src/stm32f4xx_hal.o
 .debug_rnglists