Archive member included to satisfy reference by file (symbol)

C:/ST/STM32CubeCLT_1.22.0/GNU-tools-for-STM32/bin/../lib/gcc/arm-none-eabi/14.3.1/../../../../arm-none-eabi/lib/thumb/v7e-m+fp/hard\libc_nano.a(libc_a-exit.o)
                              C:/ST/STM32CubeCLT_1.22.0/GNU-tools-for-STM32/bin/../lib/gcc/arm-none-eabi/14.3.1/../../../../arm-none-eabi/lib/thumb/v7e-m+fp/hard/crt0.o (exit)
C:/ST/STM32CubeCLT_1.22.0/GNU-tools-for-STM32/bin/../lib/gcc/arm-none-eabi/14.3.1/../../../../arm-none-eabi/lib/thumb/v7e-m+fp/hard\libc_nano.a(libc_a-findfp.o)
                              ./Middlewares/Third_Party/FreeRTOS/Source/tasks.o (__sf)
C:/ST/STM32CubeCLT_1.22.0/GNU-tools-for-STM32/bin/../lib/gcc/arm-none-eabi/14.3.1/../../../../arm-none-eabi/lib/thumb/v7e-m+fp/hard\libc_nano.a(libc_a-fwalk.o)
                              C:/ST/STM32CubeCLT_1.22.0/GNU-tools-for-STM32/bin/../lib/gcc/arm-none-eabi/14.3.1/../../../../arm-none-eabi/lib/thumb/v7e-m+fp/hard\libc_nano.a(libc_a-findfp.o) (_fwalk_sglue)
C:/ST/STM32CubeCLT_1.22.0/GNU-tools-for-STM32/bin/../lib/gcc/arm-none-eabi/14.3.1/../../../../arm-none-eabi/lib/thumb/v7e-m+fp/hard\libc_nano.a(libc_a-snprintf.o)
                              ./Core/Src/VL53L.o (snprintf)
C:/ST/STM32CubeCLT_1.22.0/GNU-tools-for-STM32/bin/../lib/gcc/arm-none-eabi/14.3.1/../../../../arm-none-eabi/lib/thumb/v7e-m+fp/hard\libc_nano.a(libc_a-stdio.o)
                              C:/ST/STM32CubeCLT_1.22.0/GNU-tools-for-STM32/bin/../lib/gcc/arm-none-eabi/14.3.1/../../../../arm-none-eabi/lib/thumb/v7e-m+fp/hard\libc_nano.a(libc_a-findfp.o) (__sread)
C:/ST/STM32CubeCLT_1.22.0/GNU-tools-for-STM32/bin/../lib/gcc/arm-none-eabi/14.3.1/../../../../arm-none-eabi/lib/thumb/v7e-m+fp/hard\libc_nano.a(libc_a-memset.o)
                              C:/ST/STM32CubeCLT_1.22.0/GNU-tools-for-STM32/bin/../lib/gcc/arm-none-eabi/14.3.1/../../../../arm-none-eabi/lib/thumb/v7e-m+fp/hard/crt0.o (memset)
C:/ST/STM32CubeCLT_1.22.0/GNU-tools-for-STM32/bin/../lib/gcc/arm-none-eabi/14.3.1/../../../../arm-none-eabi/lib/thumb/v7e-m+fp/hard\libc_nano.a(libc_a-closer.o)
                              C:/ST/STM32CubeCLT_1.22.0/GNU-tools-for-STM32/bin/../lib/gcc/arm-none-eabi/14.3.1/../../../../arm-none-eabi/lib/thumb/v7e-m+fp/hard\libc_nano.a(libc_a-stdio.o) (_close_r)
C:/ST/STM32CubeCLT_1.22.0/GNU-tools-for-STM32/bin/../lib/gcc/arm-none-eabi/14.3.1/../../../../arm-none-eabi/lib/thumb/v7e-m+fp/hard\libc_nano.a(libc_a-reent.o)
                              ./Middlewares/Third_Party/FreeRTOS/Source/tasks.o (_reclaim_reent)
C:/ST/STM32CubeCLT_1.22.0/GNU-tools-for-STM32/bin/../lib/gcc/arm-none-eabi/14.3.1/../../../../arm-none-eabi/lib/thumb/v7e-m+fp/hard\libc_nano.a(libc_a-impure.o)
                              ./Middlewares/Third_Party/FreeRTOS/Source/tasks.o (_impure_ptr)
C:/ST/STM32CubeCLT_1.22.0/GNU-tools-for-STM32/bin/../lib/gcc/arm-none-eabi/14.3.1/../../../../arm-none-eabi/lib/thumb/v7e-m+fp/hard\libc_nano.a(libc_a-lseekr.o)
                              C:/ST/STM32CubeCLT_1.22.0/GNU-tools-for-STM32/bin/../lib/gcc/arm-none-eabi/14.3.1/../../../../arm-none-eabi/lib/thumb/v7e-m+fp/hard\libc_nano.a(libc_a-stdio.o) (_lseek_r)
C:/ST/STM32CubeCLT_1.22.0/GNU-tools-for-STM32/bin/../lib/gcc/arm-none-eabi/14.3.1/../../../../arm-none-eabi/lib/thumb/v7e-m+fp/hard\libc_nano.a(libc_a-readr.o)
                              C:/ST/STM32CubeCLT_1.22.0/GNU-tools-for-STM32/bin/../lib/gcc/arm-none-eabi/14.3.1/../../../../arm-none-eabi/lib/thumb/v7e-m+fp/hard\libc_nano.a(libc_a-stdio.o) (_read_r)
C:/ST/STM32CubeCLT_1.22.0/GNU-tools-for-STM32/bin/../lib/gcc/arm-none-eabi/14.3.1/../../../../arm-none-eabi/lib/thumb/v7e-m+fp/hard\libc_nano.a(libc_a-writer.o)
                              C:/ST/STM32CubeCLT_1.22.0/GNU-tools-for-STM32/bin/../lib/gcc/arm-none-eabi/14.3.1/../../../../arm-none-eabi/lib/thumb/v7e-m+fp/hard\libc_nano.a(libc_a-stdio.o) (_write_r)
C:/ST/STM32CubeCLT_1.22.0/GNU-tools-for-STM32/bin/../lib/gcc/arm-none-eabi/14.3.1/../../../../arm-none-eabi/lib/thumb/v7e-m+fp/hard\libc_nano.a(libc_a-errno.o)
                              ./Core/Src/syscalls.o (__errno)
C:/ST/STM32CubeCLT_1.22.0/GNU-tools-for-STM32/bin/../lib/gcc/arm-none-eabi/14.3.1/../../../../arm-none-eabi/lib/thumb/v7e-m+fp/hard\libc_nano.a(libc_a-init.o)
                              C:/ST/STM32CubeCLT_1.22.0/GNU-tools-for-STM32/bin/../lib/gcc/arm-none-eabi/14.3.1/../../../../arm-none-eabi/lib/thumb/v7e-m+fp/hard/crt0.o (__libc_init_array)
C:/ST/STM32CubeCLT_1.22.0/GNU-tools-for-STM32/bin/../lib/gcc/arm-none-eabi/14.3.1/../../../../arm-none-eabi/lib/thumb/v7e-m+fp/hard\libc_nano.a(libc_a-lock.o)
                              C:/ST/STM32CubeCLT_1.22.0/GNU-tools-for-STM32/bin/../lib/gcc/arm-none-eabi/14.3.1/../../../../arm-none-eabi/lib/thumb/v7e-m+fp/hard\libc_nano.a(libc_a-findfp.o) (__retarget_lock_init_recursive)
[...]
Memory Configuration

Name             Origin             Length             Attributes
RAM              0x20000000         0x00010000         xrw
FLASH            0x08000000         0x00040000         xr
*default*        0x00000000         0xffffffff

Linker script and memory map

LOAD C:/ST/STM32CubeCLT_1.22.0/GNU-tools-for-STM32/bin/../lib/gcc/arm-none-eabi/14.3.1/thumb/v7e-m+fp/hard/crti.o
LOAD C:/ST/STM32CubeCLT_1.22.0/GNU-tools-for-STM32/bin/../lib/gcc/arm-none-eabi/14.3.1/thumb/v7e-m+fp/hard/crtbegin.o
LOAD C:/ST/STM32CubeCLT_1.22.0/GNU-tools-for-STM32/bin/../lib/gcc/arm-none-eabi/14.3.1/../../../../arm-none-eabi/lib/thumb/v7e-m+fp/hard/crt0.o
LOAD ./Core/Src/VL53L.o
LOAD ./Core/Src/VL53L1X_api.o
LOAD ./Core/Src/VL53L1X_calibration.o
LOAD ./Core/Src/dma.o
LOAD ./Core/Src/freertos.o
LOAD ./Core/Src/gpio.o
LOAD ./Core/Src/i2c.o
LOAD ./Core/Src/main.o
LOAD ./Core/Src/oled_ssd1306.o
LOAD ./Core/Src/stm32f4xx_hal_msp.o
LOAD ./Core/Src/stm32f4xx_hal_timebase_tim.o
LOAD ./Core/Src/stm32f4xx_it.o
LOAD ./Core/Src/syscalls.o
LOAD ./Core/Src/sysmem.o
LOAD ./Core/Src/system_stm32f4xx.o
LOAD ./Core/Src/usart.o
LOAD ./Core/Src/vl53l1_platform.o
LOAD ./Core/Startup/startup_stm32f401ccux.o
LOAD ./Drivers/STM32F4xx_HAL_Driver/Src/stm32f4xx_hal.o
LOAD ./Drivers/STM32F4xx_HAL_Driver/Src/stm32f4xx_hal_cortex.o
LOAD ./Drivers/STM32F4xx_HAL_Driver/Src/stm32f4xx_hal_dma.o
LOAD ./Drivers/STM32F4xx_HAL_Driver/Src/stm32f4xx_hal_dma_ex.o
LOAD ./Drivers/STM32F4xx_HAL_Driver/Src/stm32f4xx_hal_exti.o
LOAD ./Drivers/STM32F4xx_HAL_Driver/Src/stm32f4xx_hal_flash.o
LOAD ./Drivers/STM32F4xx_HAL_Driver/Src/stm32f4xx_hal_flash_ex.o
LOAD ./Drivers/STM32F4xx_HAL_Driver/Src/stm32f4xx_hal_flash_ramfunc.o
LOAD ./Drivers/STM32F4xx_HAL_Driver/Src/stm32f4xx_hal_gpio.o
LOAD ./Drivers/STM32F4xx_HAL_Driver/Src/stm32f4xx_hal_i2c.o
LOAD ./Drivers/STM32F4xx_HAL_Driver/Src/stm32f4xx_hal_i2c_ex.o
LOAD ./Drivers/STM32F4xx_HAL_Driver/Src/stm32f4xx_hal_pwr.o
LOAD ./Drivers/STM32F4xx_HAL_Driver/Src/stm32f4xx_hal_pwr_ex.o
LOAD ./Drivers/STM32F4xx_HAL_Driver/Src/stm32f4xx_hal_rcc.o
LOAD ./Drivers/STM32F4xx_HAL_Driver/Src/stm32f4xx_hal_rcc_ex.o
LOAD ./Drivers/STM32F4xx_HAL_Driver/Src/stm32f4xx_hal_tim.o
LOAD ./Drivers/STM32F4xx_HAL_Driver/Src/stm32f4xx_hal_tim_ex.o
LOAD ./Drivers/STM32F4xx_HAL_Driver/Src/stm32f4xx_hal_uart.o
LOAD ./Middlewares/Third_Party/FreeRTOS/Source/CMSIS_RTOS_V2/cmsis_os2.o
LOAD ./Middlewares/Third_Party/FreeRTOS/Source/croutine.o
LOAD ./Middlewares/Third_Party/FreeRTOS/Source/event_groups.o
LOAD ./Middlewares/Third_Party/FreeRTOS/Source/list.o
LOAD ./Middlewares/Third_Party/FreeRTOS/Source/queue.o
LOAD ./Middlewares/Third_Party/FreeRTOS/Source/stream_buffer.o
LOAD ./Middlewares/Third_Party/FreeRTOS/Source/tasks.o
LOAD ./Middlewares/Third_Party/FreeRTOS/Source/timers.o
LOAD ./Middlewares/Third_Party/FreeRTOS/Source/portable/GCC/ARM_CM4F/port.o
LOAD ./Middlewares/Third_Party/FreeRTOS/Source/portable/MemMang/heap_4.o
START GROUP
LOAD C:/ST/STM32CubeCLT_1.22.0/GNU-tools-for-STM32/bin/../lib/gcc/arm-none-eabi/14.3.1/../../../../arm-none-eabi/lib/thumb/v7e-m+fp/hard\libc_nano.a
LOAD C:/ST/STM32CubeCLT_1.22.0/GNU-tools-for-STM32/bin/../lib/gcc/arm-none-eabi/14.3.1/../../../../arm-none-eabi/lib/thumb/v7e-m+fp/hard\libm.a
END GROUP
START GROUP
LOAD C:/ST/STM32CubeCLT_1.22.0/GNU-tools-for-STM32/bin/../lib/gcc/arm-none-eabi/14.3.1/thumb/v7e-m+fp/hard\libgcc.a
LOAD C:/ST/STM32CubeCLT_1.22.0/GNU-tools-for-STM32/bin/../lib/gcc/arm-none-eabi/14.3.1/../../../../arm-none-eabi/lib/thumb/v7e-m+fp/hard\libc_nano.a
END GROUP
START GROUP
LOAD C:/ST/STM32CubeCLT_1.22.0/GNU-tools-for-STM32/bin/../lib/gcc/arm-none-eabi/14.3.1/thumb/v7e-m+fp/hard\libgcc.a
LOAD C:/ST/STM32CubeCLT_1.22.0/GNU-tools-for-STM32/bin/../lib/gcc/arm-none-eabi/14.3.1/../../../../arm-none-eabi/lib/thumb/v7e-m+fp/hard\libc_nano.a
LOAD C:/ST/STM32CubeCLT_1.22.0/GNU-tools-for-STM32/bin/../lib/gcc/arm-none-eabi/14.3.1/../../../../arm-none-eabi/lib/thumb/v7e-m+fp/hard\libnosys.a
END GROUP
START GROUP
LOAD C:/ST/STM32CubeCLT_1.22.0/GNU-tools-for-STM32/bin/../lib/gcc/arm-none-eabi/14.3.1/thumb/v7e-m+fp/hard\libgcc.a
LOAD C:/ST/STM32CubeCLT_1.22.0/GNU-tools-for-STM32/bin/../lib/gcc/arm-none-eabi/14.3.1/../../../../arm-none-eabi/lib/thumb/v7e-m+fp/hard\libc_nano.a
LOAD C:/ST/STM32CubeCLT_1.22.0/GNU-tools-for-STM32/bin/../lib/gcc/arm-none-eabi/14.3.1/../../../../arm-none-eabi/lib/thumb/v7e-m+fp/hard\libnosys.a
END GROUP
LOAD C:/ST/STM32CubeCLT_1.22.0/GNU-tools-for-STM32/bin/../lib/gcc/arm-none-eabi/14.3.1/thumb/v7e-m+fp/hard/crtend.o
LOAD C:/ST/STM32CubeCLT_1.22.0/GNU-tools-for-STM32/bin/../lib/gcc/arm-none-eabi/14.3.1/thumb/v7e-m+fp/hard/crtn.o
                0x20010000                        _estack = (ORIGIN (RAM) + LENGTH (RAM))
                0x00000200                        _Min_Heap_Size = 0x200
                0x00000400                        _Min_Stack_Size = 0x400

.isr_vector     0x08000000      0x194
                0x08000000                        . = ALIGN (0x4)
 *(.isr_vector)
 .isr_vector    0x08000000      0x194 ./Core/Startup/startup_stm32f401ccux.o
                0x08000000                g_pfnVectors
                0x08000194                        . = ALIGN (0x4)

.text           0x080001a0     0xa854
                0x080001a0                        . = ALIGN (0x4)
 *(.text)
 .text          0x080001a0       0x40 C:/ST/STM32CubeCLT_1.22.0/GNU-tools-for-STM32/bin/../lib/gcc/arm-none-eabi/14.3.1/thumb/v7e-m+fp/hard/crtbegin.o
 .text          0x080001e0       0xa0 C:/ST/STM32CubeCLT_1.22.0/GNU-tools-for-STM32/bin/../lib/gcc/arm-none-eabi/14.3.1/../../../../arm-none-eabi/lib/thumb/v7e-m+fp/hard\libc_nano.a(libc_a-memchr.o)
                0x080001e0                memchr
 .text          0x08000280       0x30 C:/ST/STM32CubeCLT_1.22.0/GNU-tools-for-STM32/bin/../lib/gcc/arm-none-eabi/14.3.1/thumb/v7e-m+fp/hard\libgcc.a(_aeabi_uldivmod.o)
                0x08000280                __aeabi_uldivmod
 .text          0x080002b0      0x2f8 C:/ST/STM32CubeCLT_1.22.0/GNU-tools-for-STM32/bin/../lib/gcc/arm-none-eabi/14.3.1/thumb/v7e-m+fp/hard\libgcc.a(_udivmoddi4.o)
                0x080002b0                __udivmoddi4
 .text          0x080005a8        0x4 C:/ST/STM32CubeCLT_1.22.0/GNU-tools-for-STM32/bin/../lib/gcc/arm-none-eabi/14.3.1/thumb/v7e-m+fp/hard\libgcc.a(_dvmd_tls.o)
                0x080005a8                __aeabi_idiv0
                0x080005a8                __aeabi_ldiv0
 *(.text*)
 .text.Calib_Load_From_Flash
                0x080005ac       0x64 ./Core/Src/VL53L.o
 .text.Calib_Save_To_Flash
                0x08000610       0xc0 ./Core/Src/VL53L.o
 .text.HAL_GPIO_EXTI_Callback
                0x080006d0       0x28 ./Core/Src/VL53L.o
                0x080006d0                HAL_GPIO_EXTI_Callback
 .text.HAL_UART_RxCpltCallback
                0x080006f8       0x74 ./Core/Src/VL53L.o
                0x080006f8                HAL_UART_RxCpltCallback
 .text.HAL_UART_TxCpltCallback
                0x0800076c       0x14 ./Core/Src/VL53L.o
                0x0800076c                HAL_UART_TxCpltCallback
 .text.Filter_TrimmedMovingAverage
                0x08000780      0x1d0 ./Core/Src/VL53L.o
 .text.VL53L_TriggerCalib
                0x08000950       0x40 ./Core/Src/VL53L.o
                0x08000950                VL53L_TriggerCalib
 .text.Build_Mitsubishi_Batch_Write_6Words
                0x08000990      0x2f4 ./Core/Src/VL53L.o
 .text.Try_Init_Sensor
                0x08000c84       0xc4 ./Core/Src/VL53L.o
 .text.VL53L_Init
                0x08000d48       0x24 ./Core/Src/VL53L.o
                0x08000d48                VL53L_Init
 .text.VL53L_Task_Sensor
                0x08000d6c      0x150 ./Core/Src/VL53L.o
                0x08000d6c                VL53L_Task_Sensor
 .text.VL53L_Task_PLC
                0x08000ebc       0x9c ./Core/Src/VL53L.o
                0x08000ebc                VL53L_Task_PLC
 .text.VL53L1X_BootState
                0x08000f58       0x4e ./Core/Src/VL53L1X_api.o
                0x08000f58                VL53L1X_BootState
 *fill*         0x08000fa6        0x2 
 .text.VL53L1X_SensorInit
                0x08000fa8       0xe8 ./Core/Src/VL53L1X_api.o
                0x08000fa8                VL53L1X_SensorInit
 .text.VL53L1X_ClearInterrupt
                0x08001090       0x22 ./Core/Src/VL53L1X_api.o
                0x08001090                VL53L1X_ClearInterrupt
 .text.VL53L1X_GetInterruptPolarity
                0x080010b2       0x48 ./Core/Src/VL53L1X_api.o
                0x080010b2                VL53L1X_GetInterruptPolarity
 .text.VL53L1X_StartRanging
                0x080010fa       0x22 ./Core/Src/VL53L1X_api.o
                0x080010fa                VL53L1X_StartRanging
 .text.VL53L1X_StopRanging
                0x0800111c       0x22 ./Core/Src/VL53L1X_api.o
                0x0800111c                VL53L1X_StopRanging
 .text.VL53L1X_CheckForDataReady
                0x0800113e       0x64 ./Core/Src/VL53L1X_api.o
                0x0800113e                VL53L1X_CheckForDataReady
 .text.VL53L1X_SetTimingBudgetInMs
                0x080011a2      0x220 ./Core/Src/VL53L1X_api.o
                0x080011a2                VL53L1X_SetTimingBudgetInMs
 .text.VL53L1X_GetTimingBudgetInMs
                0x080013c2       0xfa ./Core/Src/VL53L1X_api.o
                0x080013c2                VL53L1X_GetTimingBudgetInMs
 .text.VL53L1X_SetDistanceMode
                0x080014bc      0x19a ./Core/Src/VL53L1X_api.o
                0x080014bc                VL53L1X_SetDistanceMode
 .text.VL53L1X_GetDistanceMode
                0x08001656       0x4a ./Core/Src/VL53L1X_api.o
                0x08001656                VL53L1X_GetDistanceMode
 .text.VL53L1X_SetInterMeasurementInMs
                0x080016a0       0x64 ./Core/Src/VL53L1X_api.o
                0x080016a0                VL53L1X_SetInterMeasurementInMs
 .text.VL53L1X_GetSensorId
                0x08001704       0x26 ./Core/Src/VL53L1X_api.o
                0x08001704                VL53L1X_GetSensorId
 .text.VL53L1X_GetDistance
                0x0800172a       0x24 ./Core/Src/VL53L1X_api.o
                0x0800172a                VL53L1X_GetDistance
 *fill*         0x0800174e        0x2 
 .text.VL53L1X_GetRangeStatus
                0x08001750       0x9c ./Core/Src/VL53L1X_api.o
                0x08001750                VL53L1X_GetRangeStatus
 .text.MX_DMA_Init
                0x080017ec       0x50 ./Core/Src/dma.o
                0x080017ec                MX_DMA_Init
 .text.MX_FREERTOS_Init
                0x0800183c       0x5c ./Core/Src/freertos.o
                0x0800183c                MX_FREERTOS_Init
 .text.VL53_F   0x08001898       0x1a ./Core/Src/freertos.o
                0x08001898                VL53_F
 .text.PLC_F    0x080018b2       0x1e ./Core/Src/freertos.o
                0x080018b2                PLC_F
 .text.OLED096_F
                0x080018d0       0x22 ./Core/Src/freertos.o
                0x080018d0                OLED096_F
 *fill*         0x080018f2        0x2 
 .text.MX_GPIO_Init
                0x080018f4       0xf0 ./Core/Src/gpio.o
                0x080018f4                MX_GPIO_Init
 .text.MX_I2C1_Init
                0x080019e4       0x5c ./Core/Src/i2c.o
                0x080019e4                MX_I2C1_Init
 .text.MX_I2C2_Init
                0x08001a40       0x5c ./Core/Src/i2c.o
                0x08001a40                MX_I2C2_Init
 .text.HAL_I2C_MspInit
                0x08001a9c      0x11c ./Core/Src/i2c.o
                0x08001a9c                HAL_I2C_MspInit
 .text.main     0x08001bb8       0x30 ./Core/Src/main.o
                0x08001bb8                main
 .text.SystemClock_Config
                0x08001be8       0xd4 ./Core/Src/main.o
                0x08001be8                SystemClock_Config
 .text.HAL_TIM_PeriodElapsedCallback
                0x08001cbc       0x24 ./Core/Src/main.o
                0x08001cbc                HAL_TIM_PeriodElapsedCallback
 .text.Error_Handler
                0x08001ce0        0xc ./Core/Src/main.o
                0x08001ce0                Error_Handler
 .text.OLED_WriteCommand
                0x08001cec       0x38 ./Core/Src/oled_ssd1306.o
 .text.OLED_Init
                0x08001d24      0x10c ./Core/Src/oled_ssd1306.o
                0x08001d24                OLED_Init
 .text.OLED_Clear
                0x08001e30       0x18 ./Core/Src/oled_ssd1306.o
                0x08001e30                OLED_Clear
 .text.OLED_UpdateScreen
                0x08001e48       0x90 ./Core/Src/oled_ssd1306.o
                0x08001e48                OLED_UpdateScreen
 .text.OLED_DrawPixel
                0x08001ed8       0xa8 ./Core/Src/oled_ssd1306.o
 .text.OLED_DrawChar_Font
                0x08001f80      0x280 ./Core/Src/oled_ssd1306.o
                0x08001f80                OLED_DrawChar_Font
 .text.OLED_DrawString_Font
                0x08002200       0x72 ./Core/Src/oled_ssd1306.o
                0x08002200                OLED_DrawString_Font
 *fill*         0x08002272        0x2 
 .text.OLED_Show_Full_6Registers
                0x08002274      0x118 ./Core/Src/oled_ssd1306.o
 .text.OLED_Show_Big_Distance_View
                0x0800238c       0xc8 ./Core/Src/oled_ssd1306.o
 .text.OLED_Task_Run
                0x08002454       0x58 ./Core/Src/oled_ssd1306.o
                0x08002454                OLED_Task_Run
 .text.HAL_MspInit
                0x080024ac       0x58 ./Core/Src/stm32f4xx_hal_msp.o
                0x080024ac                HAL_MspInit
 .text.HAL_InitTick
                0x08002504       0xe4 ./Core/Src/stm32f4xx_hal_timebase_tim.o
                0x08002504                HAL_InitTick
 .text.NMI_Handler
                0x080025e8        0x8 ./Core/Src/stm32f4xx_it.o
                0x080025e8                NMI_Handler
 .text.HardFault_Handler
                0x080025f0        0x8 ./Core/Src/stm32f4xx_it.o
                0x080025f0                HardFault_Handler
 .text.MemManage_Handler
                0x080025f8        0x8 ./Core/Src/stm32f4xx_it.o
                0x080025f8                MemManage_Handler
 .text.BusFault_Handler
                0x08002600        0x8 ./Core/Src/stm32f4xx_it.o
                0x08002600                BusFault_Handler
 .text.UsageFault_Handler
                0x08002608        0x8 ./Core/Src/stm32f4xx_it.o
                0x08002608                UsageFault_Handler
 .text.DebugMon_Handler
                0x08002610        0xe ./Core/Src/stm32f4xx_it.o
                0x08002610                DebugMon_Handler
 .text.EXTI9_5_IRQHandler
                0x0800261e        0xe ./Core/Src/stm32f4xx_it.o
                0x0800261e                EXTI9_5_IRQHandler
 .text.TIM1_BRK_TIM9_IRQHandler
                0x0800262c       0x14 ./Core/Src/stm32f4xx_it.o
                0x0800262c                TIM1_BRK_TIM9_IRQHandler
 .text.DMA2_Stream1_IRQHandler
                0x08002640       0x14 ./Core/Src/stm32f4xx_it.o
                0x08002640                DMA2_Stream1_IRQHandler
 .text.DMA2_Stream6_IRQHandler
                0x08002654       0x14 ./Core/Src/stm32f4xx_it.o
                0x08002654                DMA2_Stream6_IRQHandler
 .text.USART6_IRQHandler
                0x08002668       0x14 ./Core/Src/stm32f4xx_it.o
                0x08002668                USART6_IRQHandler
 .text._sbrk    0x0800267c       0x6c ./Core/Src/sysmem.o
                0x0800267c                _sbrk
 .text.SystemInit
                0x080026e8       0x24 ./Core/Src/system_stm32f4xx.o
                0x080026e8                SystemInit
 .text.MX_USART6_UART_Init
                0x0800270c       0x58 ./Core/Src/usart.o
                0x0800270c                MX_USART6_UART_Init
 .text.HAL_UART_MspInit
                0x08002764      0x16c ./Core/Src/usart.o
                0x08002764                HAL_UART_MspInit
 .text.VL53L1_WrByte
                0x080028d0       0x48 ./Core/Src/vl53l1_platform.o
                0x080028d0                VL53L1_WrByte
 .text.VL53L1_WrWord
                0x08002918       0x5c ./Core/Src/vl53l1_platform.o
                0x08002918                VL53L1_WrWord
 .text.VL53L1_WrDWord
                0x08002974       0x68 ./Core/Src/vl53l1_platform.o
                0x08002974                VL53L1_WrDWord
 .text.VL53L1_RdByte
                0x080029dc       0x48 ./Core/Src/vl53l1_platform.o
                0x080029dc                VL53L1_RdByte
 .text.VL53L1_RdWord
                0x08002a24       0x60 ./Core/Src/vl53l1_platform.o
                0x08002a24                VL53L1_RdWord
 .text.Reset_Handler
                0x08002a84       0x50 ./Core/Startup/startup_stm32f401ccux.o
                0x08002a84                Reset_Handler
 .text.Default_Handler
                0x08002ad4        0x2 ./Core/Startup/startup_stm32f401ccux.o
                0x08002ad4                RTC_Alarm_IRQHandler
                0x08002ad4                EXTI2_IRQHandler
                0x08002ad4                SPI4_IRQHandler
                0x08002ad4                TIM1_CC_IRQHandler
                0x08002ad4                DMA2_Stream5_IRQHandler
                0x08002ad4                DMA1_Stream5_IRQHandler
                0x08002ad4                PVD_IRQHandler
                0x08002ad4                SDIO_IRQHandler
                0x08002ad4                TAMP_STAMP_IRQHandler
                0x08002ad4                EXTI3_IRQHandler
                0x08002ad4                TIM1_UP_TIM10_IRQHandler
                0x08002ad4                I2C3_ER_IRQHandler
                0x08002ad4                EXTI0_IRQHandler
                0x08002ad4                I2C2_EV_IRQHandler
                0x08002ad4                DMA1_Stream2_IRQHandler
                0x08002ad4                FPU_IRQHandler
                0x08002ad4                DMA2_Stream2_IRQHandler
                0x08002ad4                SPI1_IRQHandler
                0x08002ad4                DMA2_Stream3_IRQHandler
                0x08002ad4                DMA2_Stream0_IRQHandler
                0x08002ad4                TIM4_IRQHandler
                0x08002ad4                I2C1_EV_IRQHandler
                0x08002ad4                DMA1_Stream6_IRQHandler
                0x08002ad4                DMA1_Stream1_IRQHandler
                0x08002ad4                TIM3_IRQHandler
                0x08002ad4                RCC_IRQHandler
                0x08002ad4                Default_Handler
                0x08002ad4                EXTI15_10_IRQHandler
                0x08002ad4                ADC_IRQHandler
                0x08002ad4                DMA1_Stream7_IRQHandler
                0x08002ad4                TIM5_IRQHandler
                0x08002ad4                DMA2_Stream7_IRQHandler
                0x08002ad4                I2C3_EV_IRQHandler
                0x08002ad4                RTC_WKUP_IRQHandler
                0x08002ad4                SPI2_IRQHandler
                0x08002ad4                DMA1_Stream0_IRQHandler
                0x08002ad4                EXTI4_IRQHandler
                0x08002ad4                WWDG_IRQHandler
                0x08002ad4                TIM2_IRQHandler
                0x08002ad4                OTG_FS_WKUP_IRQHandler
                0x08002ad4                TIM1_TRG_COM_TIM11_IRQHandler
                0x08002ad4                EXTI1_IRQHandler
                0x08002ad4                USART2_IRQHandler
                0x08002ad4                I2C2_ER_IRQHandler
                0x08002ad4                FLASH_IRQHandler
                0x08002ad4                DMA2_Stream4_IRQHandler
                0x08002ad4                USART1_IRQHandler
                0x08002ad4                OTG_FS_IRQHandler
                0x08002ad4                SPI3_IRQHandler
                0x08002ad4                DMA1_Stream4_IRQHandler
                0x08002ad4                I2C1_ER_IRQHandler
                0x08002ad4                DMA1_Stream3_IRQHandler
 *fill*         0x08002ad6        0x2 
 .text.HAL_Init
                0x08002ad8       0x44 ./Drivers/STM32F4xx_HAL_Driver/Src/stm32f4xx_hal.o
                0x08002ad8                HAL_Init
 .text.HAL_IncTick
                0x08002b1c       0x28 ./Drivers/STM32F4xx_HAL_Driver/Src/stm32f4xx_hal.o
                0x08002b1c                HAL_IncTick
 .text.HAL_GetTick
                0x08002b44       0x18 ./Drivers/STM32F4xx_HAL_Driver/Src/stm32f4xx_hal.o
                0x08002b44                HAL_GetTick
 .text.__NVIC_SetPriorityGrouping
                0x08002b5c       0x48 ./Drivers/STM32F4xx_HAL_Driver/Src/stm32f4xx_hal_cortex.o
 .text.__NVIC_GetPriorityGrouping
                0x08002ba4       0x1c ./Drivers/STM32F4xx_HAL_Driver/Src/stm32f4xx_hal_cortex.o
 .text.__NVIC_EnableIRQ
                0x08002bc0       0x3c ./Drivers/STM32F4xx_HAL_Driver/Src/stm32f4xx_hal_cortex.o
 .text.__NVIC_SetPriority
                0x08002bfc       0x54 ./Drivers/STM32F4xx_HAL_Driver/Src/stm32f4xx_hal_cortex.o
 .text.NVIC_EncodePriority
                0x08002c50       0x66 ./Drivers/STM32F4xx_HAL_Driver/Src/stm32f4xx_hal_cortex.o
 .text.HAL_NVIC_SetPriorityGrouping
                0x08002cb6       0x16 ./Drivers/STM32F4xx_HAL_Driver/Src/stm32f4xx_hal_cortex.o
                0x08002cb6                HAL_NVIC_SetPriorityGrouping
 .text.HAL_NVIC_SetPriority
                0x08002ccc       0x38 ./Drivers/STM32F4xx_HAL_Driver/Src/stm32f4xx_hal_cortex.o
                0x08002ccc                HAL_NVIC_SetPriority
 .text.HAL_NVIC_EnableIRQ
                0x08002d04       0x1c ./Drivers/STM32F4xx_HAL_Driver/Src/stm32f4xx_hal_cortex.o
                0x08002d04                HAL_NVIC_EnableIRQ
 .text.HAL_DMA_Init
                0x08002d20      0x15c ./Drivers/STM32F4xx_HAL_Driver/Src/stm32f4xx_hal_dma.o
                0x08002d20                HAL_DMA_Init
 .text.HAL_DMA_Start_IT
                0x08002e7c       0xb0 ./Drivers/STM32F4xx_HAL_Driver/Src/stm32f4xx_hal_dma.o
                0x08002e7c                HAL_DMA_Start_IT
 .text.HAL_DMA_Abort
                0x08002f2c       0xe0 ./Drivers/STM32F4xx_HAL_Driver/Src/stm32f4xx_hal_dma.o
                0x08002f2c                HAL_DMA_Abort
 .text.HAL_DMA_Abort_IT
                0x0800300c       0x44 ./Drivers/STM32F4xx_HAL_Driver/Src/stm32f4xx_hal_dma.o
                0x0800300c                HAL_DMA_Abort_IT
 .text.HAL_DMA_IRQHandler
                0x08003050      0x314 ./Drivers/STM32F4xx_HAL_Driver/Src/stm32f4xx_hal_dma.o
                0x08003050                HAL_DMA_IRQHandler
 .text.DMA_SetConfig
                0x08003364       0x5c ./Drivers/STM32F4xx_HAL_Driver/Src/stm32f4xx_hal_dma.o
 .text.DMA_CalcBaseAndBitshift
                0x080033c0       0x6c ./Drivers/STM32F4xx_HAL_Driver/Src/stm32f4xx_hal_dma.o
 .text.DMA_CheckFifoParam
                0x0800342c       0xf8 ./Drivers/STM32F4xx_HAL_Driver/Src/stm32f4xx_hal_dma.o
 .text.HAL_FLASH_Program
                0x08003524       0xa4 ./Drivers/STM32F4xx_HAL_Driver/Src/stm32f4xx_hal_flash.o
                0x08003524                HAL_FLASH_Program
 .text.HAL_FLASH_Unlock
                0x080035c8       0x44 ./Drivers/STM32F4xx_HAL_Driver/Src/stm32f4xx_hal_flash.o
                0x080035c8                HAL_FLASH_Unlock
 .text.HAL_FLASH_Lock
                0x0800360c       0x20 ./Drivers/STM32F4xx_HAL_Driver/Src/stm32f4xx_hal_flash.o
                0x0800360c                HAL_FLASH_Lock
 .text.FLASH_WaitForLastOperation
                0x0800362c       0x80 ./Drivers/STM32F4xx_HAL_Driver/Src/stm32f4xx_hal_flash.o
                0x0800362c                FLASH_WaitForLastOperation
 .text.FLASH_Program_DoubleWord
                0x080036ac       0x64 ./Drivers/STM32F4xx_HAL_Driver/Src/stm32f4xx_hal_flash.o
 .text.FLASH_Program_Word
                0x08003710       0x44 ./Drivers/STM32F4xx_HAL_Driver/Src/stm32f4xx_hal_flash.o
 .text.FLASH_Program_HalfWord
                0x08003754       0x48 ./Drivers/STM32F4xx_HAL_Driver/Src/stm32f4xx_hal_flash.o
 .text.FLASH_Program_Byte
                0x0800379c       0x44 ./Drivers/STM32F4xx_HAL_Driver/Src/stm32f4xx_hal_flash.o
 .text.FLASH_SetErrorCode
                0x080037e0       0xcc ./Drivers/STM32F4xx_HAL_Driver/Src/stm32f4xx_hal_flash.o
 .text.HAL_FLASHEx_Erase
                0x080038ac       0xdc ./Drivers/STM32F4xx_HAL_Driver/Src/stm32f4xx_hal_flash_ex.o
                0x080038ac                HAL_FLASHEx_Erase
 .text.FLASH_MassErase
                0x08003988       0x48 ./Drivers/STM32F4xx_HAL_Driver/Src/stm32f4xx_hal_flash_ex.o
 .text.FLASH_Erase_Sector
                0x080039d0       0x90 ./Drivers/STM32F4xx_HAL_Driver/Src/stm32f4xx_hal_flash_ex.o
                0x080039d0                FLASH_Erase_Sector
 .text.FLASH_FlushCaches
                0x08003a60       0x8c ./Drivers/STM32F4xx_HAL_Driver/Src/stm32f4xx_hal_flash_ex.o
                0x08003a60                FLASH_FlushCaches
 .text.HAL_GPIO_Init
                0x08003aec      0x308 ./Drivers/STM32F4xx_HAL_Driver/Src/stm32f4xx_hal_gpio.o
                0x08003aec                HAL_GPIO_Init
 .text.HAL_GPIO_WritePin
                0x08003df4       0x32 ./Drivers/STM32F4xx_HAL_Driver/Src/stm32f4xx_hal_gpio.o
                0x08003df4                HAL_GPIO_WritePin
 .text.HAL_GPIO_TogglePin
                0x08003e26       0x34 ./Drivers/STM32F4xx_HAL_Driver/Src/stm32f4xx_hal_gpio.o
                0x08003e26                HAL_GPIO_TogglePin
 *fill*         0x08003e5a        0x2 
 .text.HAL_GPIO_EXTI_IRQHandler
                0x08003e5c       0x30 ./Drivers/STM32F4xx_HAL_Driver/Src/stm32f4xx_hal_gpio.o
                0x08003e5c                HAL_GPIO_EXTI_IRQHandler
 .text.HAL_I2C_Init
                0x08003e8c      0x288 ./Drivers/STM32F4xx_HAL_Driver/Src/stm32f4xx_hal_i2c.o
                0x08003e8c                HAL_I2C_Init
 .text.HAL_I2C_Master_Transmit
                0x08004114      0x1fc ./Drivers/STM32F4xx_HAL_Driver/Src/stm32f4xx_hal_i2c.o
                0x08004114                HAL_I2C_Master_Transmit
 .text.HAL_I2C_Mem_Write
                0x08004310      0x1f4 ./Drivers/STM32F4xx_HAL_Driver/Src/stm32f4xx_hal_i2c.o
                0x08004310                HAL_I2C_Mem_Write
 .text.HAL_I2C_Mem_Read
                0x08004504      0x464 ./Drivers/STM32F4xx_HAL_Driver/Src/stm32f4xx_hal_i2c.o
                0x08004504                HAL_I2C_Mem_Read
 .text.HAL_I2C_IsDeviceReady
                0x08004968      0x25c ./Drivers/STM32F4xx_HAL_Driver/Src/stm32f4xx_hal_i2c.o
                0x08004968                HAL_I2C_IsDeviceReady
 .text.I2C_MasterRequestWrite
                0x08004bc4      0x104 ./Drivers/STM32F4xx_HAL_Driver/Src/stm32f4xx_hal_i2c.o
 .text.I2C_RequestMemoryWrite
                0x08004cc8      0x12c ./Drivers/STM32F4xx_HAL_Driver/Src/stm32f4xx_hal_i2c.o
 .text.I2C_RequestMemoryRead
                0x08004df4      0x1d0 ./Drivers/STM32F4xx_HAL_Driver/Src/stm32f4xx_hal_i2c.o
 .text.I2C_WaitOnFlagUntilTimeout
                0x08004fc4       0xf4 ./Drivers/STM32F4xx_HAL_Driver/Src/stm32f4xx_hal_i2c.o
 .text.I2C_WaitOnMasterAddressFlagUntilTimeout
                0x080050b8      0x140 ./Drivers/STM32F4xx_HAL_Driver/Src/stm32f4xx_hal_i2c.o
 .text.I2C_WaitOnTXEFlagUntilTimeout
                0x080051f8       0x90 ./Drivers/STM32F4xx_HAL_Driver/Src/stm32f4xx_hal_i2c.o
 .text.I2C_WaitOnBTFFlagUntilTimeout
                0x08005288       0x90 ./Drivers/STM32F4xx_HAL_Driver/Src/stm32f4xx_hal_i2c.o
 .text.I2C_WaitOnRXNEFlagUntilTimeout
                0x08005318       0xba ./Drivers/STM32F4xx_HAL_Driver/Src/stm32f4xx_hal_i2c.o
 .text.I2C_IsAcknowledgeFailed
                0x080053d2       0x5e ./Drivers/STM32F4xx_HAL_Driver/Src/stm32f4xx_hal_i2c.o
 .text.HAL_RCC_OscConfig
                0x08005430      0x4f0 ./Drivers/STM32F4xx_HAL_Driver/Src/stm32f4xx_hal_rcc.o
                0x08005430                HAL_RCC_OscConfig
 .text.HAL_RCC_ClockConfig
                0x08005920      0x1cc ./Drivers/STM32F4xx_HAL_Driver/Src/stm32f4xx_hal_rcc.o
                0x08005920                HAL_RCC_ClockConfig
 .text.HAL_RCC_GetSysClockFreq
                0x08005aec      0x188 ./Drivers/STM32F4xx_HAL_Driver/Src/stm32f4xx_hal_rcc.o
                0x08005aec                HAL_RCC_GetSysClockFreq
 .text.HAL_RCC_GetHCLKFreq
                0x08005c74       0x18 ./Drivers/STM32F4xx_HAL_Driver/Src/stm32f4xx_hal_rcc.o
                0x08005c74                HAL_RCC_GetHCLKFreq
 .text.HAL_RCC_GetPCLK1Freq
                0x08005c8c       0x28 ./Drivers/STM32F4xx_HAL_Driver/Src/stm32f4xx_hal_rcc.o
                0x08005c8c                HAL_RCC_GetPCLK1Freq
 .text.HAL_RCC_GetPCLK2Freq
                0x08005cb4       0x28 ./Drivers/STM32F4xx_HAL_Driver/Src/stm32f4xx_hal_rcc.o
                0x08005cb4                HAL_RCC_GetPCLK2Freq
 .text.HAL_RCC_GetClockConfig
                0x08005cdc       0x64 ./Drivers/STM32F4xx_HAL_Driver/Src/stm32f4xx_hal_rcc.o
                0x08005cdc                HAL_RCC_GetClockConfig
 .text.HAL_TIM_Base_Init
                0x08005d40       0x9e ./Drivers/STM32F4xx_HAL_Driver/Src/stm32f4xx_hal_tim.o
                0x08005d40                HAL_TIM_Base_Init
 .text.HAL_TIM_Base_MspInit
                0x08005dde       0x14 ./Drivers/STM32F4xx_HAL_Driver/Src/stm32f4xx_hal_tim.o
                0x08005dde                HAL_TIM_Base_MspInit
 *fill*         0x08005df2        0x2 
 .text.HAL_TIM_Base_Start_IT
                0x08005df4       0xc4 ./Drivers/STM32F4xx_HAL_Driver/Src/stm32f4xx_hal_tim.o
                0x08005df4                HAL_TIM_Base_Start_IT
 .text.HAL_TIM_IRQHandler
                0x08005eb8      0x1e0 ./Drivers/STM32F4xx_HAL_Driver/Src/stm32f4xx_hal_tim.o
                0x08005eb8                HAL_TIM_IRQHandler
 .text.HAL_TIM_OC_DelayElapsedCallback
                0x08006098       0x14 ./Drivers/STM32F4xx_HAL_Driver/Src/stm32f4xx_hal_tim.o
                0x08006098                HAL_TIM_OC_DelayElapsedCallback
 .text.HAL_TIM_IC_CaptureCallback
                0x080060ac       0x14 ./Drivers/STM32F4xx_HAL_Driver/Src/stm32f4xx_hal_tim.o
                0x080060ac                HAL_TIM_IC_CaptureCallback
 .text.HAL_TIM_PWM_PulseFinishedCallback
                0x080060c0       0x14 ./Drivers/STM32F4xx_HAL_Driver/Src/stm32f4xx_hal_tim.o
                0x080060c0                HAL_TIM_PWM_PulseFinishedCallback
 .text.HAL_TIM_TriggerCallback
                0x080060d4       0x14 ./Drivers/STM32F4xx_HAL_Driver/Src/stm32f4xx_hal_tim.o
                0x080060d4                HAL_TIM_TriggerCallback
 .text.TIM_Base_SetConfig
                0x080060e8      0x10c ./Drivers/STM32F4xx_HAL_Driver/Src/stm32f4xx_hal_tim.o
                0x080060e8                TIM_Base_SetConfig
 .text.HAL_TIMEx_CommutCallback
                0x080061f4       0x14 ./Drivers/STM32F4xx_HAL_Driver/Src/stm32f4xx_hal_tim_ex.o
                0x080061f4                HAL_TIMEx_CommutCallback
 .text.HAL_TIMEx_BreakCallback
                0x08006208       0x14 ./Drivers/STM32F4xx_HAL_Driver/Src/stm32f4xx_hal_tim_ex.o
                0x08006208                HAL_TIMEx_BreakCallback
 .text.HAL_UART_Init
                0x0800621c       0xa0 ./Drivers/STM32F4xx_HAL_Driver/Src/stm32f4xx_hal_uart.o
                0x0800621c                HAL_UART_Init
 .text.HAL_UART_Receive_IT
                0x080062bc       0x4a ./Drivers/STM32F4xx_HAL_Driver/Src/stm32f4xx_hal_uart.o
                0x080062bc                HAL_UART_Receive_IT
 *fill*         0x08006306        0x2 
 .text.HAL_UART_Transmit_DMA
                0x08006308       0xf8 ./Drivers/STM32F4xx_HAL_Driver/Src/stm32f4xx_hal_uart.o
                0x08006308                HAL_UART_Transmit_DMA
 .text.HAL_UART_IRQHandler
                0x08006400      0x554 ./Drivers/STM32F4xx_HAL_Driver/Src/stm32f4xx_hal_uart.o
                0x08006400                HAL_UART_IRQHandler
 .text.HAL_UART_TxHalfCpltCallback
                0x08006954       0x14 ./Drivers/STM32F4xx_HAL_Driver/Src/stm32f4xx_hal_uart.o
                0x08006954                HAL_UART_TxHalfCpltCallback
 .text.HAL_UART_ErrorCallback
                0x08006968       0x14 ./Drivers/STM32F4xx_HAL_Driver/Src/stm32f4xx_hal_uart.o
                0x08006968                HAL_UART_ErrorCallback
 .text.HAL_UARTEx_RxEventCallback
                0x0800697c       0x18 ./Drivers/STM32F4xx_HAL_Driver/Src/stm32f4xx_hal_uart.o
                0x0800697c                HAL_UARTEx_RxEventCallback
 .text.UART_DMATransmitCplt
                0x08006994       0x9a ./Drivers/STM32F4xx_HAL_Driver/Src/stm32f4xx_hal_uart.o
 .text.UART_DMATxHalfCplt
                0x08006a2e       0x1c ./Drivers/STM32F4xx_HAL_Driver/Src/stm32f4xx_hal_uart.o
 .text.UART_DMAError
                0x08006a4a       0x94 ./Drivers/STM32F4xx_HAL_Driver/Src/stm32f4xx_hal_uart.o
 .text.UART_Start_Receive_IT
                0x08006ade       0x74 ./Drivers/STM32F4xx_HAL_Driver/Src/stm32f4xx_hal_uart.o
                0x08006ade                UART_Start_Receive_IT
 .text.UART_EndTxTransfer
                0x08006b52       0x50 ./Drivers/STM32F4xx_HAL_Driver/Src/stm32f4xx_hal_uart.o
 .text.UART_EndRxTransfer
                0x08006ba2       0xc6 ./Drivers/STM32F4xx_HAL_Driver/Src/stm32f4xx_hal_uart.o
 .text.UART_DMAAbortOnError
                0x08006c68       0x22 ./Drivers/STM32F4xx_HAL_Driver/Src/stm32f4xx_hal_uart.o
 .text.UART_Transmit_IT
                0x08006c8a       0xa0 ./Drivers/STM32F4xx_HAL_Driver/Src/stm32f4xx_hal_uart.o
 .text.UART_EndTransmit_IT
                0x08006d2a       0x30 ./Drivers/STM32F4xx_HAL_Driver/Src/stm32f4xx_hal_uart.o
 .text.UART_Receive_IT
                0x08006d5a      0x17c ./Drivers/STM32F4xx_HAL_Driver/Src/stm32f4xx_hal_uart.o
 *fill*         0x08006ed6        0x2 
 .text.UART_SetConfig
                0x08006ed8      0x4e8 ./Drivers/STM32F4xx_HAL_Driver/Src/stm32f4xx_hal_uart.o
 .text.__NVIC_SetPriority
                0x080073c0       0x54 ./Middlewares/Third_Party/FreeRTOS/Source/CMSIS_RTOS_V2/cmsis_os2.o
 .text.SysTick_Handler
                0x08007414       0x20 ./Middlewares/Third_Party/FreeRTOS/Source/CMSIS_RTOS_V2/cmsis_os2.o
                0x08007414                SysTick_Handler
 .text.SVC_Setup
                0x08007434       0x12 ./Middlewares/Third_Party/FreeRTOS/Source/CMSIS_RTOS_V2/cmsis_os2.o
 *fill*         0x08007446        0x2 
 .text.osKernelInitialize
                0x08007448       0x48 ./Middlewares/Third_Party/FreeRTOS/Source/CMSIS_RTOS_V2/cmsis_os2.o
                0x08007448                osKernelInitialize
 .text.osKernelStart
                0x08007490       0x4c ./Middlewares/Third_Party/FreeRTOS/Source/CMSIS_RTOS_V2/cmsis_os2.o
                0x08007490                osKernelStart
 .text.osThreadNew
                0x080074dc      0x124 ./Middlewares/Third_Party/FreeRTOS/Source/CMSIS_RTOS_V2/cmsis_os2.o
                0x080074dc                osThreadNew
 .text.osDelay  0x08007600       0x36 ./Middlewares/Third_Party/FreeRTOS/Source/CMSIS_RTOS_V2/cmsis_os2.o
                0x08007600                osDelay
 *fill*         0x08007636        0x2 
 .text.vApplicationGetIdleTaskMemory
                0x08007638       0x34 ./Middlewares/Third_Party/FreeRTOS/Source/CMSIS_RTOS_V2/cmsis_os2.o
                0x08007638                vApplicationGetIdleTaskMemory
 .text.vApplicationGetTimerTaskMemory
                0x0800766c       0x34 ./Middlewares/Third_Party/FreeRTOS/Source/CMSIS_RTOS_V2/cmsis_os2.o
                0x0800766c                vApplicationGetTimerTaskMemory
 .text.vListInitialise
                0x080076a0       0x40 ./Middlewares/Third_Party/FreeRTOS/Source/list.o
                0x080076a0                vListInitialise
 .text.vListInitialiseItem
                0x080076e0       0x1a ./Middlewares/Third_Party/FreeRTOS/Source/list.o
                0x080076e0                vListInitialiseItem
 .text.vListInsertEnd
                0x080076fa       0x48 ./Middlewares/Third_Party/FreeRTOS/Source/list.o
                0x080076fa                vListInsertEnd
 .text.vListInsert
                0x08007742       0x72 ./Middlewares/Third_Party/FreeRTOS/Source/list.o
                0x08007742                vListInsert
 .text.uxListRemove
                0x080077b4       0x54 ./Middlewares/Third_Party/FreeRTOS/Source/list.o
                0x080077b4                uxListRemove
 .text.xQueueGenericReset
                0x08007808       0xd4 ./Middlewares/Third_Party/FreeRTOS/Source/queue.o
                0x08007808                xQueueGenericReset
 .text.xQueueGenericCreateStatic
                0x080078dc       0xfa ./Middlewares/Third_Party/FreeRTOS/Source/queue.o
                0x080078dc                xQueueGenericCreateStatic
 .text.prvInitialiseNewQueue
                0x080079d6       0x46 ./Middlewares/Third_Party/FreeRTOS/Source/queue.o
 .text.xQueueGenericSend
                0x08007a1c      0x204 ./Middlewares/Third_Party/FreeRTOS/Source/queue.o
                0x08007a1c                xQueueGenericSend
 .text.xQueueGenericSendFromISR
                0x08007c20      0x13c ./Middlewares/Third_Party/FreeRTOS/Source/queue.o
                0x08007c20                xQueueGenericSendFromISR
 .text.xQueueReceive
                0x08007d5c      0x1c4 ./Middlewares/Third_Party/FreeRTOS/Source/queue.o
                0x08007d5c                xQueueReceive
 .text.prvCopyDataToQueue
                0x08007f20       0xd4 ./Middlewares/Third_Party/FreeRTOS/Source/queue.o
 .text.prvCopyDataFromQueue
                0x08007ff4       0x4c ./Middlewares/Third_Party/FreeRTOS/Source/queue.o
 .text.prvUnlockQueue
                0x08008040       0xa4 ./Middlewares/Third_Party/FreeRTOS/Source/queue.o
 .text.prvIsQueueEmpty
                0x080080e4       0x2c ./Middlewares/Third_Party/FreeRTOS/Source/queue.o
 .text.prvIsQueueFull
                0x08008110       0x30 ./Middlewares/Third_Party/FreeRTOS/Source/queue.o
 .text.vQueueAddToRegistry
                0x08008140       0x54 ./Middlewares/Third_Party/FreeRTOS/Source/queue.o
                0x08008140                vQueueAddToRegistry
 .text.vQueueWaitForMessageRestricted
                0x08008194       0x68 ./Middlewares/Third_Party/FreeRTOS/Source/queue.o
                0x08008194                vQueueWaitForMessageRestricted
 .text.xTaskCreateStatic
                0x080081fc       0xc0 ./Middlewares/Third_Party/FreeRTOS/Source/tasks.o
                0x080081fc                xTaskCreateStatic
 .text.xTaskCreate
                0x080082bc       0x8a ./Middlewares/Third_Party/FreeRTOS/Source/tasks.o
                0x080082bc                xTaskCreate
 *fill*         0x08008346        0x2 
 .text.prvInitialiseNewTask
                0x08008348      0x150 ./Middlewares/Third_Party/FreeRTOS/Source/tasks.o
 .text.prvAddNewTaskToReadyList
                0x08008498       0xe0 ./Middlewares/Third_Party/FreeRTOS/Source/tasks.o
 .text.vTaskDelay
                0x08008578       0x6c ./Middlewares/Third_Party/FreeRTOS/Source/tasks.o
                0x08008578                vTaskDelay
 .text.vTaskStartScheduler
                0x080085e4       0xe0 ./Middlewares/Third_Party/FreeRTOS/Source/tasks.o
                0x080085e4                vTaskStartScheduler
 .text.vTaskSuspendAll
                0x080086c4       0x1c ./Middlewares/Third_Party/FreeRTOS/Source/tasks.o
                0x080086c4                vTaskSuspendAll
 .text.xTaskResumeAll
                0x080086e0      0x13c ./Middlewares/Third_Party/FreeRTOS/Source/tasks.o
                0x080086e0                xTaskResumeAll
 .text.xTaskGetTickCount
                0x0800881c       0x20 ./Middlewares/Third_Party/FreeRTOS/Source/tasks.o
                0x0800881c                xTaskGetTickCount
 .text.xTaskIncrementTick
                0x0800883c      0x174 ./Middlewares/Third_Party/FreeRTOS/Source/tasks.o
                0x0800883c                xTaskIncrementTick
 .text.vTaskSwitchContext
                0x080089b0       0xcc ./Middlewares/Third_Party/FreeRTOS/Source/tasks.o
                0x080089b0                vTaskSwitchContext
 .text.vTaskPlaceOnEventList
                0x08008a7c       0x4c ./Middlewares/Third_Party/FreeRTOS/Source/tasks.o
                0x08008a7c                vTaskPlaceOnEventList
 .text.vTaskPlaceOnEventListRestricted
                0x08008ac8       0x58 ./Middlewares/Third_Party/FreeRTOS/Source/tasks.o
                0x08008ac8                vTaskPlaceOnEventListRestricted
 .text.xTaskRemoveFromEventList
                0x08008b20       0xc8 ./Middlewares/Third_Party/FreeRTOS/Source/tasks.o
                0x08008b20                xTaskRemoveFromEventList
 .text.vTaskInternalSetTimeOutState
                0x08008be8       0x2c ./Middlewares/Third_Party/FreeRTOS/Source/tasks.o
                0x08008be8                vTaskInternalSetTimeOutState
 .text.xTaskCheckForTimeOut
                0x08008c14       0xc8 ./Middlewares/Third_Party/FreeRTOS/Source/tasks.o
                0x08008c14                xTaskCheckForTimeOut
 .text.vTaskMissedYield
                0x08008cdc       0x18 ./Middlewares/Third_Party/FreeRTOS/Source/tasks.o
                0x08008cdc                vTaskMissedYield
 .text.prvIdleTask
                0x08008cf4       0x30 ./Middlewares/Third_Party/FreeRTOS/Source/tasks.o
 .text.prvInitialiseTaskLists
                0x08008d24       0x80 ./Middlewares/Third_Party/FreeRTOS/Source/tasks.o
 .text.prvCheckTasksWaitingTermination
                0x08008da4       0x5c ./Middlewares/Third_Party/FreeRTOS/Source/tasks.o
 .text.prvDeleteTCB
                0x08008e00       0x6a ./Middlewares/Third_Party/FreeRTOS/Source/tasks.o
 *fill*         0x08008e6a        0x2 
 .text.prvResetNextTaskUnblockTime
                0x08008e6c       0x40 ./Middlewares/Third_Party/FreeRTOS/Source/tasks.o
 .text.xTaskGetSchedulerState
                0x08008eac       0x3c ./Middlewares/Third_Party/FreeRTOS/Source/tasks.o
                0x08008eac                xTaskGetSchedulerState
 .text.xTaskPriorityDisinherit
                0x08008ee8       0xe0 ./Middlewares/Third_Party/FreeRTOS/Source/tasks.o
                0x08008ee8                xTaskPriorityDisinherit
 .text.prvAddCurrentTaskToDelayedList
                0x08008fc8       0xa8 ./Middlewares/Third_Party/FreeRTOS/Source/tasks.o
 .text.xTimerCreateTimerTask
                0x08009070       0x94 ./Middlewares/Third_Party/FreeRTOS/Source/timers.o
                0x08009070                xTimerCreateTimerTask
 .text.xTimerGenericCommand
                0x08009104       0x9c ./Middlewares/Third_Party/FreeRTOS/Source/timers.o
                0x08009104                xTimerGenericCommand
 .text.prvProcessExpiredTimer
                0x080091a0       0x9c ./Middlewares/Third_Party/FreeRTOS/Source/timers.o
 .text.prvTimerTask
                0x0800923c       0x26 ./Middlewares/Third_Party/FreeRTOS/Source/timers.o
 *fill*         0x08009262        0x2 
 .text.prvProcessTimerOrBlockTask
                0x08009264       0x9c ./Middlewares/Third_Party/FreeRTOS/Source/timers.o
 .text.prvGetNextExpireTime
                0x08009300       0x48 ./Middlewares/Third_Party/FreeRTOS/Source/timers.o
 .text.prvSampleTimeNow
                0x08009348       0x40 ./Middlewares/Third_Party/FreeRTOS/Source/timers.o
 .text.prvInsertTimerInActiveList
                0x08009388       0x84 ./Middlewares/Third_Party/FreeRTOS/Source/timers.o
 .text.prvProcessReceivedCommands
                0x0800940c      0x1cc ./Middlewares/Third_Party/FreeRTOS/Source/timers.o
 .text.prvSwitchTimerLists
                0x080095d8       0xcc ./Middlewares/Third_Party/FreeRTOS/Source/timers.o
 .text.prvCheckForValidListAndQueue
                0x080096a4       0x80 ./Middlewares/Third_Party/FreeRTOS/Source/timers.o
 .text.pxPortInitialiseStack
                0x08009724       0x68 ./Middlewares/Third_Party/FreeRTOS/Source/portable/GCC/ARM_CM4F/port.o
                0x08009724                pxPortInitialiseStack
 .text.prvTaskExitError
                0x0800978c       0x5c ./Middlewares/Third_Party/FreeRTOS/Source/portable/GCC/ARM_CM4F/port.o
 *fill*         0x080097e8        0x8 
 .text.SVC_Handler
                0x080097f0       0x28 ./Middlewares/Third_Party/FreeRTOS/Source/portable/GCC/ARM_CM4F/port.o
                0x080097f0                SVC_Handler
 .text.prvPortStartFirstTask
                0x08009818       0x28 ./Middlewares/Third_Party/FreeRTOS/Source/portable/GCC/ARM_CM4F/port.o
 .text.xPortStartScheduler
                0x08009840      0x148 ./Middlewares/Third_Party/FreeRTOS/Source/portable/GCC/ARM_CM4F/port.o
                0x08009840                xPortStartScheduler
 .text.vPortEnterCritical
                0x08009988       0x64 ./Middlewares/Third_Party/FreeRTOS/Source/portable/GCC/ARM_CM4F/port.o
                0x08009988                vPortEnterCritical
 .text.vPortExitCritical
                0x080099ec       0x54 ./Middlewares/Third_Party/FreeRTOS/Source/portable/GCC/ARM_CM4F/port.o
                0x080099ec                vPortExitCritical
 .text.PendSV_Handler
                0x08009a40       0x68 ./Middlewares/Third_Party/FreeRTOS/Source/portable/GCC/ARM_CM4F/port.o
                0x08009a40                PendSV_Handler
 .text.xPortSysTickHandler
                0x08009aa8       0x44 ./Middlewares/Third_Party/FreeRTOS/Source/portable/GCC/ARM_CM4F/port.o
                0x08009aa8                xPortSysTickHandler
 .text.vPortSetupTimerInterrupt
                0x08009aec       0x48 ./Middlewares/Third_Party/FreeRTOS/Source/portable/GCC/ARM_CM4F/port.o
                0x08009aec                vPortSetupTimerInterrupt
 .text.vPortEnableVFP
                0x08009b34       0x14 ./Middlewares/Third_Party/FreeRTOS/Source/portable/GCC/ARM_CM4F/port.o
 .text.vPortValidateInterruptPriority
                0x08009b48       0x84 ./Middlewares/Third_Party/FreeRTOS/Source/portable/GCC/ARM_CM4F/port.o
                0x08009b48                vPortValidateInterruptPriority
 .text.pvPortMalloc
                0x08009bcc      0x19c ./Middlewares/Third_Party/FreeRTOS/Source/portable/MemMang/heap_4.o
                0x08009bcc                pvPortMalloc
 .text.vPortFree
                0x08009d68       0xc8 ./Middlewares/Third_Party/FreeRTOS/Source/portable/MemMang/heap_4.o
                0x08009d68                vPortFree
 .text.prvHeapInit
                0x08009e30       0xc4 ./Middlewares/Third_Party/FreeRTOS/Source/portable/MemMang/heap_4.o
 .text.prvInsertBlockIntoFreeList
                0x08009ef4       0xb4 ./Middlewares/Third_Party/FreeRTOS/Source/portable/MemMang/heap_4.o
 .text.snprintf
                0x08009fa8       0x6c C:/ST/STM32CubeCLT_1.22.0/GNU-tools-for-STM32/bin/../lib/gcc/arm-none-eabi/14.3.1/../../../../arm-none-eabi/lib/thumb/v7e-m+fp/hard\libc_nano.a(libc_a-snprintf.o)
                0x08009fa8                sniprintf
                0x08009fa8                snprintf
 .text.memset   0x0800a014       0x10 C:/ST/STM32CubeCLT_1.22.0/GNU-tools-for-STM32/bin/../lib/gcc/arm-none-eabi/14.3.1/../../../../arm-none-eabi/lib/thumb/v7e-m+fp/hard\libc_nano.a(libc_a-memset.o)
                0x0800a014                memset
 .text._reclaim_reent
                0x0800a024       0xbc C:/ST/STM32CubeCLT_1.22.0/GNU-tools-for-STM32/bin/../lib/gcc/arm-none-eabi/14.3.1/../../../../arm-none-eabi/lib/thumb/v7e-m+fp/hard\libc_nano.a(libc_a-reent.o)
                0x0800a024                _reclaim_reent
 .text.__errno  0x0800a0e0        0xc C:/ST/STM32CubeCLT_1.22.0/GNU-tools-for-STM32/bin/../lib/gcc/arm-none-eabi/14.3.1/../../../../arm-none-eabi/lib/thumb/v7e-m+fp/hard\libc_nano.a(libc_a-errno.o)
                0x0800a0e0                __errno
 .text.__libc_init_array
                0x0800a0ec       0x48 C:/ST/STM32CubeCLT_1.22.0/GNU-tools-for-STM32/bin/../lib/gcc/arm-none-eabi/14.3.1/../../../../arm-none-eabi/lib/thumb/v7e-m+fp/hard\libc_nano.a(libc_a-init.o)
                0x0800a0ec                __libc_init_array
 .text.__retarget_lock_acquire_recursive
                0x0800a134        0x2 C:/ST/STM32CubeCLT_1.22.0/GNU-tools-for-STM32/bin/../lib/gcc/arm-none-eabi/14.3.1/../../../../arm-none-eabi/lib/thumb/v7e-m+fp/hard\libc_nano.a(libc_a-lock.o)
                0x0800a134                __retarget_lock_acquire_recursive
 .text.__retarget_lock_release_recursive
                0x0800a136        0x2 C:/ST/STM32CubeCLT_1.22.0/GNU-tools-for-STM32/bin/../lib/gcc/arm-none-eabi/14.3.1/../../../../arm-none-eabi/lib/thumb/v7e-m+fp/hard\libc_nano.a(libc_a-lock.o)
                0x0800a136                __retarget_lock_release_recursive
 .text.memcpy   0x0800a138       0x1c C:/ST/STM32CubeCLT_1.22.0/GNU-tools-for-STM32/bin/../lib/gcc/arm-none-eabi/14.3.1/../../../../arm-none-eabi/lib/thumb/v7e-m+fp/hard\libc_nano.a(libc_a-memcpy-stub.o)
                0x0800a138                memcpy
 .text._free_r  0x0800a154       0x94 C:/ST/STM32CubeCLT_1.22.0/GNU-tools-for-STM32/bin/../lib/gcc/arm-none-eabi/14.3.1/../../../../arm-none-eabi/lib/thumb/v7e-m+fp/hard\libc_nano.a(libc_a-freer.o)
                0x0800a154                _free_r
 .text.sbrk_aligned
                0x0800a1e8       0x44 C:/ST/STM32CubeCLT_1.22.0/GNU-tools-for-STM32/bin/../lib/gcc/arm-none-eabi/14.3.1/../../../../arm-none-eabi/lib/thumb/v7e-m+fp/hard\libc_nano.a(libc_a-mallocr.o)
 .text._malloc_r
                0x0800a22c      0x100 C:/ST/STM32CubeCLT_1.22.0/GNU-tools-for-STM32/bin/../lib/gcc/arm-none-eabi/14.3.1/../../../../arm-none-eabi/lib/thumb/v7e-m+fp/hard\libc_nano.a(libc_a-mallocr.o)
                0x0800a22c                _malloc_r
 .text.__malloc_lock
                0x0800a32c        0xc C:/ST/STM32CubeCLT_1.22.0/GNU-tools-for-STM32/bin/../lib/gcc/arm-none-eabi/14.3.1/../../../../arm-none-eabi/lib/thumb/v7e-m+fp/hard\libc_nano.a(libc_a-mlock.o)
                0x0800a32c                __malloc_lock
 .text.__malloc_unlock
                0x0800a338        0xc C:/ST/STM32CubeCLT_1.22.0/GNU-tools-for-STM32/bin/../lib/gcc/arm-none-eabi/14.3.1/../../../../arm-none-eabi/lib/thumb/v7e-m+fp/hard\libc_nano.a(libc_a-mlock.o)
                0x0800a338                __malloc_unlock
 .text.__ssputs_r
                0x0800a344       0xc0 C:/ST/STM32CubeCLT_1.22.0/GNU-tools-for-STM32/bin/../lib/gcc/arm-none-eabi/14.3.1/../../../../arm-none-eabi/lib/thumb/v7e-m+fp/hard\libc_nano.a(libc_a-nano-svfprintf.o)
                0x0800a344                __ssputs_r
 .text._svfprintf_r
                0x0800a404      0x1f0 C:/ST/STM32CubeCLT_1.22.0/GNU-tools-for-STM32/bin/../lib/gcc/arm-none-eabi/14.3.1/../../../../arm-none-eabi/lib/thumb/v7e-m+fp/hard\libc_nano.a(libc_a-nano-svfprintf.o)
                0x0800a404                _svfiprintf_r
                0x0800a404                _svfprintf_r
 .text._printf_common
                0x0800a5f4       0xda C:/ST/STM32CubeCLT_1.22.0/GNU-tools-for-STM32/bin/../lib/gcc/arm-none-eabi/14.3.1/../../../../arm-none-eabi/lib/thumb/v7e-m+fp/hard\libc_nano.a(libc_a-nano-vfprintf_i.o)
                0x0800a5f4                _printf_common
 *fill*         0x0800a6ce        0x2 
 .text._printf_i
                0x0800a6d0      0x24c C:/ST/STM32CubeCLT_1.22.0/GNU-tools-for-STM32/bin/../lib/gcc/arm-none-eabi/14.3.1/../../../../arm-none-eabi/lib/thumb/v7e-m+fp/hard\libc_nano.a(libc_a-nano-vfprintf_i.o)
                0x0800a6d0                _printf_i
 .text.memmove  0x0800a91c       0x32 C:/ST/STM32CubeCLT_1.22.0/GNU-tools-for-STM32/bin/../lib/gcc/arm-none-eabi/14.3.1/../../../../arm-none-eabi/lib/thumb/v7e-m+fp/hard\libc_nano.a(libc_a-memmove.o)
                0x0800a91c                memmove
 *fill*         0x0800a94e        0x2 
 .text._sbrk_r  0x0800a950       0x20 C:/ST/STM32CubeCLT_1.22.0/GNU-tools-for-STM32/bin/../lib/gcc/arm-none-eabi/14.3.1/../../../../arm-none-eabi/lib/thumb/v7e-m+fp/hard\libc_nano.a(libc_a-sbrkr.o)
                0x0800a950                _sbrk_r
 .text._realloc_r
                0x0800a970       0x5c C:/ST/STM32CubeCLT_1.22.0/GNU-tools-for-STM32/bin/../lib/gcc/arm-none-eabi/14.3.1/../../../../arm-none-eabi/lib/thumb/v7e-m+fp/hard\libc_nano.a(libc_a-reallocr.o)
                0x0800a970                _realloc_r
 .text._malloc_usable_size_r
                0x0800a9cc       0x10 C:/ST/STM32CubeCLT_1.22.0/GNU-tools-for-STM32/bin/../lib/gcc/arm-none-eabi/14.3.1/../../../../arm-none-eabi/lib/thumb/v7e-m+fp/hard\libc_nano.a(libc_a-msizer.o)
                0x0800a9cc                _malloc_usable_size_r
 *(.glue_7)
 .glue_7        0x0800a9dc        0x0 linker stubs
 *(.glue_7t)
 .glue_7t       0x0800a9dc        0x0 linker stubs
 *(.eh_frame)
 .eh_frame      0x0800a9dc        0x0 C:/ST/STM32CubeCLT_1.22.0/GNU-tools-for-STM32/bin/../lib/gcc/arm-none-eabi/14.3.1/thumb/v7e-m+fp/hard/crtbegin.o
 *(.init)
 .init          0x0800a9dc        0x4 C:/ST/STM32CubeCLT_1.22.0/GNU-tools-for-STM32/bin/../lib/gcc/arm-none-eabi/14.3.1/thumb/v7e-m+fp/hard/crti.o
                0x0800a9dc                _init
 .init          0x0800a9e0        0x8 C:/ST/STM32CubeCLT_1.22.0/GNU-tools-for-STM32/bin/../lib/gcc/arm-none-eabi/14.3.1/thumb/v7e-m+fp/hard/crtn.o
 *(.fini)
 .fini          0x0800a9e8        0x4 C:/ST/STM32CubeCLT_1.22.0/GNU-tools-for-STM32/bin/../lib/gcc/arm-none-eabi/14.3.1/thumb/v7e-m+fp/hard/crti.o
                0x0800a9e8                _fini
 .fini          0x0800a9ec        0x8 C:/ST/STM32CubeCLT_1.22.0/GNU-tools-for-STM32/bin/../lib/gcc/arm-none-eabi/14.3.1/thumb/v7e-m+fp/hard/crtn.o
                0x0800a9f4                        . = ALIGN (0x4)
                0x0800a9f4                        _etext = .

.vfp11_veneer   0x0800a9f4        0x0
 .vfp11_veneer  0x0800a9f4        0x0 linker stubs

.v4_bx          0x0800a9f4        0x0
 .v4_bx         0x0800a9f4        0x0 linker stubs

.iplt           0x0800a9f4        0x0
 .iplt          0x0800a9f4        0x0 C:/ST/STM32CubeCLT_1.22.0/GNU-tools-for-STM32/bin/../lib/gcc/arm-none-eabi/14.3.1/thumb/v7e-m+fp/hard/crtbegin.o

.rodata         0x0800a9f4      0x478
                0x0800a9f4                        . = ALIGN (0x4)
 *(.rodata)
 .rodata        0x0800a9f4        0x5 ./Core/Src/VL53L.o
 *fill*         0x0800a9f9        0x3 
 .rodata        0x0800a9fc       0x1a ./Core/Src/freertos.o
 *fill*         0x0800aa16        0x2 
 .rodata        0x0800aa18       0xe4 ./Core/Src/oled_ssd1306.o
 .rodata        0x0800aafc        0x5 ./Middlewares/Third_Party/FreeRTOS/Source/tasks.o
 *fill*         0x0800ab01        0x3 
 .rodata        0x0800ab04        0xd ./Middlewares/Third_Party/FreeRTOS/Source/timers.o
 *(.rodata*)
 *fill*         0x0800ab11        0x3 
 .rodata.VL53L1X_DEFAULT_CONFIGURATION
                0x0800ab14       0x5b ./Core/Src/VL53L1X_api.o
 *fill*         0x0800ab6f        0x1 
 .rodata.VL53_T_attributes
                0x0800ab70       0x24 ./Core/Src/freertos.o
                0x0800ab70                VL53_T_attributes
 .rodata.PLC_T_attributes
                0x0800ab94       0x24 ./Core/Src/freertos.o
                0x0800ab94                PLC_T_attributes
 .rodata.OLED096_T_attributes
                0x0800abb8       0x24 ./Core/Src/freertos.o
                0x0800abb8                OLED096_T_attributes
 .rodata.Font6x8
                0x0800abdc      0x23a ./Core/Src/oled_ssd1306.o
 *fill*         0x0800ae16        0x2 
 .rodata.AHBPrescTable
                0x0800ae18       0x10 ./Core/Src/system_stm32f4xx.o
                0x0800ae18                AHBPrescTable
 .rodata.APBPrescTable
                0x0800ae28        0x8 ./Core/Src/system_stm32f4xx.o
                0x0800ae28                APBPrescTable
 .rodata.flagBitshiftOffset.0
                0x0800ae30        0x8 ./Drivers/STM32F4xx_HAL_Driver/Src/stm32f4xx_hal_dma.o
 .rodata._svfprintf_r.str1.1
                0x0800ae38       0x33 C:/ST/STM32CubeCLT_1.22.0/GNU-tools-for-STM32/bin/../lib/gcc/arm-none-eabi/14.3.1/../../../../arm-none-eabi/lib/thumb/v7e-m+fp/hard\libc_nano.a(libc_a-nano-svfprintf.o)
                                 0x11 (size before relaxing)
 .rodata._printf_i.str1.1
                0x0800ae6b       0x22 C:/ST/STM32CubeCLT_1.22.0/GNU-tools-for-STM32/bin/../lib/gcc/arm-none-eabi/14.3.1/../../../../arm-none-eabi/lib/thumb/v7e-m+fp/hard\libc_nano.a(libc_a-nano-vfprintf_i.o)
                0x0800ae90                        . = ALIGN (0x4)
 *fill*         0x0800ae6b        0x1 

.ARM.extab      0x0800ae6c        0x0
                0x0800ae6c                        . = ALIGN (0x4)
 *(.ARM.extab* .gnu.linkonce.armextab.*)
                0x0800ae6c                        . = ALIGN (0x4)

.ARM            0x0800ae6c        0x8
                0x0800ae6c                        . = ALIGN (0x4)
                0x0800ae6c                        __exidx_start = .
 *(.ARM.exidx*)
 .ARM.exidx     0x0800ae6c        0x8 C:/ST/STM32CubeCLT_1.22.0/GNU-tools-for-STM32/bin/../lib/gcc/arm-none-eabi/14.3.1/../../../../arm-none-eabi/lib/thumb/v7e-m+fp/hard\libc_nano.a(libc_a-memchr.o)
 .ARM.exidx     0x0800ae74        0x0 C:/ST/STM32CubeCLT_1.22.0/GNU-tools-for-STM32/bin/../lib/gcc/arm-none-eabi/14.3.1/thumb/v7e-m+fp/hard\libgcc.a(_udivmoddi4.o)
                                  0x8 (size before relaxing)
                0x0800ae74                        __exidx_end = .
                0x0800ae74                        . = ALIGN (0x4)

.preinit_array  0x0800ae74        0x0
                0x0800ae74                        . = ALIGN (0x4)
                0x0800ae74                        PROVIDE (__preinit_array_start = .)
 *(.preinit_array*)
                0x0800ae74                        PROVIDE (__preinit_array_end = .)
                0x0800ae74                        . = ALIGN (0x4)

.init_array     0x0800ae74        0x4
                0x0800ae74                        . = ALIGN (0x4)
                0x0800ae74                        PROVIDE (__init_array_start = .)
 *(SORT_BY_NAME(.init_array.*))
 *(.init_array*)
 .init_array    0x0800ae74        0x4 C:/ST/STM32CubeCLT_1.22.0/GNU-tools-for-STM32/bin/../lib/gcc/arm-none-eabi/14.3.1/thumb/v7e-m+fp/hard/crtbegin.o
                0x0800ae78                        PROVIDE (__init_array_end = .)
                0x0800ae78                        . = ALIGN (0x4)

.fini_array     0x0800ae78        0x4
                0x0800ae78                        . = ALIGN (0x4)
                [!provide]                        PROVIDE (__fini_array_start = .)
 *(SORT_BY_NAME(.fini_array.*))
 *(.fini_array*)
 .fini_array    0x0800ae78        0x4 C:/ST/STM32CubeCLT_1.22.0/GNU-tools-for-STM32/bin/../lib/gcc/arm-none-eabi/14.3.1/thumb/v7e-m+fp/hard/crtbegin.o
                [!provide]                        PROVIDE (__fini_array_end = .)
                0x0800ae7c                        . = ALIGN (0x4)
                0x0800ae7c                        _sidata = LOADADDR (.data)

.rel.dyn        0x0800ae7c        0x0
 .rel.iplt      0x0800ae7c        0x0 C:/ST/STM32CubeCLT_1.22.0/GNU-tools-for-STM32/bin/../lib/gcc/arm-none-eabi/14.3.1/thumb/v7e-m+fp/hard/crtbegin.o

.data           0x20000000       0x9c load address 0x0800ae7c
                0x20000000                        . = ALIGN (0x4)
                0x20000000                        _sdata = .
 *(.data)
 *(.data*)
 .data.g_vl53_app
                0x20000000       0x18 ./Core/Src/VL53L.o
                0x20000000                g_vl53_app
 .data.last_valid_val.4
                0x20000018        0x2 ./Core/Src/VL53L.o
 .data.oled_actual_addr
                0x2000001a        0x1 ./Core/Src/oled_ssd1306.o
 *fill*         0x2000001b        0x1 
 .data.SystemCoreClock
                0x2000001c        0x4 ./Core/Src/system_stm32f4xx.o
                0x2000001c                SystemCoreClock
 .data.uwTickPrio
                0x20000020        0x4 ./Drivers/STM32F4xx_HAL_Driver/Src/stm32f4xx_hal.o
                0x20000020                uwTickPrio
 .data.uwTickFreq
                0x20000024        0x1 ./Drivers/STM32F4xx_HAL_Driver/Src/stm32f4xx_hal.o
                0x20000024                uwTickFreq
 *fill*         0x20000025        0x3 
 .data.pFlash   0x20000028       0x20 ./Drivers/STM32F4xx_HAL_Driver/Src/stm32f4xx_hal_flash.o
                0x20000028                pFlash
 .data.uxCriticalNesting
                0x20000048        0x4 ./Middlewares/Third_Party/FreeRTOS/Source/portable/GCC/ARM_CM4F/port.o
 .data._impure_ptr
                0x2000004c        0x4 C:/ST/STM32CubeCLT_1.22.0/GNU-tools-for-STM32/bin/../lib/gcc/arm-none-eabi/14.3.1/../../../../arm-none-eabi/lib/thumb/v7e-m+fp/hard\libc_nano.a(libc_a-impure.o)
                0x2000004c                _impure_ptr
 .data._impure_data
                0x20000050       0x4c C:/ST/STM32CubeCLT_1.22.0/GNU-tools-for-STM32/bin/../lib/gcc/arm-none-eabi/14.3.1/../../../../arm-none-eabi/lib/thumb/v7e-m+fp/hard\libc_nano.a(libc_a-impure.o)
                0x20000050                _impure_data
 *(.RamFunc)
 *(.RamFunc*)
                0x2000009c                        . = ALIGN (0x4)
                0x2000009c                        _edata = .

.igot.plt       0x2000009c        0x0 load address 0x0800af18
 .igot.plt      0x2000009c        0x0 C:/ST/STM32CubeCLT_1.22.0/GNU-tools-for-STM32/bin/../lib/gcc/arm-none-eabi/14.3.1/thumb/v7e-m+fp/hard/crtbegin.o
                0x2000009c                        . = ALIGN (0x4)

.bss            0x2000009c     0x527c load address 0x0800af18
                0x2000009c                        _sbss = .
                0x2000009c                        __bss_start__ = _sbss
 *(.bss)
 .bss           0x2000009c       0x1c C:/ST/STM32CubeCLT_1.22.0/GNU-tools-for-STM32/bin/../lib/gcc/arm-none-eabi/14.3.1/thumb/v7e-m+fp/hard/crtbegin.o
 *(.bss*)
 .bss.tx_dma_buf
                0x200000b8       0x80 ./Core/Src/VL53L.o
 .bss.rx_raw_byte
                0x20000138        0x1 ./Core/Src/VL53L.o
 *fill*         0x20000139        0x3 
 .bss.rx_ring   0x2000013c       0x80 ./Core/Src/VL53L.o
 .bss.rx_head   0x200001bc        0x2 ./Core/Src/VL53L.o
 .bss.vl53_int_flag
                0x200001be        0x1 ./Core/Src/VL53L.o
 .bss.head.3    0x200001bf        0x1 ./Core/Src/VL53L.o
 .bss.window.2  0x200001c0        0xe ./Core/Src/VL53L.o
 .bss.count.1   0x200001ce        0x1 ./Core/Src/VL53L.o
 *fill*         0x200001cf        0x1 
 .bss.last_scan.0
                0x200001d0        0x4 ./Core/Src/VL53L.o
 .bss.VL53_THandle
                0x200001d4        0x4 ./Core/Src/freertos.o
                0x200001d4                VL53_THandle
 .bss.PLC_THandle
                0x200001d8        0x4 ./Core/Src/freertos.o
                0x200001d8                PLC_THandle
 .bss.OLED096_THandle
                0x200001dc        0x4 ./Core/Src/freertos.o
                0x200001dc                OLED096_THandle
 .bss.hi2c1     0x200001e0       0x54 ./Core/Src/i2c.o
                0x200001e0                hi2c1
 .bss.hi2c2     0x20000234       0x54 ./Core/Src/i2c.o
                0x20000234                hi2c2
 .bss.OLED_Buffer
                0x20000288      0x400 ./Core/Src/oled_ssd1306.o
 .bss.oled_is_ready
                0x20000688        0x1 ./Core/Src/oled_ssd1306.o
 .bss.g_oled_mode
                0x20000689        0x1 ./Core/Src/oled_ssd1306.o
 *fill*         0x2000068a        0x2 
 .bss.last_init_tick.0
                0x2000068c        0x4 ./Core/Src/oled_ssd1306.o
 .bss.htim9     0x20000690       0x48 ./Core/Src/stm32f4xx_hal_timebase_tim.o
                0x20000690                htim9
 .bss.__sbrk_heap_end
                0x200006d8        0x4 ./Core/Src/sysmem.o
 .bss.huart6    0x200006dc       0x48 ./Core/Src/usart.o
                0x200006dc                huart6
 .bss.hdma_usart6_rx
                0x20000724       0x60 ./Core/Src/usart.o
                0x20000724                hdma_usart6_rx
 .bss.hdma_usart6_tx
                0x20000784       0x60 ./Core/Src/usart.o
                0x20000784                hdma_usart6_tx
 .bss.uwTick    0x200007e4        0x4 ./Drivers/STM32F4xx_HAL_Driver/Src/stm32f4xx_hal.o
                0x200007e4                uwTick
 .bss.KernelState
                0x200007e8        0x4 ./Middlewares/Third_Party/FreeRTOS/Source/CMSIS_RTOS_V2/cmsis_os2.o
 .bss.Idle_TCB.3
                0x200007ec       0xa8 ./Middlewares/Third_Party/FreeRTOS/Source/CMSIS_RTOS_V2/cmsis_os2.o
 .bss.Idle_Stack.2
                0x20000894      0x200 ./Middlewares/Third_Party/FreeRTOS/Source/CMSIS_RTOS_V2/cmsis_os2.o
 .bss.Timer_TCB.1
                0x20000a94       0xa8 ./Middlewares/Third_Party/FreeRTOS/Source/CMSIS_RTOS_V2/cmsis_os2.o
 .bss.Timer_Stack.0
                0x20000b3c      0x400 ./Middlewares/Third_Party/FreeRTOS/Source/CMSIS_RTOS_V2/cmsis_os2.o
 .bss.xQueueRegistry
                0x20000f3c       0x40 ./Middlewares/Third_Party/FreeRTOS/Source/queue.o
                0x20000f3c                xQueueRegistry
 .bss.pxCurrentTCB
                0x20000f7c        0x4 ./Middlewares/Third_Party/FreeRTOS/Source/tasks.o
                0x20000f7c                pxCurrentTCB
 .bss.pxReadyTasksLists
                0x20000f80      0x460 ./Middlewares/Third_Party/FreeRTOS/Source/tasks.o
 .bss.xDelayedTaskList1
                0x200013e0       0x14 ./Middlewares/Third_Party/FreeRTOS/Source/tasks.o
 .bss.xDelayedTaskList2
                0x200013f4       0x14 ./Middlewares/Third_Party/FreeRTOS/Source/tasks.o
 .bss.pxDelayedTaskList
                0x20001408        0x4 ./Middlewares/Third_Party/FreeRTOS/Source/tasks.o
 .bss.pxOverflowDelayedTaskList
                0x2000140c        0x4 ./Middlewares/Third_Party/FreeRTOS/Source/tasks.o
 .bss.xPendingReadyList
                0x20001410       0x14 ./Middlewares/Third_Party/FreeRTOS/Source/tasks.o
 .bss.xTasksWaitingTermination
                0x20001424       0x14 ./Middlewares/Third_Party/FreeRTOS/Source/tasks.o
 .bss.uxDeletedTasksWaitingCleanUp
                0x20001438        0x4 ./Middlewares/Third_Party/FreeRTOS/Source/tasks.o
 .bss.xSuspendedTaskList
                0x2000143c       0x14 ./Middlewares/Third_Party/FreeRTOS/Source/tasks.o
 .bss.uxCurrentNumberOfTasks
                0x20001450        0x4 ./Middlewares/Third_Party/FreeRTOS/Source/tasks.o
 .bss.xTickCount
                0x20001454        0x4 ./Middlewares/Third_Party/FreeRTOS/Source/tasks.o
 .bss.uxTopReadyPriority
                0x20001458        0x4 ./Middlewares/Third_Party/FreeRTOS/Source/tasks.o
 .bss.xSchedulerRunning
                0x2000145c        0x4 ./Middlewares/Third_Party/FreeRTOS/Source/tasks.o
 .bss.xPendedTicks
                0x20001460        0x4 ./Middlewares/Third_Party/FreeRTOS/Source/tasks.o
 .bss.xYieldPending
                0x20001464        0x4 ./Middlewares/Third_Party/FreeRTOS/Source/tasks.o
 .bss.xNumOfOverflows
                0x20001468        0x4 ./Middlewares/Third_Party/FreeRTOS/Source/tasks.o
 .bss.uxTaskNumber
                0x2000146c        0x4 ./Middlewares/Third_Party/FreeRTOS/Source/tasks.o
 .bss.xNextTaskUnblockTime
                0x20001470        0x4 ./Middlewares/Third_Party/FreeRTOS/Source/tasks.o
 .bss.xIdleTaskHandle
                0x20001474        0x4 ./Middlewares/Third_Party/FreeRTOS/Source/tasks.o
 .bss.uxSchedulerSuspended
                0x20001478        0x4 ./Middlewares/Third_Party/FreeRTOS/Source/tasks.o
 .bss.xActiveTimerList1
                0x2000147c       0x14 ./Middlewares/Third_Party/FreeRTOS/Source/timers.o
 .bss.xActiveTimerList2
                0x20001490       0x14 ./Middlewares/Third_Party/FreeRTOS/Source/timers.o
 .bss.pxCurrentTimerList
                0x200014a4        0x4 ./Middlewares/Third_Party/FreeRTOS/Source/timers.o
 .bss.pxOverflowTimerList
                0x200014a8        0x4 ./Middlewares/Third_Party/FreeRTOS/Source/timers.o
 .bss.xTimerQueue
                0x200014ac        0x4 ./Middlewares/Third_Party/FreeRTOS/Source/timers.o
 .bss.xTimerTaskHandle
                0x200014b0        0x4 ./Middlewares/Third_Party/FreeRTOS/Source/timers.o
 .bss.xLastTime.2
                0x200014b4        0x4 ./Middlewares/Third_Party/FreeRTOS/Source/timers.o
 .bss.ucStaticTimerQueueStorage.1
                0x200014b8       0xa0 ./Middlewares/Third_Party/FreeRTOS/Source/timers.o
 .bss.xStaticTimerQueue.0
                0x20001558       0x50 ./Middlewares/Third_Party/FreeRTOS/Source/timers.o
 .bss.ucMaxSysCallPriority
                0x200015a8        0x1 ./Middlewares/Third_Party/FreeRTOS/Source/portable/GCC/ARM_CM4F/port.o
 *fill*         0x200015a9        0x3 
 .bss.ulMaxPRIGROUPValue
                0x200015ac        0x4 ./Middlewares/Third_Party/FreeRTOS/Source/portable/GCC/ARM_CM4F/port.o
 .bss.ucHeap    0x200015b0     0x3c00 ./Middlewares/Third_Party/FreeRTOS/Source/portable/MemMang/heap_4.o
 .bss.xStart    0x200051b0        0x8 ./Middlewares/Third_Party/FreeRTOS/Source/portable/MemMang/heap_4.o
 .bss.pxEnd     0x200051b8        0x4 ./Middlewares/Third_Party/FreeRTOS/Source/portable/MemMang/heap_4.o
 .bss.xFreeBytesRemaining
                0x200051bc        0x4 ./Middlewares/Third_Party/FreeRTOS/Source/portable/MemMang/heap_4.o
 .bss.xMinimumEverFreeBytesRemaining
                0x200051c0        0x4 ./Middlewares/Third_Party/FreeRTOS/Source/portable/MemMang/heap_4.o
 .bss.xNumberOfSuccessfulAllocations
                0x200051c4        0x4 ./Middlewares/Third_Party/FreeRTOS/Source/portable/MemMang/heap_4.o
 .bss.xNumberOfSuccessfulFrees
                0x200051c8        0x4 ./Middlewares/Third_Party/FreeRTOS/Source/portable/MemMang/heap_4.o
 .bss.xBlockAllocatedBit
                0x200051cc        0x4 ./Middlewares/Third_Party/FreeRTOS/Source/portable/MemMang/heap_4.o
 .bss.__sf      0x200051d0      0x138 C:/ST/STM32CubeCLT_1.22.0/GNU-tools-for-STM32/bin/../lib/gcc/arm-none-eabi/14.3.1/../../../../arm-none-eabi/lib/thumb/v7e-m+fp/hard\libc_nano.a(libc_a-findfp.o)
                0x200051d0                __sf
 .bss.errno     0x20005308        0x4 C:/ST/STM32CubeCLT_1.22.0/GNU-tools-for-STM32/bin/../lib/gcc/arm-none-eabi/14.3.1/../../../../arm-none-eabi/lib/thumb/v7e-m+fp/hard\libc_nano.a(libc_a-reent.o)
                0x20005308                errno
 .bss.__lock___malloc_recursive_mutex
                0x2000530c        0x1 C:/ST/STM32CubeCLT_1.22.0/GNU-tools-for-STM32/bin/../lib/gcc/arm-none-eabi/14.3.1/../../../../arm-none-eabi/lib/thumb/v7e-m+fp/hard\libc_nano.a(libc_a-lock.o)
                0x2000530c                __lock___malloc_recursive_mutex
 *fill*         0x2000530d        0x3 
 .bss.__malloc_sbrk_start
                0x20005310        0x4 C:/ST/STM32CubeCLT_1.22.0/GNU-tools-for-STM32/bin/../lib/gcc/arm-none-eabi/14.3.1/../../../../arm-none-eabi/lib/thumb/v7e-m+fp/hard\libc_nano.a(libc_a-mallocr.o)
                0x20005310                __malloc_sbrk_start
 .bss.__malloc_free_list
                0x20005314        0x4 C:/ST/STM32CubeCLT_1.22.0/GNU-tools-for-STM32/bin/../lib/gcc/arm-none-eabi/14.3.1/../../../../arm-none-eabi/lib/thumb/v7e-m+fp/hard\libc_nano.a(libc_a-mallocr.o)
                0x20005314                __malloc_free_list
 *(COMMON)
                0x20005318                        . = ALIGN (0x4)
                0x20005318                        _ebss = .
                0x20005318                        __bss_end__ = _ebss

._user_heap_stack
                0x20005318      0x600 load address 0x0800af18
                0x20005318                        . = ALIGN (0x8)
                [!provide]                        PROVIDE (end = .)
                0x20005318                        PROVIDE (_end = .)
                0x20005518                        . = (. + _Min_Heap_Size)
 *fill*         0x20005318      0x200 
                0x20005918                        . = (. + _Min_Stack_Size)
 *fill*         0x20005518      0x400 
                0x20005918                        . = ALIGN (0x8)

/DISCARD/
 libc.a(*)
 libm.a(*)
 libgcc.a(*)

.ARM.attributes
                0x00000000       0x30
 *(.ARM.attributes)
 .ARM.attributes
                0x00000000       0x22 C:/ST/STM32CubeCLT_1.22.0/GNU-tools-for-STM32/bin/../lib/gcc/arm-none-eabi/14.3.1/thumb/v7e-m+fp/hard/crti.o
 .ARM.attributes
                0x00000022       0x34 C:/ST/STM32CubeCLT_1.22.0/GNU-tools-for-STM32/bin/../lib/gcc/arm-none-eabi/14.3.1/thumb/v7e-m+fp/hard/crtbegin.o
 .ARM.attributes
                0x00000056       0x34 ./Core/Src/VL53L.o
 .ARM.attributes
                0x0000008a       0x34 ./Core/Src/VL53L1X_api.o
 .ARM.attributes
                0x000000be       0x34 ./Core/Src/dma.o
 .ARM.attributes
                0x000000f2       0x34 ./Core/Src/freertos.o
 .ARM.attributes
                0x00000126       0x34 ./Core/Src/gpio.o
 .ARM.attributes
                0x0000015a       0x34 ./Core/Src/i2c.o
 .ARM.attributes
                0x0000018e       0x34 ./Core/Src/main.o
 .ARM.attributes
                0x000001c2       0x34 ./Core/Src/oled_ssd1306.o
 .ARM.attributes
                0x000001f6       0x34 ./Core/Src/stm32f4xx_hal_msp.o
 .ARM.attributes
                0x0000022a       0x34 ./Core/Src/stm32f4xx_hal_timebase_tim.o
 .ARM.attributes
                0x0000025e       0x34 ./Core/Src/stm32f4xx_it.o
 .ARM.attributes
                0x00000292       0x34 ./Core/Src/sysmem.o
 .ARM.attributes
                0x000002c6       0x34 ./Core/Src/system_stm32f4xx.o
 .ARM.attributes
                0x000002fa       0x34 ./Core/Src/usart.o
 .ARM.attributes
                0x0000032e       0x34 ./Core/Src/vl53l1_platform.o
 .ARM.attributes
                0x00000362       0x21 ./Core/Startup/startup_stm32f401ccux.o
 .ARM.attributes
                0x00000383       0x34 ./Drivers/STM32F4xx_HAL_Driver/Src/stm32f4xx_hal.o
 .ARM.attributes
                0x000003b7       0x34 ./Drivers/STM32F4xx_HAL_Driver/Src/stm32f4xx_hal_cortex.o
 .ARM.attributes
                0x000003eb       0x34 ./Drivers/STM32F4xx_HAL_Driver/Src/stm32f4xx_hal_dma.o
 .ARM.attributes
                0x0000041f       0x34 ./Drivers/STM32F4xx_HAL_Driver/Src/stm32f4xx_hal_flash.o
 .ARM.attributes
                0x00000453       0x34 ./Drivers/STM32F4xx_HAL_Driver/Src/stm32f4xx_hal_flash_ex.o
 .ARM.attributes
                0x00000487       0x34 ./Drivers/STM32F4xx_HAL_Driver/Src/stm32f4xx_hal_gpio.o
 .ARM.attributes
                0x000004bb       0x34 ./Drivers/STM32F4xx_HAL_Driver/Src/stm32f4xx_hal_i2c.o
 .ARM.attributes
                0x000004ef       0x34 ./Drivers/STM32F4xx_HAL_Driver/Src/stm32f4xx_hal_rcc.o
 .ARM.attributes
                0x00000523       0x34 ./Drivers/STM32F4xx_HAL_Driver/Src/stm32f4xx_hal_tim.o
 .ARM.attributes
                0x00000557       0x34 ./Drivers/STM32F4xx_HAL_Driver/Src/stm32f4xx_hal_tim_ex.o
 .ARM.attributes
                0x0000058b       0x34 ./Drivers/STM32F4xx_HAL_Driver/Src/stm32f4xx_hal_uart.o
 .ARM.attributes
                0x000005bf       0x34 ./Middlewares/Third_Party/FreeRTOS/Source/CMSIS_RTOS_V2/cmsis_os2.o
 .ARM.attributes
                0x000005f3       0x34 ./Middlewares/Third_Party/FreeRTOS/Source/list.o
 .ARM.attributes
                0x00000627       0x34 ./Middlewares/Third_Party/FreeRTOS/Source/queue.o
 .ARM.attributes
                0x0000065b       0x34 ./Middlewares/Third_Party/FreeRTOS/Source/tasks.o
 .ARM.attributes
                0x0000068f       0x34 ./Middlewares/Third_Party/FreeRTOS/Source/timers.o
 .ARM.attributes
                0x000006c3       0x34 ./Middlewares/Third_Party/FreeRTOS/Source/portable/GCC/ARM_CM4F/port.o
 .ARM.attributes
                0x000006f7       0x34 ./Middlewares/Third_Party/FreeRTOS/Source/portable/MemMang/heap_4.o
 .ARM.attributes
                0x0000072b       0x34 C:/ST/STM32CubeCLT_1.22.0/GNU-tools-for-STM32/bin/../lib/gcc/arm-none-eabi/14.3.1/../../../../arm-none-eabi/lib/thumb/v7e-m+fp/hard\libc_nano.a(libc_a-findfp.o)
 .ARM.attributes
                0x0000075f       0x34 C:/ST/STM32CubeCLT_1.22.0/GNU-tools-for-STM32/bin/../lib/gcc/arm-none-eabi/14.3.1/../../../../arm-none-eabi/lib/thumb/v7e-m+fp/hard\libc_nano.a(libc_a-snprintf.o)
 .ARM.attributes
                0x00000793       0x34 C:/ST/STM32CubeCLT_1.22.0/GNU-tools-for-STM32/bin/../lib/gcc/arm-none-eabi/14.3.1/../../../../arm-none-eabi/lib/thumb/v7e-m+fp/hard\libc_nano.a(libc_a-memset.o)
 .ARM.attributes
                0x000007c7       0x34 C:/ST/STM32CubeCLT_1.22.0/GNU-tools-for-STM32/bin/../lib/gcc/arm-none-eabi/14.3.1/../../../../arm-none-eabi/lib/thumb/v7e-m+fp/hard\libc_nano.a(libc_a-reent.o)
 .ARM.attributes
                0x000007fb       0x34 C:/ST/STM32CubeCLT_1.22.0/GNU-tools-for-STM32/bin/../lib/gcc/arm-none-eabi/14.3.1/../../../../arm-none-eabi/lib/thumb/v7e-m+fp/hard\libc_nano.a(libc_a-impure.o)
 .ARM.attributes
                0x0000082f       0x34 C:/ST/STM32CubeCLT_1.22.0/GNU-tools-for-STM32/bin/../lib/gcc/arm-none-eabi/14.3.1/../../../../arm-none-eabi/lib/thumb/v7e-m+fp/hard\libc_nano.a(libc_a-errno.o)
 .ARM.attributes
                0x00000863       0x34 C:/ST/STM32CubeCLT_1.22.0/GNU-tools-for-STM32/bin/../lib/gcc/arm-none-eabi/14.3.1/../../../../arm-none-eabi/lib/thumb/v7e-m+fp/hard\libc_nano.a(libc_a-init.o)
 .ARM.attributes
                0x00000897       0x34 C:/ST/STM32CubeCLT_1.22.0/GNU-tools-for-STM32/bin/../lib/gcc/arm-none-eabi/14.3.1/../../../../arm-none-eabi/lib/thumb/v7e-m+fp/hard\libc_nano.a(libc_a-lock.o)
 .ARM.attributes
                0x000008cb       0x34 C:/ST/STM32CubeCLT_1.22.0/GNU-tools-for-STM32/bin/../lib/gcc/arm-none-eabi/14.3.1/../../../../arm-none-eabi/lib/thumb/v7e-m+fp/hard\libc_nano.a(libc_a-memcpy-stub.o)
 .ARM.attributes
                0x000008ff       0x34 C:/ST/STM32CubeCLT_1.22.0/GNU-tools-for-STM32/bin/../lib/gcc/arm-none-eabi/14.3.1/../../../../arm-none-eabi/lib/thumb/v7e-m+fp/hard\libc_nano.a(libc_a-freer.o)
 .ARM.attributes
                0x00000933       0x34 C:/ST/STM32CubeCLT_1.22.0/GNU-tools-for-STM32/bin/../lib/gcc/arm-none-eabi/14.3.1/../../../../arm-none-eabi/lib/thumb/v7e-m+fp/hard\libc_nano.a(libc_a-mallocr.o)
 .ARM.attributes
                0x00000967       0x34 C:/ST/STM32CubeCLT_1.22.0/GNU-tools-for-STM32/bin/../lib/gcc/arm-none-eabi/14.3.1/../../../../arm-none-eabi/lib/thumb/v7e-m+fp/hard\libc_nano.a(libc_a-mlock.o)
 .ARM.attributes
                0x0000099b       0x34 C:/ST/STM32CubeCLT_1.22.0/GNU-tools-for-STM32/bin/../lib/gcc/arm-none-eabi/14.3.1/../../../../arm-none-eabi/lib/thumb/v7e-m+fp/hard\libc_nano.a(libc_a-nano-svfprintf.o)
 .ARM.attributes
                0x000009cf       0x34 C:/ST/STM32CubeCLT_1.22.0/GNU-tools-for-STM32/bin/../lib/gcc/arm-none-eabi/14.3.1/../../../../arm-none-eabi/lib/thumb/v7e-m+fp/hard\libc_nano.a(libc_a-nano-vfprintf_i.o)
 .ARM.attributes
                0x00000a03       0x34 C:/ST/STM32CubeCLT_1.22.0/GNU-tools-for-STM32/bin/../lib/gcc/arm-none-eabi/14.3.1/../../../../arm-none-eabi/lib/thumb/v7e-m+fp/hard\libc_nano.a(libc_a-memmove.o)
 .ARM.attributes
                0x00000a37       0x34 C:/ST/STM32CubeCLT_1.22.0/GNU-tools-for-STM32/bin/../lib/gcc/arm-none-eabi/14.3.1/../../../../arm-none-eabi/lib/thumb/v7e-m+fp/hard\libc_nano.a(libc_a-sbrkr.o)
 .ARM.attributes
                0x00000a6b       0x1c C:/ST/STM32CubeCLT_1.22.0/GNU-tools-for-STM32/bin/../lib/gcc/arm-none-eabi/14.3.1/../../../../arm-none-eabi/lib/thumb/v7e-m+fp/hard\libc_nano.a(libc_a-memchr.o)
 .ARM.attributes
                0x00000a87       0x34 C:/ST/STM32CubeCLT_1.22.0/GNU-tools-for-STM32/bin/../lib/gcc/arm-none-eabi/14.3.1/../../../../arm-none-eabi/lib/thumb/v7e-m+fp/hard\libc_nano.a(libc_a-reallocr.o)
 .ARM.attributes
                0x00000abb       0x34 C:/ST/STM32CubeCLT_1.22.0/GNU-tools-for-STM32/bin/../lib/gcc/arm-none-eabi/14.3.1/../../../../arm-none-eabi/lib/thumb/v7e-m+fp/hard\libc_nano.a(libc_a-msizer.o)
 .ARM.attributes
                0x00000aef       0x22 C:/ST/STM32CubeCLT_1.22.0/GNU-tools-for-STM32/bin/../lib/gcc/arm-none-eabi/14.3.1/thumb/v7e-m+fp/hard\libgcc.a(_aeabi_uldivmod.o)
 .ARM.attributes
                0x00000b11       0x34 C:/ST/STM32CubeCLT_1.22.0/GNU-tools-for-STM32/bin/../lib/gcc/arm-none-eabi/14.3.1/thumb/v7e-m+fp/hard\libgcc.a(_udivmoddi4.o)
 .ARM.attributes
                0x00000b45       0x22 C:/ST/STM32CubeCLT_1.22.0/GNU-tools-for-STM32/bin/../lib/gcc/arm-none-eabi/14.3.1/thumb/v7e-m+fp/hard\libgcc.a(_dvmd_tls.o)
 .ARM.attributes
                0x00000b67       0x22 C:/ST/STM32CubeCLT_1.22.0/GNU-tools-for-STM32/bin/../lib/gcc/arm-none-eabi/14.3.1/thumb/v7e-m+fp/hard/crtn.o
OUTPUT(stm32_new.elf elf32-littlearm)
LOAD linker stubs
LOAD C:/ST/STM32CubeCLT_1.22.0/GNU-tools-for-STM32/bin/../lib/gcc/arm-none-eabi/14.3.1/../../../../arm-none-eabi/lib/thumb/v7e-m+fp/hard\libc.a
LOAD C:/ST/STM32CubeCLT_1.22.0/GNU-tools-for-STM32/bin/../lib/gcc/arm-none-eabi/14.3.1/../../../../arm-none-eabi/lib/thumb/v7e-m+fp/hard\libm.a
LOAD C:/ST/STM32CubeCLT_1.22.0/GNU-tools-for-STM32/bin/../lib/gcc/arm-none-eabi/14.3.1/thumb/v7e-m+fp/hard\libgcc.a

.debug_info     0x00000000    0x20153
 .debug_info    0x00000000     0x128b ./Core/Src/VL53L.o
 .debug_info    0x0000128b      0xdb9 ./Core/Src/VL53L1X_api.o
 .debug_info    0x00002044      0x43f ./Core/Src/dma.o
 .debug_info    0x00002483      0x443 ./Core/Src/freertos.o
 .debug_info    0x000028c6      0x5f6 ./Core/Src/gpio.o
 .debug_info    0x00002ebc      0x9fd ./Core/Src/i2c.o
 .debug_info    0x000038b9      0xb74 ./Core/Src/main.o
 .debug_info    0x0000442d      0xcaa ./Core/Src/oled_ssd1306.o
 .debug_info    0x000050d7      0x449 ./Core/Src/stm32f4xx_hal_msp.o
 .debug_info    0x00005520      0xb6f ./Core/Src/stm32f4xx_hal_timebase_tim.o
 .debug_info    0x0000608f      0x9b9 ./Core/Src/stm32f4xx_it.o
 .debug_info    0x00006a48      0x168 ./Core/Src/sysmem.o
 .debug_info    0x00006bb0      0x53e ./Core/Src/system_stm32f4xx.o
 .debug_info    0x000070ee      0xb73 ./Core/Src/usart.o
 .debug_info    0x00007c61      0xa87 ./Core/Src/vl53l1_platform.o
 .debug_info    0x000086e8       0x30 ./Core/Startup/startup_stm32f401ccux.o
 .debug_info    0x00008718      0x8bb ./Drivers/STM32F4xx_HAL_Driver/Src/stm32f4xx_hal.o
 .debug_info    0x00008fd3      0xcf6 ./Drivers/STM32F4xx_HAL_Driver/Src/stm32f4xx_hal_cortex.o
 .debug_info    0x00009cc9      0x8e6 ./Drivers/STM32F4xx_HAL_Driver/Src/stm32f4xx_hal_dma.o
 .debug_info    0x0000a5af      0x589 ./Drivers/STM32F4xx_HAL_Driver/Src/stm32f4xx_hal_flash.o
 .debug_info    0x0000ab38      0x7d8 ./Drivers/STM32F4xx_HAL_Driver/Src/stm32f4xx_hal_flash_ex.o
 .debug_info    0x0000b310      0x6f9 ./Drivers/STM32F4xx_HAL_Driver/Src/stm32f4xx_hal_gpio.o
 .debug_info    0x0000ba09     0x2426 ./Drivers/STM32F4xx_HAL_Driver/Src/stm32f4xx_hal_i2c.o
 .debug_info    0x0000de2f      0x905 ./Drivers/STM32F4xx_HAL_Driver/Src/stm32f4xx_hal_rcc.o
 .debug_info    0x0000e734     0x2996 ./Drivers/STM32F4xx_HAL_Driver/Src/stm32f4xx_hal_tim.o
 .debug_info    0x000110ca     0x14d4 ./Drivers/STM32F4xx_HAL_Driver/Src/stm32f4xx_hal_tim_ex.o
 .debug_info    0x0001259e     0x2f56 ./Drivers/STM32F4xx_HAL_Driver/Src/stm32f4xx_hal_uart.o
 .debug_info    0x000154f4     0x4073 ./Middlewares/Third_Party/FreeRTOS/Source/CMSIS_RTOS_V2/cmsis_os2.o
 .debug_info    0x00019567      0x2af ./Middlewares/Third_Party/FreeRTOS/Source/list.o
 .debug_info    0x00019816     0x1b79 ./Middlewares/Third_Party/FreeRTOS/Source/queue.o
 .debug_info    0x0001b38f     0x28c1 ./Middlewares/Third_Party/FreeRTOS/Source/tasks.o
 .debug_info    0x0001dc50     0x1b50 ./Middlewares/Third_Party/FreeRTOS/Source/timers.o
 .debug_info    0x0001f7a0      0x4de ./Middlewares/Third_Party/FreeRTOS/Source/portable/GCC/ARM_CM4F/port.o
 .debug_info    0x0001fc7e      0x4d5 ./Middlewares/Third_Party/FreeRTOS/Source/portable/MemMang/heap_4.o

.debug_abbrev   0x00000000     0x4c3d
 .debug_abbrev  0x00000000      0x31a ./Core/Src/VL53L.o
 .debug_abbrev  0x0000031a      0x192 ./Core/Src/VL53L1X_api.o
 .debug_abbrev  0x000004ac      0x10e ./Core/Src/dma.o
 .debug_abbrev  0x000005ba      0x158 ./Core/Src/freertos.o
 .debug_abbrev  0x00000712      0x173 ./Core/Src/gpio.o
 .debug_abbrev  0x00000885      0x1f6 ./Core/Src/i2c.o
 .debug_abbrev  0x00000a7b      0x24d ./Core/Src/main.o
 .debug_abbrev  0x00000cc8      0x2e6 ./Core/Src/oled_ssd1306.o
 .debug_abbrev  0x00000fae      0x119 ./Core/Src/stm32f4xx_hal_msp.o
 .debug_abbrev  0x000010c7      0x207 ./Core/Src/stm32f4xx_hal_timebase_tim.o
 .debug_abbrev  0x000012ce      0x1b0 ./Core/Src/stm32f4xx_it.o
 .debug_abbrev  0x0000147e       0xbc ./Core/Src/sysmem.o
 .debug_abbrev  0x0000153a      0x11a ./Core/Src/system_stm32f4xx.o
 .debug_abbrev  0x00001654      0x22d ./Core/Src/usart.o
 .debug_abbrev  0x00001881      0x1e3 ./Core/Src/vl53l1_platform.o
 .debug_abbrev  0x00001a64       0x24 ./Core/Startup/startup_stm32f401ccux.o
 .debug_abbrev  0x00001a88      0x24b ./Drivers/STM32F4xx_HAL_Driver/Src/stm32f4xx_hal.o
 .debug_abbrev  0x00001cd3      0x31d ./Drivers/STM32F4xx_HAL_Driver/Src/stm32f4xx_hal_cortex.o
 .debug_abbrev  0x00001ff0      0x221 ./Drivers/STM32F4xx_HAL_Driver/Src/stm32f4xx_hal_dma.o
 .debug_abbrev  0x00002211      0x27c ./Drivers/STM32F4xx_HAL_Driver/Src/stm32f4xx_hal_flash.o
 .debug_abbrev  0x0000248d      0x25d ./Drivers/STM32F4xx_HAL_Driver/Src/stm32f4xx_hal_flash_ex.o
 .debug_abbrev  0x000026ea      0x1d3 ./Drivers/STM32F4xx_HAL_Driver/Src/stm32f4xx_hal_gpio.o
 .debug_abbrev  0x000028bd      0x2bc ./Drivers/STM32F4xx_HAL_Driver/Src/stm32f4xx_hal_i2c.o
 .debug_abbrev  0x00002b79      0x2b6 ./Drivers/STM32F4xx_HAL_Driver/Src/stm32f4xx_hal_rcc.o
 .debug_abbrev  0x00002e2f      0x28b ./Drivers/STM32F4xx_HAL_Driver/Src/stm32f4xx_hal_tim.o
 .debug_abbrev  0x000030ba      0x296 ./Drivers/STM32F4xx_HAL_Driver/Src/stm32f4xx_hal_tim_ex.o
 .debug_abbrev  0x00003350      0x31b ./Drivers/STM32F4xx_HAL_Driver/Src/stm32f4xx_hal_uart.o
 .debug_abbrev  0x0000366b      0x548 ./Middlewares/Third_Party/FreeRTOS/Source/CMSIS_RTOS_V2/cmsis_os2.o
 .debug_abbrev  0x00003bb3       0xf5 ./Middlewares/Third_Party/FreeRTOS/Source/list.o
 .debug_abbrev  0x00003ca8      0x3b6 ./Middlewares/Third_Party/FreeRTOS/Source/queue.o
 .debug_abbrev  0x0000405e      0x3fe ./Middlewares/Third_Party/FreeRTOS/Source/tasks.o
 .debug_abbrev  0x0000445c      0x368 ./Middlewares/Third_Party/FreeRTOS/Source/timers.o
 .debug_abbrev  0x000047c4      0x25c ./Middlewares/Third_Party/FreeRTOS/Source/portable/GCC/ARM_CM4F/port.o
 .debug_abbrev  0x00004a20      0x21d ./Middlewares/Third_Party/FreeRTOS/Source/portable/MemMang/heap_4.o

.debug_aranges  0x00000000     0x1be0
 .debug_aranges
                0x00000000       0x80 ./Core/Src/VL53L.o
 .debug_aranges
                0x00000080      0x148 ./Core/Src/VL53L1X_api.o
 .debug_aranges
                0x000001c8       0x20 ./Core/Src/dma.o
 .debug_aranges
                0x000001e8       0x38 ./Core/Src/freertos.o
 .debug_aranges
                0x00000220       0x20 ./Core/Src/gpio.o
 .debug_aranges
                0x00000240       0x38 ./Core/Src/i2c.o
 .debug_aranges
                0x00000278       0x38 ./Core/Src/main.o
 .debug_aranges
                0x000002b0       0x70 ./Core/Src/oled_ssd1306.o
 .debug_aranges
                0x00000320       0x20 ./Core/Src/stm32f4xx_hal_msp.o
 .debug_aranges
                0x00000340       0x30 ./Core/Src/stm32f4xx_hal_timebase_tim.o
 .debug_aranges
                0x00000370       0x70 ./Core/Src/stm32f4xx_it.o
 .debug_aranges
                0x000003e0       0x20 ./Core/Src/sysmem.o
 .debug_aranges
                0x00000400       0x28 ./Core/Src/system_stm32f4xx.o
 .debug_aranges
                0x00000428       0x30 ./Core/Src/usart.o
 .debug_aranges
                0x00000458       0x68 ./Core/Src/vl53l1_platform.o
 .debug_aranges
                0x000004c0       0x28 ./Core/Startup/startup_stm32f401ccux.o
 .debug_aranges
                0x000004e8       0xf0 ./Drivers/STM32F4xx_HAL_Driver/Src/stm32f4xx_hal.o
 .debug_aranges
                0x000005d8      0x130 ./Drivers/STM32F4xx_HAL_Driver/Src/stm32f4xx_hal_cortex.o
 .debug_aranges
                0x00000708       0x90 ./Drivers/STM32F4xx_HAL_Driver/Src/stm32f4xx_hal_dma.o
 .debug_aranges
                0x00000798       0xa0 ./Drivers/STM32F4xx_HAL_Driver/Src/stm32f4xx_hal_flash.o
 .debug_aranges
                0x00000838       0xc8 ./Drivers/STM32F4xx_HAL_Driver/Src/stm32f4xx_hal_flash_ex.o
 .debug_aranges
                0x00000900       0x58 ./Drivers/STM32F4xx_HAL_Driver/Src/stm32f4xx_hal_gpio.o
 .debug_aranges
                0x00000958      0x2a8 ./Drivers/STM32F4xx_HAL_Driver/Src/stm32f4xx_hal_i2c.o
 .debug_aranges
                0x00000c00       0x88 ./Drivers/STM32F4xx_HAL_Driver/Src/stm32f4xx_hal_rcc.o
 .debug_aranges
                0x00000c88      0x3d0 ./Drivers/STM32F4xx_HAL_Driver/Src/stm32f4xx_hal_tim.o
 .debug_aranges
                0x00001058      0x168 ./Drivers/STM32F4xx_HAL_Driver/Src/stm32f4xx_hal_tim_ex.o
 .debug_aranges
                0x000011c0      0x208 ./Drivers/STM32F4xx_HAL_Driver/Src/stm32f4xx_hal_uart.o
 .debug_aranges
                0x000013c8      0x2b0 ./Middlewares/Third_Party/FreeRTOS/Source/CMSIS_RTOS_V2/cmsis_os2.o
 .debug_aranges
                0x00001678       0x40 ./Middlewares/Third_Party/FreeRTOS/Source/list.o
 .debug_aranges
                0x000016b8      0x158 ./Middlewares/Third_Party/FreeRTOS/Source/queue.o
 .debug_aranges
                0x00001810      0x208 ./Middlewares/Third_Party/FreeRTOS/Source/tasks.o
 .debug_aranges
                0x00001a18       0xf0 ./Middlewares/Third_Party/FreeRTOS/Source/timers.o
 .debug_aranges
                0x00001b08       0x80 ./Middlewares/Third_Party/FreeRTOS/Source/portable/GCC/ARM_CM4F/port.o
 .debug_aranges
                0x00001b88       0x58 ./Middlewares/Third_Party/FreeRTOS/Source/portable/MemMang/heap_4.o

.debug_rnglists
                0x00000000     0x15ab
 .debug_rnglists
                0x00000000       0x61 ./Core/Src/VL53L.o
 .debug_rnglists
                0x00000061       0xfa ./Core/Src/VL53L1X_api.o
 .debug_rnglists
                0x0000015b       0x13 ./Core/Src/dma.o
 .debug_rnglists
                0x0000016e       0x25 ./Core/Src/freertos.o
 .debug_rnglists
                0x00000193       0x14 ./Core/Src/gpio.o
 .debug_rnglists
                0x000001a7       0x26 ./Core/Src/i2c.o
 .debug_rnglists
                0x000001cd       0x26 ./Core/Src/main.o
 .debug_rnglists
                0x000001f3       0x61 ./Core/Src/oled_ssd1306.o
 .debug_rnglists
                0x00000254       0x13 ./Core/Src/stm32f4xx_hal_msp.o
 .debug_rnglists
                0x00000267       0x20 ./Core/Src/stm32f4xx_hal_timebase_tim.o
 .debug_rnglists
                0x00000287       0x4f ./Core/Src/stm32f4xx_it.o
 .debug_rnglists
                0x000002d6       0x13 ./Core/Src/sysmem.o
 .debug_rnglists
                0x000002e9       0x1a ./Core/Src/system_stm32f4xx.o
 .debug_rnglists
                0x00000303       0x20 ./Core/Src/usart.o
 .debug_rnglists
                0x00000323       0x49 ./Core/Src/vl53l1_platform.o
 .debug_rnglists
                0x0000036c       0x19 ./Core/Startup/startup_stm32f401ccux.o
 .debug_rnglists
                0x00000385       0xaf ./Drivers/STM32F4xx_HAL_Driver/Src/stm32f4xx_hal.o
 .debug_rnglists
                0x00000434       0xe0 ./Drivers/STM32F4xx_HAL_Driver/Src/stm32f4xx_hal_cortex.o
 .debug_rnglists
                0x00000514       0x70 ./Drivers/STM32F4xx_HAL_Driver/Src/stm32f4xx_hal_dma.o
 .debug_rnglists
                0x00000584       0x78 ./Drivers/STM32F4xx_HAL_Driver/Src/stm32f4xx_hal_flash.o
 .debug_rnglists
                0x000005fc       0x96 ./Drivers/STM32F4xx_HAL_Driver/Src/stm32f4xx_hal_flash_ex.o
 .debug_rnglists
                0x00000692       0x3f ./Drivers/STM32F4xx_HAL_Driver/Src/stm32f4xx_hal_gpio.o
 .debug_rnglists
                0x000006d1      0x23c ./Drivers/STM32F4xx_HAL_Driver/Src/stm32f4xx_hal_i2c.o
 .debug_rnglists
                0x0000090d       0x66 ./Drivers/STM32F4xx_HAL_Driver/Src/stm32f4xx_hal_rcc.o
 .debug_rnglists
                0x00000973      0x31a ./Drivers/STM32F4xx_HAL_Driver/Src/stm32f4xx_hal_tim.o
 .debug_rnglists
                0x00000c8d      0x125 ./Drivers/STM32F4xx_HAL_Driver/Src/stm32f4xx_hal_tim_ex.o
 .debug_rnglists
                0x00000db2      0x1bc ./Drivers/STM32F4xx_HAL_Driver/Src/stm32f4xx_hal_uart.o
 .debug_rnglists
                0x00000f6e      0x212 ./Middlewares/Third_Party/FreeRTOS/Source/CMSIS_RTOS_V2/cmsis_os2.o
 .debug_rnglists
                0x00001180       0x2b ./Middlewares/Third_Party/FreeRTOS/Source/list.o
 .debug_rnglists
                0x000011ab      0x109 ./Middlewares/Third_Party/FreeRTOS/Source/queue.o
 .debug_rnglists
                0x000012b4      0x1a0 ./Middlewares/Third_Party/FreeRTOS/Source/tasks.o
 .debug_rnglists
                0x00001454       0xb8 ./Middlewares/Third_Party/FreeRTOS/Source/timers.o
 .debug_rnglists
                0x0000150c       0x5d ./Middlewares/Third_Party/FreeRTOS/Source/portable/GCC/ARM_CM4F/port.o
 .debug_rnglists
                0x00001569       0x42 ./Middlewares/Third_Party/FreeRTOS/Source/portable/MemMang/heap_4.o

.debug_macro    0x00000000    0x1af07
 .debug_macro   0x00000000      0x452 ./Core/Src/VL53L.o
 .debug_macro   0x00000452      0xad8 ./Core/Src/VL53L.o
 .debug_macro   0x00000f2a      0x2a1 ./Core/Src/VL53L.o
 .debug_macro   0x000011cb       0x2e ./Core/Src/VL53L.o
 .debug_macro   0x000011f9       0x28 ./Core/Src/VL53L.o
 .debug_macro   0x00001221       0x22 ./Core/Src/VL53L.o
 .debug_macro   0x00001243       0x8e ./Core/Src/VL53L.o
 .debug_macro   0x000012d1       0x51 ./Core/Src/VL53L.o
 .debug_macro   0x00001322      0x103 ./Core/Src/VL53L.o
 .debug_macro   0x00001425       0x6a ./Core/Src/VL53L.o
 .debug_macro   0x0000148f      0x1df ./Core/Src/VL53L.o
 .debug_macro   0x0000166e       0x1c ./Core/Src/VL53L.o
 .debug_macro   0x0000168a       0x22 ./Core/Src/VL53L.o
 .debug_macro   0x000016ac       0xfb ./Core/Src/VL53L.o
 .debug_macro   0x000017a7     0x1011 ./Core/Src/VL53L.o
 .debug_macro   0x000027b8      0x11f ./Core/Src/VL53L.o
 .debug_macro   0x000028d7     0xb881 ./Core/Src/VL53L.o
 .debug_macro   0x0000e158       0x6d ./Core/Src/VL53L.o
 .debug_macro   0x0000e1c5     0x3693 ./Core/Src/VL53L.o
 .debug_macro   0x00011858      0x190 ./Core/Src/VL53L.o
 .debug_macro   0x000119e8       0x5c ./Core/Src/VL53L.o
 .debug_macro   0x00011a44      0x416 ./Core/Src/VL53L.o
 .debug_macro   0x00011e5a      0x9e9 ./Core/Src/VL53L.o
 .debug_macro   0x00012843      0x115 ./Core/Src/VL53L.o
 .debug_macro   0x00012958       0xf8 ./Core/Src/VL53L.o
 .debug_macro   0x00012a50       0xa5 ./Core/Src/VL53L.o
 .debug_macro   0x00012af5      0x15f ./Core/Src/VL53L.o
 .debug_macro   0x00012c54      0x287 ./Core/Src/VL53L.o
 .debug_macro   0x00012edb       0x5f ./Core/Src/VL53L.o
 .debug_macro   0x00012f3a      0x236 ./Core/Src/VL53L.o
 .debug_macro   0x00013170      0x132 ./Core/Src/VL53L.o