16:46:58 **** Build of configuration Debug for project stm32_new ****
make -j4 all 
arm-none-eabi-gcc "../Drivers/STM32F4xx_HAL_Driver/Src/stm32f4xx_hal.c" -mcpu=cortex-m4 -std=gnu11 -g3 -DDEBUG -DUSE_HAL_DRIVER -DSTM32F401xC -c -I../Core/Inc -I../Drivers/STM32F4xx_HAL_Driver/Inc -I../Drivers/STM32F4xx_HAL_Driver/Inc/Legacy -I../Drivers/CMSIS/Device/ST/STM32F4xx/Include -I../Drivers/CMSIS/Include -O0 -ffunction-sections -fdata-sections -Wall -fstack-usage -fcyclomatic-complexity -MMD -MP -MF"Drivers/STM32F4xx_HAL_Driver/Src/stm32f4xx_hal.d" -MT"Drivers/STM32F4xx_HAL_Driver/Src/stm32f4xx_hal.o" --specs=nano.specs -mfpu=fpv4-sp-d16 -mfloat-abi=hard -mthumb -o "Drivers/STM32F4xx_HAL_Driver/Src/stm32f4xx_hal.o"
arm-none-eabi-gcc "../Drivers/STM32F4xx_HAL_Driver/Src/stm32f4xx_hal_cortex.c" -mcpu=cortex-m4 -std=gnu11 -g3 -DDEBUG -DUSE_HAL_DRIVER -DSTM32F401xC -c -I../Core/Inc -I../Drivers/STM32F4xx_HAL_Driver/Inc -I../Drivers/STM32F4xx_HAL_Driver/Inc/Legacy -I../Drivers/CMSIS/Device/ST/STM32F4xx/Include -I../Drivers/CMSIS/Include -O0 -ffunction-sections -fdata-sections -Wall -fstack-usage -fcyclomatic-complexity -MMD -MP -MF"Drivers/STM32F4xx_HAL_Driver/Src/stm32f4xx_hal_cortex.d" -MT"Drivers/STM32F4xx_HAL_Driver/Src/stm32f4xx_hal_cortex.o" --specs=nano.specs -mfpu=fpv4-sp-d16 -mfloat-abi=hard -mthumb -o "Drivers/STM32F4xx_HAL_Driver/Src/stm32f4xx_hal_cortex.o"
arm-none-eabi-gcc "../Drivers/STM32F4xx_HAL_Driver/Src/stm32f4xx_hal_dma.c" -mcpu=cortex-m4 -std=gnu11 -g3 -DDEBUG -DUSE_HAL_DRIVER -DSTM32F401xC -c -I../Core/Inc -I../Drivers/STM32F4xx_HAL_Driver/Inc -I../Drivers/STM32F4xx_HAL_Driver/Inc/Legacy -I../Drivers/CMSIS/Device/ST/STM32F4xx/Include -I../Drivers/CMSIS/Include -O0 -ffunction-sections -fdata-sections -Wall -fstack-usage -fcyclomatic-complexity -MMD -MP -MF"Drivers/STM32F4xx_HAL_Driver/Src/stm32f4xx_hal_dma.d" -MT"Drivers/STM32F4xx_HAL_Driver/Src/stm32f4xx_hal_dma.o" --specs=nano.specs -mfpu=fpv4-sp-d16 -mfloat-abi=hard -mthumb -o "Drivers/STM32F4xx_HAL_Driver/Src/stm32f4xx_hal_dma.o"
arm-none-eabi-gcc "../Drivers/STM32F4xx_HAL_Driver/Src/stm32f4xx_hal_dma_ex.c" -mcpu=cortex-m4 -std=gnu11 -g3 -DDEBUG -DUSE_HAL_DRIVER -DSTM32F401xC -c -I../Core/Inc -I../Drivers/STM32F4xx_HAL_Driver/Inc -I../Drivers/STM32F4xx_HAL_Driver/Inc/Legacy -I../Drivers/CMSIS/Device/ST/STM32F4xx/Include -I../Drivers/CMSIS/Include -O0 -ffunction-sections -fdata-sections -Wall -fstack-usage -fcyclomatic-complexity -MMD -MP -MF"Drivers/STM32F4xx_HAL_Driver/Src/stm32f4xx_hal_dma_ex.d" -MT"Drivers/STM32F4xx_HAL_Driver/Src/stm32f4xx_hal_dma_ex.o" --specs=nano.specs -mfpu=fpv4-sp-d16 -mfloat-abi=hard -mthumb -o "Drivers/STM32F4xx_HAL_Driver/Src/stm32f4xx_hal_dma_ex.o"
arm-none-eabi-gcc "../Drivers/STM32F4xx_HAL_Driver/Src/stm32f4xx_hal_exti.c" -mcpu=cortex-m4 -std=gnu11 -g3 -DDEBUG -DUSE_HAL_DRIVER -DSTM32F401xC -c -I../Core/Inc -I../Drivers/STM32F4xx_HAL_Driver/Inc -I../Drivers/STM32F4xx_HAL_Driver/Inc/Legacy -I../Drivers/CMSIS/Device/ST/STM32F4xx/Include -I../Drivers/CMSIS/Include -O0 -ffunction-sections -fdata-sections -Wall -fstack-usage -fcyclomatic-complexity -MMD -MP -MF"Drivers/STM32F4xx_HAL_Driver/Src/stm32f4xx_hal_exti.d" -MT"Drivers/STM32F4xx_HAL_Driver/Src/stm32f4xx_hal_exti.o" --specs=nano.specs -mfpu=fpv4-sp-d16 -mfloat-abi=hard -mthumb -o "Drivers/STM32F4xx_HAL_Driver/Src/stm32f4xx_hal_exti.o"
arm-none-eabi-gcc "../Drivers/STM32F4xx_HAL_Driver/Src/stm32f4xx_hal_flash.c" -mcpu=cortex-m4 -std=gnu11 -g3 -DDEBUG -DUSE_HAL_DRIVER -DSTM32F401xC -c -I../Core/Inc -I../Drivers/STM32F4xx_HAL_Driver/Inc -I../Drivers/STM32F4xx_HAL_Driver/Inc/Legacy -I../Drivers/CMSIS/Device/ST/STM32F4xx/Include -I../Drivers/CMSIS/Include -O0 -ffunction-sections -fdata-sections -Wall -fstack-usage -fcyclomatic-complexity -MMD -MP -MF"Drivers/STM32F4xx_HAL_Driver/Src/stm32f4xx_hal_flash.d" -MT"Drivers/STM32F4xx_HAL_Driver/Src/stm32f4xx_hal_flash.o" --specs=nano.specs -mfpu=fpv4-sp-d16 -mfloat-abi=hard -mthumb -o "Drivers/STM32F4xx_HAL_Driver/Src/stm32f4xx_hal_flash.o"
arm-none-eabi-gcc "../Drivers/STM32F4xx_HAL_Driver/Src/stm32f4xx_hal_flash_ex.c" -mcpu=cortex-m4 -std=gnu11 -g3 -DDEBUG -DUSE_HAL_DRIVER -DSTM32F401xC -c -I../Core/Inc -I../Drivers/STM32F4xx_HAL_Driver/Inc -I../Drivers/STM32F4xx_HAL_Driver/Inc/Legacy -I../Drivers/CMSIS/Device/ST/STM32F4xx/Include -I../Drivers/CMSIS/Include -O0 -ffunction-sections -fdata-sections -Wall -fstack-usage -fcyclomatic-complexity -MMD -MP -MF"Drivers/STM32F4xx_HAL_Driver/Src/stm32f4xx_hal_flash_ex.d" -MT"Drivers/STM32F4xx_HAL_Driver/Src/stm32f4xx_hal_flash_ex.o" --specs=nano.specs -mfpu=fpv4-sp-d16 -mfloat-abi=hard -mthumb -o "Drivers/STM32F4xx_HAL_Driver/Src/stm32f4xx_hal_flash_ex.o"
arm-none-eabi-gcc "../Drivers/STM32F4xx_HAL_Driver/Src/stm32f4xx_hal_flash_ramfunc.c" -mcpu=cortex-m4 -std=gnu11 -g3 -DDEBUG -DUSE_HAL_DRIVER -DSTM32F401xC -c -I../Core/Inc -I../Drivers/STM32F4xx_HAL_Driver/Inc -I../Drivers/STM32F4xx_HAL_Driver/Inc/Legacy -I../Drivers/CMSIS/Device/ST/STM32F4xx/Include -I../Drivers/CMSIS/Include -O0 -ffunction-sections -fdata-sections -Wall -fstack-usage -fcyclomatic-complexity -MMD -MP -MF"Drivers/STM32F4xx_HAL_Driver/Src/stm32f4xx_hal_flash_ramfunc.d" -MT"Drivers/STM32F4xx_HAL_Driver/Src/stm32f4xx_hal_flash_ramfunc.o" --specs=nano.specs -mfpu=fpv4-sp-d16 -mfloat-abi=hard -mthumb -o "Drivers/STM32F4xx_HAL_Driver/Src/stm32f4xx_hal_flash_ramfunc.o"
arm-none-eabi-gcc "../Drivers/STM32F4xx_HAL_Driver/Src/stm32f4xx_hal_gpio.c" -mcpu=cortex-m4 -std=gnu11 -g3 -DDEBUG -DUSE_HAL_DRIVER -DSTM32F401xC -c -I../Core/Inc -I../Drivers/STM32F4xx_HAL_Driver/Inc -I../Drivers/STM32F4xx_HAL_Driver/Inc/Legacy -I../Drivers/CMSIS/Device/ST/STM32F4xx/Include -I../Drivers/CMSIS/Include -O0 -ffunction-sections -fdata-sections -Wall -fstack-usage -fcyclomatic-complexity -MMD -MP -MF"Drivers/STM32F4xx_HAL_Driver/Src/stm32f4xx_hal_gpio.d" -MT"Drivers/STM32F4xx_HAL_Driver/Src/stm32f4xx_hal_gpio.o" --specs=nano.specs -mfpu=fpv4-sp-d16 -mfloat-abi=hard -mthumb -o "Drivers/STM32F4xx_HAL_Driver/Src/stm32f4xx_hal_gpio.o"
arm-none-eabi-gcc "../Drivers/STM32F4xx_HAL_Driver/Src/stm32f4xx_hal_i2c.c" -mcpu=cortex-m4 -std=gnu11 -g3 -DDEBUG -DUSE_HAL_DRIVER -DSTM32F401xC -c -I../Core/Inc -I../Drivers/STM32F4xx_HAL_Driver/Inc -I../Drivers/STM32F4xx_HAL_Driver/Inc/Legacy -I../Drivers/CMSIS/Device/ST/STM32F4xx/Include -I../Drivers/CMSIS/Include -O0 -ffunction-sections -fdata-sections -Wall -fstack-usage -fcyclomatic-complexity -MMD -MP -MF"Drivers/STM32F4xx_HAL_Driver/Src/stm32f4xx_hal_i2c.d" -MT"Drivers/STM32F4xx_HAL_Driver/Src/stm32f4xx_hal_i2c.o" --specs=nano.specs -mfpu=fpv4-sp-d16 -mfloat-abi=hard -mthumb -o "Drivers/STM32F4xx_HAL_Driver/Src/stm32f4xx_hal_i2c.o"
arm-none-eabi-gcc "../Drivers/STM32F4xx_HAL_Driver/Src/stm32f4xx_hal_i2c_ex.c" -mcpu=cortex-m4 -std=gnu11 -g3 -DDEBUG -DUSE_HAL_DRIVER -DSTM32F401xC -c -I../Core/Inc -I../Drivers/STM32F4xx_HAL_Driver/Inc -I../Drivers/STM32F4xx_HAL_Driver/Inc/Legacy -I../Drivers/CMSIS/Device/ST/STM32F4xx/Include -I../Drivers/CMSIS/Include -O0 -ffunction-sections -fdata-sections -Wall -fstack-usage -fcyclomatic-complexity -MMD -MP -MF"Drivers/STM32F4xx_HAL_Driver/Src/stm32f4xx_hal_i2c_ex.d" -MT"Drivers/STM32F4xx_HAL_Driver/Src/stm32f4xx_hal_i2c_ex.o" --specs=nano.specs -mfpu=fpv4-sp-d16 -mfloat-abi=hard -mthumb -o "Drivers/STM32F4xx_HAL_Driver/Src/stm32f4xx_hal_i2c_ex.o"
arm-none-eabi-gcc "../Drivers/STM32F4xx_HAL_Driver/Src/stm32f4xx_hal_pwr.c" -mcpu=cortex-m4 -std=gnu11 -g3 -DDEBUG -DUSE_HAL_DRIVER -DSTM32F401xC -c -I../Core/Inc -I../Drivers/STM32F4xx_HAL_Driver/Inc -I../Drivers/STM32F4xx_HAL_Driver/Inc/Legacy -I../Drivers/CMSIS/Device/ST/STM32F4xx/Include -I../Drivers/CMSIS/Include -O0 -ffunction-sections -fdata-sections -Wall -fstack-usage -fcyclomatic-complexity -MMD -MP -MF"Drivers/STM32F4xx_HAL_Driver/Src/stm32f4xx_hal_pwr.d" -MT"Drivers/STM32F4xx_HAL_Driver/Src/stm32f4xx_hal_pwr.o" --specs=nano.specs -mfpu=fpv4-sp-d16 -mfloat-abi=hard -mthumb -o "Drivers/STM32F4xx_HAL_Driver/Src/stm32f4xx_hal_pwr.o"
arm-none-eabi-gcc "../Drivers/STM32F4xx_HAL_Driver/Src/stm32f4xx_hal_pwr_ex.c" -mcpu=cortex-m4 -std=gnu11 -g3 -DDEBUG -DUSE_HAL_DRIVER -DSTM32F401xC -c -I../Core/Inc -I../Drivers/STM32F4xx_HAL_Driver/Inc -I../Drivers/STM32F4xx_HAL_Driver/Inc/Legacy -I../Drivers/CMSIS/Device/ST/STM32F4xx/Include -I../Drivers/CMSIS/Include -O0 -ffunction-sections -fdata-sections -Wall -fstack-usage -fcyclomatic-complexity -MMD -MP -MF"Drivers/STM32F4xx_HAL_Driver/Src/stm32f4xx_hal_pwr_ex.d" -MT"Drivers/STM32F4xx_HAL_Driver/Src/stm32f4xx_hal_pwr_ex.o" --specs=nano.specs -mfpu=fpv4-sp-d16 -mfloat-abi=hard -mthumb -o "Drivers/STM32F4xx_HAL_Driver/Src/stm32f4xx_hal_pwr_ex.o"
arm-none-eabi-gcc "../Drivers/STM32F4xx_HAL_Driver/Src/stm32f4xx_hal_rcc.c" -mcpu=cortex-m4 -std=gnu11 -g3 -DDEBUG -DUSE_HAL_DRIVER -DSTM32F401xC -c -I../Core/Inc -I../Drivers/STM32F4xx_HAL_Driver/Inc -I../Drivers/STM32F4xx_HAL_Driver/Inc/Legacy -I../Drivers/CMSIS/Device/ST/STM32F4xx/Include -I../Drivers/CMSIS/Include -O0 -ffunction-sections -fdata-sections -Wall -fstack-usage -fcyclomatic-complexity -MMD -MP -MF"Drivers/STM32F4xx_HAL_Driver/Src/stm32f4xx_hal_rcc.d" -MT"Drivers/STM32F4xx_HAL_Driver/Src/stm32f4xx_hal_rcc.o" --specs=nano.specs -mfpu=fpv4-sp-d16 -mfloat-abi=hard -mthumb -o "Drivers/STM32F4xx_HAL_Driver/Src/stm32f4xx_hal_rcc.o"
arm-none-eabi-gcc "../Drivers/STM32F4xx_HAL_Driver/Src/stm32f4xx_hal_rcc_ex.c" -mcpu=cortex-m4 -std=gnu11 -g3 -DDEBUG -DUSE_HAL_DRIVER -DSTM32F401xC -c -I../Core/Inc -I../Drivers/STM32F4xx_HAL_Driver/Inc -I../Drivers/STM32F4xx_HAL_Driver/Inc/Legacy -I../Drivers/CMSIS/Device/ST/STM32F4xx/Include -I../Drivers/CMSIS/Include -O0 -ffunction-sections -fdata-sections -Wall -fstack-usage -fcyclomatic-complexity -MMD -MP -MF"Drivers/STM32F4xx_HAL_Driver/Src/stm32f4xx_hal_rcc_ex.d" -MT"Drivers/STM32F4xx_HAL_Driver/Src/stm32f4xx_hal_rcc_ex.o" --specs=nano.specs -mfpu=fpv4-sp-d16 -mfloat-abi=hard -mthumb -o "Drivers/STM32F4xx_HAL_Driver/Src/stm32f4xx_hal_rcc_ex.o"
arm-none-eabi-gcc "../Drivers/STM32F4xx_HAL_Driver/Src/stm32f4xx_hal_uart.c" -mcpu=cortex-m4 -std=gnu11 -g3 -DDEBUG -DUSE_HAL_DRIVER -DSTM32F401xC -c -I../Core/Inc -I../Drivers/STM32F4xx_HAL_Driver/Inc -I../Drivers/STM32F4xx_HAL_Driver/Inc/Legacy -I../Drivers/CMSIS/Device/ST/STM32F4xx/Include -I../Drivers/CMSIS/Include -O0 -ffunction-sections -fdata-sections -Wall -fstack-usage -fcyclomatic-complexity -MMD -MP -MF"Drivers/STM32F4xx_HAL_Driver/Src/stm32f4xx_hal_uart.d" -MT"Drivers/STM32F4xx_HAL_Driver/Src/stm32f4xx_hal_uart.o" --specs=nano.specs -mfpu=fpv4-sp-d16 -mfloat-abi=hard -mthumb -o "Drivers/STM32F4xx_HAL_Driver/Src/stm32f4xx_hal_uart.o"
arm-none-eabi-gcc -mcpu=cortex-m4 -g3 -DDEBUG -c -x assembler-with-cpp -MMD -MP -MF"Core/Startup/startup_stm32f401ccux.d" -MT"Core/Startup/startup_stm32f401ccux.o" --specs=nano.specs -mfpu=fpv4-sp-d16 -mfloat-abi=hard -mthumb -o "Core/Startup/startup_stm32f401ccux.o" "../Core/Startup/startup_stm32f401ccux.s"
arm-none-eabi-gcc "../Core/Src/VL53L1X_api.c" -mcpu=cortex-m4 -std=gnu11 -g3 -DDEBUG -DUSE_HAL_DRIVER -DSTM32F401xC -c -I../Core/Inc -I../Drivers/STM32F4xx_HAL_Driver/Inc -I../Drivers/STM32F4xx_HAL_Driver/Inc/Legacy -I../Drivers/CMSIS/Device/ST/STM32F4xx/Include -I../Drivers/CMSIS/Include -O0 -ffunction-sections -fdata-sections -Wall -fstack-usage -fcyclomatic-complexity -MMD -MP -MF"Core/Src/VL53L1X_api.d" -MT"Core/Src/VL53L1X_api.o" --specs=nano.specs -mfpu=fpv4-sp-d16 -mfloat-abi=hard -mthumb -o "Core/Src/VL53L1X_api.o"
arm-none-eabi-gcc "../Core/Src/VL53L1X_calibration.c" -mcpu=cortex-m4 -std=gnu11 -g3 -DDEBUG -DUSE_HAL_DRIVER -DSTM32F401xC -c -I../Core/Inc -I../Drivers/STM32F4xx_HAL_Driver/Inc -I../Drivers/STM32F4xx_HAL_Driver/Inc/Legacy -I../Drivers/CMSIS/Device/ST/STM32F4xx/Include -I../Drivers/CMSIS/Include -O0 -ffunction-sections -fdata-sections -Wall -fstack-usage -fcyclomatic-complexity -MMD -MP -MF"Core/Src/VL53L1X_calibration.d" -MT"Core/Src/VL53L1X_calibration.o" --specs=nano.specs -mfpu=fpv4-sp-d16 -mfloat-abi=hard -mthumb -o "Core/Src/VL53L1X_calibration.o"
arm-none-eabi-gcc "../Core/Src/dma.c" -mcpu=cortex-m4 -std=gnu11 -g3 -DDEBUG -DUSE_HAL_DRIVER -DSTM32F401xC -c -I../Core/Inc -I../Drivers/STM32F4xx_HAL_Driver/Inc -I../Drivers/STM32F4xx_HAL_Driver/Inc/Legacy -I../Drivers/CMSIS/Device/ST/STM32F4xx/Include -I../Drivers/CMSIS/Include -O0 -ffunction-sections -fdata-sections -Wall -fstack-usage -fcyclomatic-complexity -MMD -MP -MF"Core/Src/dma.d" -MT"Core/Src/dma.o" --specs=nano.specs -mfpu=fpv4-sp-d16 -mfloat-abi=hard -mthumb -o "Core/Src/dma.o"
arm-none-eabi-gcc "../Core/Src/gpio.c" -mcpu=cortex-m4 -std=gnu11 -g3 -DDEBUG -DUSE_HAL_DRIVER -DSTM32F401xC -c -I../Core/Inc -I../Drivers/STM32F4xx_HAL_Driver/Inc -I../Drivers/STM32F4xx_HAL_Driver/Inc/Legacy -I../Drivers/CMSIS/Device/ST/STM32F4xx/Include -I../Drivers/CMSIS/Include -O0 -ffunction-sections -fdata-sections -Wall -fstack-usage -fcyclomatic-complexity -MMD -MP -MF"Core/Src/gpio.d" -MT"Core/Src/gpio.o" --specs=nano.specs -mfpu=fpv4-sp-d16 -mfloat-abi=hard -mthumb -o "Core/Src/gpio.o"
arm-none-eabi-gcc "../Core/Src/i2c.c" -mcpu=cortex-m4 -std=gnu11 -g3 -DDEBUG -DUSE_HAL_DRIVER -DSTM32F401xC -c -I../Core/Inc -I../Drivers/STM32F4xx_HAL_Driver/Inc -I../Drivers/STM32F4xx_HAL_Driver/Inc/Legacy -I../Drivers/CMSIS/Device/ST/STM32F4xx/Include -I../Drivers/CMSIS/Include -O0 -ffunction-sections -fdata-sections -Wall -fstack-usage -fcyclomatic-complexity -MMD -MP -MF"Core/Src/i2c.d" -MT"Core/Src/i2c.o" --specs=nano.specs -mfpu=fpv4-sp-d16 -mfloat-abi=hard -mthumb -o "Core/Src/i2c.o"
arm-none-eabi-gcc "../Core/Src/main.c" -mcpu=cortex-m4 -std=gnu11 -g3 -DDEBUG -DUSE_HAL_DRIVER -DSTM32F401xC -c -I../Core/Inc -I../Drivers/STM32F4xx_HAL_Driver/Inc -I../Drivers/STM32F4xx_HAL_Driver/Inc/Legacy -I../Drivers/CMSIS/Device/ST/STM32F4xx/Include -I../Drivers/CMSIS/Include -O0 -ffunction-sections -fdata-sections -Wall -fstack-usage -fcyclomatic-complexity -MMD -MP -MF"Core/Src/main.d" -MT"Core/Src/main.o" --specs=nano.specs -mfpu=fpv4-sp-d16 -mfloat-abi=hard -mthumb -o "Core/Src/main.o"
arm-none-eabi-gcc "../Core/Src/stm32f4xx_hal_msp.c" -mcpu=cortex-m4 -std=gnu11 -g3 -DDEBUG -DUSE_HAL_DRIVER -DSTM32F401xC -c -I../Core/Inc -I../Drivers/STM32F4xx_HAL_Driver/Inc -I../Drivers/STM32F4xx_HAL_Driver/Inc/Legacy -I../Drivers/CMSIS/Device/ST/STM32F4xx/Include -I../Drivers/CMSIS/Include -O0 -ffunction-sections -fdata-sections -Wall -fstack-usage -fcyclomatic-complexity -MMD -MP -MF"Core/Src/stm32f4xx_hal_msp.d" -MT"Core/Src/stm32f4xx_hal_msp.o" --specs=nano.specs -mfpu=fpv4-sp-d16 -mfloat-abi=hard -mthumb -o "Core/Src/stm32f4xx_hal_msp.o"
arm-none-eabi-gcc "../Core/Src/stm32f4xx_it.c" -mcpu=cortex-m4 -std=gnu11 -g3 -DDEBUG -DUSE_HAL_DRIVER -DSTM32F401xC -c -I../Core/Inc -I../Drivers/STM32F4xx_HAL_Driver/Inc -I../Drivers/STM32F4xx_HAL_Driver/Inc/Legacy -I../Drivers/CMSIS/Device/ST/STM32F4xx/Include -I../Drivers/CMSIS/Include -O0 -ffunction-sections -fdata-sections -Wall -fstack-usage -fcyclomatic-complexity -MMD -MP -MF"Core/Src/stm32f4xx_it.d" -MT"Core/Src/stm32f4xx_it.o" --specs=nano.specs -mfpu=fpv4-sp-d16 -mfloat-abi=hard -mthumb -o "Core/Src/stm32f4xx_it.o"
arm-none-eabi-gcc "../Core/Src/syscalls.c" -mcpu=cortex-m4 -std=gnu11 -g3 -DDEBUG -DUSE_HAL_DRIVER -DSTM32F401xC -c -I../Core/Inc -I../Drivers/STM32F4xx_HAL_Driver/Inc -I../Drivers/STM32F4xx_HAL_Driver/Inc/Legacy -I../Drivers/CMSIS/Device/ST/STM32F4xx/Include -I../Drivers/CMSIS/Include -O0 -ffunction-sections -fdata-sections -Wall -fstack-usage -fcyclomatic-complexity -MMD -MP -MF"Core/Src/syscalls.d" -MT"Core/Src/syscalls.o" --specs=nano.specs -mfpu=fpv4-sp-d16 -mfloat-abi=hard -mthumb -o "Core/Src/syscalls.o"
arm-none-eabi-gcc "../Core/Src/sysmem.c" -mcpu=cortex-m4 -std=gnu11 -g3 -DDEBUG -DUSE_HAL_DRIVER -DSTM32F401xC -c -I../Core/Inc -I../Drivers/STM32F4xx_HAL_Driver/Inc -I../Drivers/STM32F4xx_HAL_Driver/Inc/Legacy -I../Drivers/CMSIS/Device/ST/STM32F4xx/Include -I../Drivers/CMSIS/Include -O0 -ffunction-sections -fdata-sections -Wall -fstack-usage -fcyclomatic-complexity -MMD -MP -MF"Core/Src/sysmem.d" -MT"Core/Src/sysmem.o" --specs=nano.specs -mfpu=fpv4-sp-d16 -mfloat-abi=hard -mthumb -o "Core/Src/sysmem.o"
arm-none-eabi-gcc "../Core/Src/system_stm32f4xx.c" -mcpu=cortex-m4 -std=gnu11 -g3 -DDEBUG -DUSE_HAL_DRIVER -DSTM32F401xC -c -I../Core/Inc -I../Drivers/STM32F4xx_HAL_Driver/Inc -I../Drivers/STM32F4xx_HAL_Driver/Inc/Legacy -I../Drivers/CMSIS/Device/ST/STM32F4xx/Include -I../Drivers/CMSIS/Include -O0 -ffunction-sections -fdata-sections -Wall -fstack-usage -fcyclomatic-complexity -MMD -MP -MF"Core/Src/system_stm32f4xx.d" -MT"Core/Src/system_stm32f4xx.o" --specs=nano.specs -mfpu=fpv4-sp-d16 -mfloat-abi=hard -mthumb -o "Core/Src/system_stm32f4xx.o"
arm-none-eabi-gcc "../Core/Src/usart.c" -mcpu=cortex-m4 -std=gnu11 -g3 -DDEBUG -DUSE_HAL_DRIVER -DSTM32F401xC -c -I../Core/Inc -I../Drivers/STM32F4xx_HAL_Driver/Inc -I../Drivers/STM32F4xx_HAL_Driver/Inc/Legacy -I../Drivers/CMSIS/Device/ST/STM32F4xx/Include -I../Drivers/CMSIS/Include -O0 -ffunction-sections -fdata-sections -Wall -fstack-usage -fcyclomatic-complexity -MMD -MP -MF"Core/Src/usart.d" -MT"Core/Src/usart.o" --specs=nano.specs -mfpu=fpv4-sp-d16 -mfloat-abi=hard -mthumb -o "Core/Src/usart.o"
arm-none-eabi-gcc "../Core/Src/vl53l1_platform.c" -mcpu=cortex-m4 -std=gnu11 -g3 -DDEBUG -DUSE_HAL_DRIVER -DSTM32F401xC -c -I../Core/Inc -I../Drivers/STM32F4xx_HAL_Driver/Inc -I../Drivers/STM32F4xx_HAL_Driver/Inc/Legacy -I../Drivers/CMSIS/Device/ST/STM32F4xx/Include -I../Drivers/CMSIS/Include -O0 -ffunction-sections -fdata-sections -Wall -fstack-usage -fcyclomatic-complexity -MMD -MP -MF"Core/Src/vl53l1_platform.d" -MT"Core/Src/vl53l1_platform.o" --specs=nano.specs -mfpu=fpv4-sp-d16 -mfloat-abi=hard -mthumb -o "Core/Src/vl53l1_platform.o"
arm-none-eabi-gcc "../Core/Src/vl53l1x_mitsu_app.c" -mcpu=cortex-m4 -std=gnu11 -g3 -DDEBUG -DUSE_HAL_DRIVER -DSTM32F401xC -c -I../Core/Inc -I../Drivers/STM32F4xx_HAL_Driver/Inc -I../Drivers/STM32F4xx_HAL_Driver/Inc/Legacy -I../Drivers/CMSIS/Device/ST/STM32F4xx/Include -I../Drivers/CMSIS/Include -O0 -ffunction-sections -fdata-sections -Wall -fstack-usage -fcyclomatic-complexity -MMD -MP -MF"Core/Src/vl53l1x_mitsu_app.d" -MT"Core/Src/vl53l1x_mitsu_app.o" --specs=nano.specs -mfpu=fpv4-sp-d16 -mfloat-abi=hard -mthumb -o "Core/Src/vl53l1x_mitsu_app.o"
arm-none-eabi-gcc -o "stm32_new.elf" @"objects.list"   -mcpu=cortex-m4 -T"D:\data-2026\lap_top\GHEP-MITSU_BACKUP\stm32_vl53l1x\stm32_new\STM32F401CCUX_FLASH.ld" --specs=nosys.specs -Wl,-Map="stm32_new.map" -Wl,--gc-sections -static --specs=nano.specs -mfpu=fpv4-sp-d16 -mfloat-abi=hard -mthumb -Wl,--start-group -lc -lm -Wl,--end-group
Finished building target: stm32_new.elf
 
arm-none-eabi-size  stm32_new.elf 
arm-none-eabi-objdump -h -S stm32_new.elf  > "stm32_new.list"
   text	   data	    bss	    dec	    hex	filename
  26580	     96	   2968	  29644	   73cc	stm32_new.elf
Finished building: default.size.stdout
 
Finished building: stm32_new.list
 
16:51:50 **** Incremental Build of configuration Debug for project stm32_new ****
make -j4 all 
arm-none-eabi-gcc "../Core/Src/vl53l1x_mitsu_app.c" -mcpu=cortex-m4 -std=gnu11 -g3 -DDEBUG -DUSE_HAL_DRIVER -DSTM32F401xC -c -I../Core/Inc -I../Drivers/STM32F4xx_HAL_Driver/Inc -I../Drivers/STM32F4xx_HAL_Driver/Inc/Legacy -I../Drivers/CMSIS/Device/ST/STM32F4xx/Include -I../Drivers/CMSIS/Include -O0 -ffunction-sections -fdata-sections -Wall -fstack-usage -fcyclomatic-complexity -MMD -MP -MF"Core/Src/vl53l1x_mitsu_app.d" -MT"Core/Src/vl53l1x_mitsu_app.o" --specs=nano.specs -mfpu=fpv4-sp-d16 -mfloat-abi=hard -mthumb -o "Core/Src/vl53l1x_mitsu_app.o"
arm-none-eabi-gcc -o "stm32_new.elf" @"objects.list"   -mcpu=cortex-m4 -T"D:\data-2026\lap_top\GHEP-MITSU_BACKUP\stm32_vl53l1x\stm32_new\STM32F401CCUX_FLASH.ld" --specs=nosys.specs -Wl,-Map="stm32_new.map" -Wl,--gc-sections -static --specs=nano.specs -mfpu=fpv4-sp-d16 -mfloat-abi=hard -mthumb -Wl,--start-group -lc -lm -Wl,--end-group
Finished building target: stm32_new.elf
 
arm-none-eabi-size  stm32_new.elf 
arm-none-eabi-objdump -h -S stm32_new.elf  > "stm32_new.list"
   text	   data	    bss	    dec	    hex	filename
  26580	     96	   2968	  29644	   73cc	stm32_new.elf
Finished building: default.size.stdout
 
Finished building: stm32_new.list
 
16:59:38 **** Incremental Build of configuration Debug for project stm32_new ****
make -j4 all 
arm-none-eabi-gcc "../Core/Src/stm32f4xx_it.c" -mcpu=cortex-m4 -std=gnu11 -g3 -DDEBUG -DUSE_HAL_DRIVER -DSTM32F401xC -c -I../Core/Inc -I../Drivers/STM32F4xx_HAL_Driver/Inc -I../Drivers/STM32F4xx_HAL_Driver/Inc/Legacy -I../Drivers/CMSIS/Device/ST/STM32F4xx/Include -I../Drivers/CMSIS/Include -O0 -ffunction-sections -fdata-sections -Wall -fstack-usage -fcyclomatic-complexity -MMD -MP -MF"Core/Src/stm32f4xx_it.d" -MT"Core/Src/stm32f4xx_it.o" --specs=nano.specs -mfpu=fpv4-sp-d16 -mfloat-abi=hard -mthumb -o "Core/Src/stm32f4xx_it.o"
arm-none-eabi-gcc -o "stm32_new.elf" @"objects.list"   -mcpu=cortex-m4 -T"D:\data-2026\lap_top\GHEP-MITSU_BACKUP\stm32_vl53l1x\stm32_new\STM32F401CCUX_FLASH.ld" --specs=nosys.specs -Wl,-Map="stm32_new.map" -Wl,--gc-sections -static --specs=nano.specs -mfpu=fpv4-sp-d16 -mfloat-abi=hard -mthumb -Wl,--start-group -lc -lm -Wl,--end-group
Finished building target: stm32_new.elf
 
arm-none-eabi-size  stm32_new.elf 
arm-none-eabi-objdump -h -S stm32_new.elf  > "stm32_new.list"
   text	   data	    bss	    dec	    hex	filename
  26676	     96	   2968	  29740	   742c	stm32_new.elf
Finished building: default.size.stdout
 
Finished building: stm32_new.list
 
18:48:16 **** Incremental Build of configuration Debug for project stm32_new ****
make -j4 all 
arm-none-eabi-gcc "../Core/Src/usart.c" -mcpu=cortex-m4 -std=gnu11 -g3 -DDEBUG -DUSE_HAL_DRIVER -DSTM32F401xC -c -I../Core/Inc -I../Drivers/STM32F4xx_HAL_Driver/Inc -I../Drivers/STM32F4xx_HAL_Driver/Inc/Legacy -I../Drivers/CMSIS/Device/ST/STM32F4xx/Include -I../Drivers/CMSIS/Include -O0 -ffunction-sections -fdata-sections -Wall -fstack-usage -fcyclomatic-complexity -MMD -MP -MF"Core/Src/usart.d" -MT"Core/Src/usart.o" --specs=nano.specs -mfpu=fpv4-sp-d16 -mfloat-abi=hard -mthumb -o "Core/Src/usart.o"
arm-none-eabi-gcc -o "stm32_new.elf" @"objects.list"   -mcpu=cortex-m4 -T"D:\data-2026\lap_top\GHEP-MITSU_BACKUP\stm32_vl53l1x\stm32_new\STM32F401CCUX_FLASH.ld" --specs=nosys.specs -Wl,-Map="stm32_new.map" -Wl,--gc-sections -static --specs=nano.specs -mfpu=fpv4-sp-d16 -mfloat-abi=hard -mthumb -Wl,--start-group -lc -lm -Wl,--end-group
Finished building target: stm32_new.elf
 
arm-none-eabi-size  stm32_new.elf 
arm-none-eabi-objdump -h -S stm32_new.elf  > "stm32_new.list"
   text	   data	    bss	    dec	    hex	filename
  26676	     96	   2968	  29740	   742c	stm32_new.elf
Finished building: default.size.stdout
 
Finished building: stm32_new.list
 
19:06:09 **** Incremental Build of configuration Debug for project stm32_new ****
make -j4 all 
arm-none-eabi-gcc "../Core/Src/usart.c" -mcpu=cortex-m4 -std=gnu11 -g3 -DDEBUG -DUSE_HAL_DRIVER -DSTM32F401xC -c -I../Core/Inc -I../Drivers/STM32F4xx_HAL_Driver/Inc -I../Drivers/STM32F4xx_HAL_Driver/Inc/Legacy -I../Drivers/CMSIS/Device/ST/STM32F4xx/Include -I../Drivers/CMSIS/Include -O0 -ffunction-sections -fdata-sections -Wall -fstack-usage -fcyclomatic-complexity -MMD -MP -MF"Core/Src/usart.d" -MT"Core/Src/usart.o" --specs=nano.specs -mfpu=fpv4-sp-d16 -mfloat-abi=hard -mthumb -o "Core/Src/usart.o"
arm-none-eabi-gcc "../Core/Src/vl53l1x_mitsu_app.c" -mcpu=cortex-m4 -std=gnu11 -g3 -DDEBUG -DUSE_HAL_DRIVER -DSTM32F401xC -c -I../Core/Inc -I../Drivers/STM32F4xx_HAL_Driver/Inc -I../Drivers/STM32F4xx_HAL_Driver/Inc/Legacy -I../Drivers/CMSIS/Device/ST/STM32F4xx/Include -I../Drivers/CMSIS/Include -O0 -ffunction-sections -fdata-sections -Wall -fstack-usage -fcyclomatic-complexity -MMD -MP -MF"Core/Src/vl53l1x_mitsu_app.d" -MT"Core/Src/vl53l1x_mitsu_app.o" --specs=nano.specs -mfpu=fpv4-sp-d16 -mfloat-abi=hard -mthumb -o "Core/Src/vl53l1x_mitsu_app.o"
../Core/Src/vl53l1x_mitsu_app.c:52:17: warning: 'Filter_MovingAverage' defined but not used [-Wunused-function]
   52 | static uint16_t Filter_MovingAverage(uint16_t raw_mm) {
      |                 ^~~~~~~~~~~~~~~~~~~~
arm-none-eabi-gcc -o "stm32_new.elf" @"objects.list"   -mcpu=cortex-m4 -T"D:\data-2026\lap_top\GHEP-MITSU_BACKUP\stm32_vl53l1x\stm32_new\STM32F401CCUX_FLASH.ld" --specs=nosys.specs -Wl,-Map="stm32_new.map" -Wl,--gc-sections -static --specs=nano.specs -mfpu=fpv4-sp-d16 -mfloat-abi=hard -mthumb -Wl,--start-group -lc -lm -Wl,--end-group
Finished building target: stm32_new.elf
 
arm-none-eabi-size  stm32_new.elf 
arm-none-eabi-objdump -h -S stm32_new.elf  > "stm32_new.list"
   text	   data	    bss	    dec	    hex	filename
  26464	     96	   2936	  29496	   7338	stm32_new.elf
Finished building: default.size.stdout
 
Finished building: stm32_new.list
 
19:20:39 **** Incremental Build of configuration Debug for project stm32_new ****
make -j4 all 
arm-none-eabi-gcc "../Core/Src/usart.c" -mcpu=cortex-m4 -std=gnu11 -g3 -DDEBUG -DUSE_HAL_DRIVER -DSTM32F401xC -c -I../Core/Inc -I../Drivers/STM32F4xx_HAL_Driver/Inc -I../Drivers/STM32F4xx_HAL_Driver/Inc/Legacy -I../Drivers/CMSIS/Device/ST/STM32F4xx/Include -I../Drivers/CMSIS/Include -O0 -ffunction-sections -fdata-sections -Wall -fstack-usage -fcyclomatic-complexity -MMD -MP -MF"Core/Src/usart.d" -MT"Core/Src/usart.o" --specs=nano.specs -mfpu=fpv4-sp-d16 -mfloat-abi=hard -mthumb -o "Core/Src/usart.o"
arm-none-eabi-gcc -o "stm32_new.elf" @"objects.list"   -mcpu=cortex-m4 -T"D:\data-2026\lap_top\GHEP-MITSU_BACKUP\stm32_vl53l1x\stm32_new\STM32F401CCUX_FLASH.ld" --specs=nosys.specs -Wl,-Map="stm32_new.map" -Wl,--gc-sections -static --specs=nano.specs -mfpu=fpv4-sp-d16 -mfloat-abi=hard -mthumb -Wl,--start-group -lc -lm -Wl,--end-group
Finished building target: stm32_new.elf
 
arm-none-eabi-size  stm32_new.elf 
arm-none-eabi-objdump -h -S stm32_new.elf  > "stm32_new.list"
   text	   data	    bss	    dec	    hex	filename
  26460	     96	   2936	  29492	   7334	stm32_new.elf
Finished building: default.size.stdout
 
Finished building: stm32_new.list
 
19:26:58 **** Incremental Build of configuration Debug for project stm32_new ****
make -j4 all 
arm-none-eabi-gcc "../Core/Src/usart.c" -mcpu=cortex-m4 -std=gnu11 -g3 -DDEBUG -DUSE_HAL_DRIVER -DSTM32F401xC -c -I../Core/Inc -I../Drivers/STM32F4xx_HAL_Driver/Inc -I../Drivers/STM32F4xx_HAL_Driver/Inc/Legacy -I../Drivers/CMSIS/Device/ST/STM32F4xx/Include -I../Drivers/CMSIS/Include -O0 -ffunction-sections -fdata-sections -Wall -fstack-usage -fcyclomatic-complexity -MMD -MP -MF"Core/Src/usart.d" -MT"Core/Src/usart.o" --specs=nano.specs -mfpu=fpv4-sp-d16 -mfloat-abi=hard -mthumb -o "Core/Src/usart.o"
arm-none-eabi-gcc "../Core/Src/vl53l1x_mitsu_app.c" -mcpu=cortex-m4 -std=gnu11 -g3 -DDEBUG -DUSE_HAL_DRIVER -DSTM32F401xC -c -I../Core/Inc -I../Drivers/STM32F4xx_HAL_Driver/Inc -I../Drivers/STM32F4xx_HAL_Driver/Inc/Legacy -I../Drivers/CMSIS/Device/ST/STM32F4xx/Include -I../Drivers/CMSIS/Include -O0 -ffunction-sections -fdata-sections -Wall -fstack-usage -fcyclomatic-complexity -MMD -MP -MF"Core/Src/vl53l1x_mitsu_app.d" -MT"Core/Src/vl53l1x_mitsu_app.o" --specs=nano.specs -mfpu=fpv4-sp-d16 -mfloat-abi=hard -mthumb -o "Core/Src/vl53l1x_mitsu_app.o"
../Core/Src/vl53l1x_mitsu_app.c: In function 'VL53L1X_App_Process':
../Core/Src/vl53l1x_mitsu_app.c:273:40: error: invalid initializer
  273 |                  uint16_t send_val[1] =500;
      |                                        ^~~
../Core/Src/vl53l1x_mitsu_app.c: At top level:
../Core/Src/vl53l1x_mitsu_app.c:52:17: warning: 'Filter_MovingAverage' defined but not used [-Wunused-function]
   52 | static uint16_t Filter_MovingAverage(uint16_t raw_mm) {
      |                 ^~~~~~~~~~~~~~~~~~~~
make: *** [Core/Src/subdir.mk:58: Core/Src/vl53l1x_mitsu_app.o] Error 1
make: *** Waiting for unfinished jobs....
"make -j4 all" terminated with exit code 2. Build might be incomplete.
19:28:08 **** Incremental Build of configuration Debug for project stm32_new ****
make -j4 all 
arm-none-eabi-gcc "../Core/Src/vl53l1x_mitsu_app.c" -mcpu=cortex-m4 -std=gnu11 -g3 -DDEBUG -DUSE_HAL_DRIVER -DSTM32F401xC -c -I../Core/Inc -I../Drivers/STM32F4xx_HAL_Driver/Inc -I../Drivers/STM32F4xx_HAL_Driver/Inc/Legacy -I../Drivers/CMSIS/Device/ST/STM32F4xx/Include -I../Drivers/CMSIS/Include -O0 -ffunction-sections -fdata-sections -Wall -fstack-usage -fcyclomatic-complexity -MMD -MP -MF"Core/Src/vl53l1x_mitsu_app.d" -MT"Core/Src/vl53l1x_mitsu_app.o" --specs=nano.specs -mfpu=fpv4-sp-d16 -mfloat-abi=hard -mthumb -o "Core/Src/vl53l1x_mitsu_app.o"
../Core/Src/vl53l1x_mitsu_app.c:52:17: warning: 'Filter_MovingAverage' defined but not used [-Wunused-function]
   52 | static uint16_t Filter_MovingAverage(uint16_t raw_mm) {
      |                 ^~~~~~~~~~~~~~~~~~~~
arm-none-eabi-gcc -o "stm32_new.elf" @"objects.list"   -mcpu=cortex-m4 -T"D:\data-2026\lap_top\GHEP-MITSU_BACKUP\stm32_vl53l1x\stm32_new\STM32F401CCUX_FLASH.ld" --specs=nosys.specs -Wl,-Map="stm32_new.map" -Wl,--gc-sections -static --specs=nano.specs -mfpu=fpv4-sp-d16 -mfloat-abi=hard -mthumb -Wl,--start-group -lc -lm -Wl,--end-group
Finished building target: stm32_new.elf
 
arm-none-eabi-size  stm32_new.elf 
arm-none-eabi-objdump -h -S stm32_new.elf  > "stm32_new.list"
   text	   data	    bss	    dec	    hex	filename
  26460	     96	   2936	  29492	   7334	stm32_new.elf
Finished building: default.size.stdout
 
Finished building: stm32_new.list
 
19:31:45 **** Incremental Build of configuration Debug for project stm32_new ****
make -j4 all 
arm-none-eabi-gcc "../Core/Src/vl53l1x_mitsu_app.c" -mcpu=cortex-m4 -std=gnu11 -g3 -DDEBUG -DUSE_HAL_DRIVER -DSTM32F401xC -c -I../Core/Inc -I../Drivers/STM32F4xx_HAL_Driver/Inc -I../Drivers/STM32F4xx_HAL_Driver/Inc/Legacy -I../Drivers/CMSIS/Device/ST/STM32F4xx/Include -I../Drivers/CMSIS/Include -O0 -ffunction-sections -fdata-sections -Wall -fstack-usage -fcyclomatic-complexity -MMD -MP -MF"Core/Src/vl53l1x_mitsu_app.d" -MT"Core/Src/vl53l1x_mitsu_app.o" --specs=nano.specs -mfpu=fpv4-sp-d16 -mfloat-abi=hard -mthumb -o "Core/Src/vl53l1x_mitsu_app.o"
../Core/Src/vl53l1x_mitsu_app.c:52:17: warning: 'Filter_MovingAverage' defined but not used [-Wunused-function]
   52 | static uint16_t Filter_MovingAverage(uint16_t raw_mm) {
      |                 ^~~~~~~~~~~~~~~~~~~~
arm-none-eabi-gcc -o "stm32_new.elf" @"objects.list"   -mcpu=cortex-m4 -T"D:\data-2026\lap_top\GHEP-MITSU_BACKUP\stm32_vl53l1x\stm32_new\STM32F401CCUX_FLASH.ld" --specs=nosys.specs -Wl,-Map="stm32_new.map" -Wl,--gc-sections -static --specs=nano.specs -mfpu=fpv4-sp-d16 -mfloat-abi=hard -mthumb -Wl,--start-group -lc -lm -Wl,--end-group
Finished building target: stm32_new.elf
 
arm-none-eabi-size  stm32_new.elf 
arm-none-eabi-objdump -h -S stm32_new.elf  > "stm32_new.list"
   text	   data	    bss	    dec	    hex	filename
  26460	     96	   2936	  29492	   7334	stm32_new.elf
Finished building: default.size.stdout
 
Finished building: stm32_new.list
 
19:49:19 **** Incremental Build of configuration Debug for project stm32_new ****
make -j4 all 
arm-none-eabi-gcc "../Core/Src/usart.c" -mcpu=cortex-m4 -std=gnu11 -g3 -DDEBUG -DUSE_HAL_DRIVER -DSTM32F401xC -c -I../Core/Inc -I../Drivers/STM32F4xx_HAL_Driver/Inc -I../Drivers/STM32F4xx_HAL_Driver/Inc/Legacy -I../Drivers/CMSIS/Device/ST/STM32F4xx/Include -I../Drivers/CMSIS/Include -O0 -ffunction-sections -fdata-sections -Wall -fstack-usage -fcyclomatic-complexity -MMD -MP -MF"Core/Src/usart.d" -MT"Core/Src/usart.o" --specs=nano.specs -mfpu=fpv4-sp-d16 -mfloat-abi=hard -mthumb -o "Core/Src/usart.o"
arm-none-eabi-gcc -o "stm32_new.elf" @"objects.list"   -mcpu=cortex-m4 -T"D:\data-2026\lap_top\GHEP-MITSU_BACKUP\stm32_vl53l1x\stm32_new\STM32F401CCUX_FLASH.ld" --specs=nosys.specs -Wl,-Map="stm32_new.map" -Wl,--gc-sections -static --specs=nano.specs -mfpu=fpv4-sp-d16 -mfloat-abi=hard -mthumb -Wl,--start-group -lc -lm -Wl,--end-group
Finished building target: stm32_new.elf
 
arm-none-eabi-size  stm32_new.elf 
arm-none-eabi-objdump -h -S stm32_new.elf  > "stm32_new.list"
   text	   data	    bss	    dec	    hex	filename
  26460	     96	   2936	  29492	   7334	stm32_new.elf
Finished building: default.size.stdout
 
Finished building: stm32_new.list
 
19:53:02 **** Incremental Build of configuration Debug for project stm32_new ****
make -j4 all 
arm-none-eabi-gcc "../Core/Src/usart.c" -mcpu=cortex-m4 -std=gnu11 -g3 -DDEBUG -DUSE_HAL_DRIVER -DSTM32F401xC -c -I../Core/Inc -I../Drivers/STM32F4xx_HAL_Driver/Inc -I../Drivers/STM32F4xx_HAL_Driver/Inc/Legacy -I../Drivers/CMSIS/Device/ST/STM32F4xx/Include -I../Drivers/CMSIS/Include -O0 -ffunction-sections -fdata-sections -Wall -fstack-usage -fcyclomatic-complexity -MMD -MP -MF"Core/Src/usart.d" -MT"Core/Src/usart.o" --specs=nano.specs -mfpu=fpv4-sp-d16 -mfloat-abi=hard -mthumb -o "Core/Src/usart.o"
arm-none-eabi-gcc -o "stm32_new.elf" @"objects.list"   -mcpu=cortex-m4 -T"D:\data-2026\lap_top\GHEP-MITSU_BACKUP\stm32_vl53l1x\stm32_new\STM32F401CCUX_FLASH.ld" --specs=nosys.specs -Wl,-Map="stm32_new.map" -Wl,--gc-sections -static --specs=nano.specs -mfpu=fpv4-sp-d16 -mfloat-abi=hard -mthumb -Wl,--start-group -lc -lm -Wl,--end-group
Finished building target: stm32_new.elf
 
arm-none-eabi-size  stm32_new.elf 
arm-none-eabi-objdump -h -S stm32_new.elf  > "stm32_new.list"
   text	   data	    bss	    dec	    hex	filename
  26460	     96	   2936	  29492	   7334	stm32_new.elf
Finished building: default.size.stdout
 
Finished building: stm32_new.list
 
20:05:36 **** Incremental Build of configuration Debug for project stm32_new ****
make -j4 all 
arm-none-eabi-gcc "../Core/Src/usart.c" -mcpu=cortex-m4 -std=gnu11 -g3 -DDEBUG -DUSE_HAL_DRIVER -DSTM32F401xC -c -I../Core/Inc -I../Drivers/STM32F4xx_HAL_Driver/Inc -I../Drivers/STM32F4xx_HAL_Driver/Inc/Legacy -I../Drivers/CMSIS/Device/ST/STM32F4xx/Include -I../Drivers/CMSIS/Include -O0 -ffunction-sections -fdata-sections -Wall -fstack-usage -fcyclomatic-complexity -MMD -MP -MF"Core/Src/usart.d" -MT"Core/Src/usart.o" --specs=nano.specs -mfpu=fpv4-sp-d16 -mfloat-abi=hard -mthumb -o "Core/Src/usart.o"
arm-none-eabi-gcc -o "stm32_new.elf" @"objects.list"   -mcpu=cortex-m4 -T"D:\data-2026\lap_top\GHEP-MITSU_BACKUP\stm32_vl53l1x\stm32_new\STM32F401CCUX_FLASH.ld" --specs=nosys.specs -Wl,-Map="stm32_new.map" -Wl,--gc-sections -static --specs=nano.specs -mfpu=fpv4-sp-d16 -mfloat-abi=hard -mthumb -Wl,--start-group -lc -lm -Wl,--end-group
Finished building target: stm32_new.elf
 
arm-none-eabi-size  stm32_new.elf 
arm-none-eabi-objdump -h -S stm32_new.elf  > "stm32_new.list"
   text	   data	    bss	    dec	    hex	filename
  26460	     96	   2936	  29492	   7334	stm32_new.elf
Finished building: default.size.stdout
 
Finished building: stm32_new.list
 
20:09:15 **** Incremental Build of configuration Debug for project stm32_new ****
make -j4 all 
arm-none-eabi-gcc "../Core/Src/vl53l1x_mitsu_app.c" -mcpu=cortex-m4 -std=gnu11 -g3 -DDEBUG -DUSE_HAL_DRIVER -DSTM32F401xC -c -I../Core/Inc -I../Drivers/STM32F4xx_HAL_Driver/Inc -I../Drivers/STM32F4xx_HAL_Driver/Inc/Legacy -I../Drivers/CMSIS/Device/ST/STM32F4xx/Include -I../Drivers/CMSIS/Include -O0 -ffunction-sections -fdata-sections -Wall -fstack-usage -fcyclomatic-complexity -MMD -MP -MF"Core/Src/vl53l1x_mitsu_app.d" -MT"Core/Src/vl53l1x_mitsu_app.o" --specs=nano.specs -mfpu=fpv4-sp-d16 -mfloat-abi=hard -mthumb -o "Core/Src/vl53l1x_mitsu_app.o"
arm-none-eabi-gcc -o "stm32_new.elf" @"objects.list"   -mcpu=cortex-m4 -T"D:\data-2026\lap_top\GHEP-MITSU_BACKUP\stm32_vl53l1x\stm32_new\STM32F401CCUX_FLASH.ld" --specs=nosys.specs -Wl,-Map="stm32_new.map" -Wl,--gc-sections -static --specs=nano.specs -mfpu=fpv4-sp-d16 -mfloat-abi=hard -mthumb -Wl,--start-group -lc -lm -Wl,--end-group
Finished building target: stm32_new.elf
 
arm-none-eabi-size  stm32_new.elf 
arm-none-eabi-objdump -h -S stm32_new.elf  > "stm32_new.list"
   text	   data	    bss	    dec	    hex	filename
  26832	     96	   2976	  29904	   74d0	stm32_new.elf
Finished building: default.size.stdout
 
Finished building: stm32_new.list
 
20:15:22 **** Incremental Build of configuration Debug for project stm32_new ****
make -j4 all 
arm-none-eabi-gcc "../Core/Src/usart.c" -mcpu=cortex-m4 -std=gnu11 -g3 -DDEBUG -DUSE_HAL_DRIVER -DSTM32F401xC -c -I../Core/Inc -I../Drivers/STM32F4xx_HAL_Driver/Inc -I../Drivers/STM32F4xx_HAL_Driver/Inc/Legacy -I../Drivers/CMSIS/Device/ST/STM32F4xx/Include -I../Drivers/CMSIS/Include -O0 -ffunction-sections -fdata-sections -Wall -fstack-usage -fcyclomatic-complexity -MMD -MP -MF"Core/Src/usart.d" -MT"Core/Src/usart.o" --specs=nano.specs -mfpu=fpv4-sp-d16 -mfloat-abi=hard -mthumb -o "Core/Src/usart.o"
arm-none-eabi-gcc "../Core/Src/vl53l1x_mitsu_app.c" -mcpu=cortex-m4 -std=gnu11 -g3 -DDEBUG -DUSE_HAL_DRIVER -DSTM32F401xC -c -I../Core/Inc -I../Drivers/STM32F4xx_HAL_Driver/Inc -I../Drivers/STM32F4xx_HAL_Driver/Inc/Legacy -I../Drivers/CMSIS/Device/ST/STM32F4xx/Include -I../Drivers/CMSIS/Include -O0 -ffunction-sections -fdata-sections -Wall -fstack-usage -fcyclomatic-complexity -MMD -MP -MF"Core/Src/vl53l1x_mitsu_app.d" -MT"Core/Src/vl53l1x_mitsu_app.o" --specs=nano.specs -mfpu=fpv4-sp-d16 -mfloat-abi=hard -mthumb -o "Core/Src/vl53l1x_mitsu_app.o"
arm-none-eabi-gcc -o "stm32_new.elf" @"objects.list"   -mcpu=cortex-m4 -T"D:\data-2026\lap_top\GHEP-MITSU_BACKUP\stm32_vl53l1x\stm32_new\STM32F401CCUX_FLASH.ld" --specs=nosys.specs -Wl,-Map="stm32_new.map" -Wl,--gc-sections -static --specs=nano.specs -mfpu=fpv4-sp-d16 -mfloat-abi=hard -mthumb -Wl,--start-group -lc -lm -Wl,--end-group
Finished building target: stm32_new.elf
 
arm-none-eabi-size  stm32_new.elf 
arm-none-eabi-objdump -h -S stm32_new.elf  > "stm32_new.list"
   text	   data	    bss	    dec	    hex	filename
  26832	     96	   2976	  29904	   74d0	stm32_new.elf
Finished building: default.size.stdout
 
Finished building: stm32_new.list
 
20:17:41 **** Incremental Build of configuration Debug for project stm32_new ****
make -j4 all 
arm-none-eabi-gcc "../Core/Src/usart.c" -mcpu=cortex-m4 -std=gnu11 -g3 -DDEBUG -DUSE_HAL_DRIVER -DSTM32F401xC -c -I../Core/Inc -I../Drivers/STM32F4xx_HAL_Driver/Inc -I../Drivers/STM32F4xx_HAL_Driver/Inc/Legacy -I../Drivers/CMSIS/Device/ST/STM32F4xx/Include -I../Drivers/CMSIS/Include -O0 -ffunction-sections -fdata-sections -Wall -fstack-usage -fcyclomatic-complexity -MMD -MP -MF"Core/Src/usart.d" -MT"Core/Src/usart.o" --specs=nano.specs -mfpu=fpv4-sp-d16 -mfloat-abi=hard -mthumb -o "Core/Src/usart.o"
arm-none-eabi-gcc -o "stm32_new.elf" @"objects.list"   -mcpu=cortex-m4 -T"D:\data-2026\lap_top\GHEP-MITSU_BACKUP\stm32_vl53l1x\stm32_new\STM32F401CCUX_FLASH.ld" --specs=nosys.specs -Wl,-Map="stm32_new.map" -Wl,--gc-sections -static --specs=nano.specs -mfpu=fpv4-sp-d16 -mfloat-abi=hard -mthumb -Wl,--start-group -lc -lm -Wl,--end-group
Finished building target: stm32_new.elf
 
arm-none-eabi-size  stm32_new.elf 
arm-none-eabi-objdump -h -S stm32_new.elf  > "stm32_new.list"
   text	   data	    bss	    dec	    hex	filename
  26836	     96	   2976	  29908	   74d4	stm32_new.elf
Finished building: default.size.stdout
 
Finished building: stm32_new.list
 
20:19:53 **** Incremental Build of configuration Debug for project stm32_new ****
make -j4 all 
arm-none-eabi-gcc "../Core/Src/usart.c" -mcpu=cortex-m4 -std=gnu11 -g3 -DDEBUG -DUSE_HAL_DRIVER -DSTM32F401xC -c -I../Core/Inc -I../Drivers/STM32F4xx_HAL_Driver/Inc -I../Drivers/STM32F4xx_HAL_Driver/Inc/Legacy -I../Drivers/CMSIS/Device/ST/STM32F4xx/Include -I../Drivers/CMSIS/Include -O0 -ffunction-sections -fdata-sections -Wall -fstack-usage -fcyclomatic-complexity -MMD -MP -MF"Core/Src/usart.d" -MT"Core/Src/usart.o" --specs=nano.specs -mfpu=fpv4-sp-d16 -mfloat-abi=hard -mthumb -o "Core/Src/usart.o"
arm-none-eabi-gcc -o "stm32_new.elf" @"objects.list"   -mcpu=cortex-m4 -T"D:\data-2026\lap_top\GHEP-MITSU_BACKUP\stm32_vl53l1x\stm32_new\STM32F401CCUX_FLASH.ld" --specs=nosys.specs -Wl,-Map="stm32_new.map" -Wl,--gc-sections -static --specs=nano.specs -mfpu=fpv4-sp-d16 -mfloat-abi=hard -mthumb -Wl,--start-group -lc -lm -Wl,--end-group
Finished building target: stm32_new.elf
 
arm-none-eabi-size  stm32_new.elf 
arm-none-eabi-objdump -h -S stm32_new.elf  > "stm32_new.list"
   text	   data	    bss	    dec	    hex	filename
  26836	     96	   2976	  29908	   74d4	stm32_new.elf
Finished building: default.size.stdout
 
Finished building: stm32_new.list
 
20:21:52 **** Incremental Build of configuration Debug for project stm32_new ****
make -j4 all 
arm-none-eabi-gcc "../Core/Src/vl53l1x_mitsu_app.c" -mcpu=cortex-m4 -std=gnu11 -g3 -DDEBUG -DUSE_HAL_DRIVER -DSTM32F401xC -c -I../Core/Inc -I../Drivers/STM32F4xx_HAL_Driver/Inc -I../Drivers/STM32F4xx_HAL_Driver/Inc/Legacy -I../Drivers/CMSIS/Device/ST/STM32F4xx/Include -I../Drivers/CMSIS/Include -O0 -ffunction-sections -fdata-sections -Wall -fstack-usage -fcyclomatic-complexity -MMD -MP -MF"Core/Src/vl53l1x_mitsu_app.d" -MT"Core/Src/vl53l1x_mitsu_app.o" --specs=nano.specs -mfpu=fpv4-sp-d16 -mfloat-abi=hard -mthumb -o "Core/Src/vl53l1x_mitsu_app.o"
../Core/Src/vl53l1x_mitsu_app.c:142:16: warning: 'Parse_MC_Format4_Read_Response' defined but not used [-Wunused-function]
  142 | static uint8_t Parse_MC_Format4_Read_Response(uint8_t *rx, uint16_t len, uint16_t *out_data, uint8_t points) {
      |                ^~~~~~~~~~~~~~~~~~~~~~~~~~~~~~
../Core/Src/vl53l1x_mitsu_app.c:114:17: warning: 'Build_MC_Format4_Read' defined but not used [-Wunused-function]
  114 | static uint16_t Build_MC_Format4_Read(uint8_t *out_buf, const char* head_reg, uint8_t points) {
      |                 ^~~~~~~~~~~~~~~~~~~~~
../Core/Src/vl53l1x_mitsu_app.c:53:17: warning: 'Filter_MovingAverage' defined but not used [-Wunused-function]
   53 | static uint16_t Filter_MovingAverage(uint16_t raw_mm) {
      |                 ^~~~~~~~~~~~~~~~~~~~
../Core/Src/vl53l1x_mitsu_app.c:48:19: warning: 'read_timeout_timer' defined but not used [-Wunused-variable]
   48 | static uint32_t   read_timeout_timer = 0;
      |                   ^~~~~~~~~~~~~~~~~~
../Core/Src/vl53l1x_mitsu_app.c:46:19: warning: 'comm_step' defined but not used [-Wunused-variable]
   46 | static CommStep_t comm_step = COMM_STEP_SEND_WRITE;
      |                   ^~~~~~~~~
arm-none-eabi-gcc -o "stm32_new.elf" @"objects.list"   -mcpu=cortex-m4 -T"D:\data-2026\lap_top\GHEP-MITSU_BACKUP\stm32_vl53l1x\stm32_new\STM32F401CCUX_FLASH.ld" --specs=nosys.specs -Wl,-Map="stm32_new.map" -Wl,--gc-sections -static --specs=nano.specs -mfpu=fpv4-sp-d16 -mfloat-abi=hard -mthumb -Wl,--start-group -lc -lm -Wl,--end-group
Finished building target: stm32_new.elf
 
arm-none-eabi-size  stm32_new.elf 
arm-none-eabi-objdump -h -S stm32_new.elf  > "stm32_new.list"
   text	   data	    bss	    dec	    hex	filename
  25232	     92	   2932	  28256	   6e60	stm32_new.elf
Finished building: default.size.stdout
 
Finished building: stm32_new.list
 
20:27:53 **** Incremental Build of configuration Debug for project stm32_new ****
make -j4 all 
arm-none-eabi-gcc "../Core/Src/main.c" -mcpu=cortex-m4 -std=gnu11 -g3 -DDEBUG -DUSE_HAL_DRIVER -DSTM32F401xC -c -I../Core/Inc -I../Drivers/STM32F4xx_HAL_Driver/Inc -I../Drivers/STM32F4xx_HAL_Driver/Inc/Legacy -I../Drivers/CMSIS/Device/ST/STM32F4xx/Include -I../Drivers/CMSIS/Include -O0 -ffunction-sections -fdata-sections -Wall -fstack-usage -fcyclomatic-complexity -MMD -MP -MF"Core/Src/main.d" -MT"Core/Src/main.o" --specs=nano.specs -mfpu=fpv4-sp-d16 -mfloat-abi=hard -mthumb -o "Core/Src/main.o"
arm-none-eabi-gcc "../Core/Src/vl53l1x_mitsu_app.c" -mcpu=cortex-m4 -std=gnu11 -g3 -DDEBUG -DUSE_HAL_DRIVER -DSTM32F401xC -c -I../Core/Inc -I../Drivers/STM32F4xx_HAL_Driver/Inc -I../Drivers/STM32F4xx_HAL_Driver/Inc/Legacy -I../Drivers/CMSIS/Device/ST/STM32F4xx/Include -I../Drivers/CMSIS/Include -O0 -ffunction-sections -fdata-sections -Wall -fstack-usage -fcyclomatic-complexity -MMD -MP -MF"Core/Src/vl53l1x_mitsu_app.d" -MT"Core/Src/vl53l1x_mitsu_app.o" --specs=nano.specs -mfpu=fpv4-sp-d16 -mfloat-abi=hard -mthumb -o "Core/Src/vl53l1x_mitsu_app.o"
../Core/Src/vl53l1x_mitsu_app.c:142:16: warning: 'Parse_MC_Format4_Read_Response' defined but not used [-Wunused-function]
  142 | static uint8_t Parse_MC_Format4_Read_Response(uint8_t *rx, uint16_t len, uint16_t *out_data, uint8_t points) {
      |                ^~~~~~~~~~~~~~~~~~~~~~~~~~~~~~
../Core/Src/vl53l1x_mitsu_app.c:114:17: warning: 'Build_MC_Format4_Read' defined but not used [-Wunused-function]
  114 | static uint16_t Build_MC_Format4_Read(uint8_t *out_buf, const char* head_reg, uint8_t points) {
      |                 ^~~~~~~~~~~~~~~~~~~~~
../Core/Src/vl53l1x_mitsu_app.c:53:17: warning: 'Filter_MovingAverage' defined but not used [-Wunused-function]
   53 | static uint16_t Filter_MovingAverage(uint16_t raw_mm) {
      |                 ^~~~~~~~~~~~~~~~~~~~
../Core/Src/vl53l1x_mitsu_app.c:48:19: warning: 'read_timeout_timer' defined but not used [-Wunused-variable]
   48 | static uint32_t   read_timeout_timer = 0;
      |                   ^~~~~~~~~~~~~~~~~~
../Core/Src/vl53l1x_mitsu_app.c:46:19: warning: 'comm_step' defined but not used [-Wunused-variable]
   46 | static CommStep_t comm_step = COMM_STEP_SEND_WRITE;
      |                   ^~~~~~~~~
arm-none-eabi-gcc -o "stm32_new.elf" @"objects.list"   -mcpu=cortex-m4 -T"D:\data-2026\lap_top\GHEP-MITSU_BACKUP\stm32_vl53l1x\stm32_new\STM32F401CCUX_FLASH.ld" --specs=nosys.specs -Wl,-Map="stm32_new.map" -Wl,--gc-sections -static --specs=nano.specs -mfpu=fpv4-sp-d16 -mfloat-abi=hard -mthumb -Wl,--start-group -lc -lm -Wl,--end-group
Finished building target: stm32_new.elf
 
arm-none-eabi-size  stm32_new.elf 
arm-none-eabi-objdump -h -S stm32_new.elf  > "stm32_new.list"
   text	   data	    bss	    dec	    hex	filename
  25232	     92	   2932	  28256	   6e60	stm32_new.elf
Finished building: default.size.stdout
 
Finished building: stm32_new.list
 
20:30:04 **** Incremental Build of configuration Debug for project stm32_new ****
make -j4 all 
arm-none-eabi-gcc "../Core/Src/vl53l1x_mitsu_app.c" -mcpu=cortex-m4 -std=gnu11 -g3 -DDEBUG -DUSE_HAL_DRIVER -DSTM32F401xC -c -I../Core/Inc -I../Drivers/STM32F4xx_HAL_Driver/Inc -I../Drivers/STM32F4xx_HAL_Driver/Inc/Legacy -I../Drivers/CMSIS/Device/ST/STM32F4xx/Include -I../Drivers/CMSIS/Include -O0 -ffunction-sections -fdata-sections -Wall -fstack-usage -fcyclomatic-complexity -MMD -MP -MF"Core/Src/vl53l1x_mitsu_app.d" -MT"Core/Src/vl53l1x_mitsu_app.o" --specs=nano.specs -mfpu=fpv4-sp-d16 -mfloat-abi=hard -mthumb -o "Core/Src/vl53l1x_mitsu_app.o"
../Core/Src/vl53l1x_mitsu_app.c:142:16: warning: 'Parse_MC_Format4_Read_Response' defined but not used [-Wunused-function]
  142 | static uint8_t Parse_MC_Format4_Read_Response(uint8_t *rx, uint16_t len, uint16_t *out_data, uint8_t points) {
      |                ^~~~~~~~~~~~~~~~~~~~~~~~~~~~~~
../Core/Src/vl53l1x_mitsu_app.c:114:17: warning: 'Build_MC_Format4_Read' defined but not used [-Wunused-function]
  114 | static uint16_t Build_MC_Format4_Read(uint8_t *out_buf, const char* head_reg, uint8_t points) {
      |                 ^~~~~~~~~~~~~~~~~~~~~
../Core/Src/vl53l1x_mitsu_app.c:53:17: warning: 'Filter_MovingAverage' defined but not used [-Wunused-function]
   53 | static uint16_t Filter_MovingAverage(uint16_t raw_mm) {
      |                 ^~~~~~~~~~~~~~~~~~~~
../Core/Src/vl53l1x_mitsu_app.c:48:19: warning: 'read_timeout_timer' defined but not used [-Wunused-variable]
   48 | static uint32_t   read_timeout_timer = 0;
      |                   ^~~~~~~~~~~~~~~~~~
../Core/Src/vl53l1x_mitsu_app.c:46:19: warning: 'comm_step' defined but not used [-Wunused-variable]
   46 | static CommStep_t comm_step = COMM_STEP_SEND_WRITE;
      |                   ^~~~~~~~~
arm-none-eabi-gcc -o "stm32_new.elf" @"objects.list"   -mcpu=cortex-m4 -T"D:\data-2026\lap_top\GHEP-MITSU_BACKUP\stm32_vl53l1x\stm32_new\STM32F401CCUX_FLASH.ld" --specs=nosys.specs -Wl,-Map="stm32_new.map" -Wl,--gc-sections -static --specs=nano.specs -mfpu=fpv4-sp-d16 -mfloat-abi=hard -mthumb -Wl,--start-group -lc -lm -Wl,--end-group
Finished building target: stm32_new.elf
 
arm-none-eabi-size  stm32_new.elf 
arm-none-eabi-objdump -h -S stm32_new.elf  > "stm32_new.list"
   text	   data	    bss	    dec	    hex	filename
  25232	     92	   2932	  28256	   6e60	stm32_new.elf
Finished building: default.size.stdout
 
Finished building: stm32_new.list
 
20:32:07 **** Incremental Build of configuration Debug for project stm32_new ****
make -j4 all 
arm-none-eabi-gcc "../Core/Src/usart.c" -mcpu=cortex-m4 -std=gnu11 -g3 -DDEBUG -DUSE_HAL_DRIVER -DSTM32F401xC -c -I../Core/Inc -I../Drivers/STM32F4xx_HAL_Driver/Inc -I../Drivers/STM32F4xx_HAL_Driver/Inc/Legacy -I../Drivers/CMSIS/Device/ST/STM32F4xx/Include -I../Drivers/CMSIS/Include -O0 -ffunction-sections -fdata-sections -Wall -fstack-usage -fcyclomatic-complexity -MMD -MP -MF"Core/Src/usart.d" -MT"Core/Src/usart.o" --specs=nano.specs -mfpu=fpv4-sp-d16 -mfloat-abi=hard -mthumb -o "Core/Src/usart.o"
arm-none-eabi-gcc -o "stm32_new.elf" @"objects.list"   -mcpu=cortex-m4 -T"D:\data-2026\lap_top\GHEP-MITSU_BACKUP\stm32_vl53l1x\stm32_new\STM32F401CCUX_FLASH.ld" --specs=nosys.specs -Wl,-Map="stm32_new.map" -Wl,--gc-sections -static --specs=nano.specs -mfpu=fpv4-sp-d16 -mfloat-abi=hard -mthumb -Wl,--start-group -lc -lm -Wl,--end-group
Finished building target: stm32_new.elf
 
arm-none-eabi-size  stm32_new.elf 
arm-none-eabi-objdump -h -S stm32_new.elf  > "stm32_new.list"
   text	   data	    bss	    dec	    hex	filename
  25232	     92	   2932	  28256	   6e60	stm32_new.elf
Finished building: default.size.stdout
 
Finished building: stm32_new.list
 
20:33:41 **** Incremental Build of configuration Debug for project stm32_new ****
make -j4 all 
arm-none-eabi-gcc "../Core/Src/vl53l1x_mitsu_app.c" -mcpu=cortex-m4 -std=gnu11 -g3 -DDEBUG -DUSE_HAL_DRIVER -DSTM32F401xC -c -I../Core/Inc -I../Drivers/STM32F4xx_HAL_Driver/Inc -I../Drivers/STM32F4xx_HAL_Driver/Inc/Legacy -I../Drivers/CMSIS/Device/ST/STM32F4xx/Include -I../Drivers/CMSIS/Include -O0 -ffunction-sections -fdata-sections -Wall -fstack-usage -fcyclomatic-complexity -MMD -MP -MF"Core/Src/vl53l1x_mitsu_app.d" -MT"Core/Src/vl53l1x_mitsu_app.o" --specs=nano.specs -mfpu=fpv4-sp-d16 -mfloat-abi=hard -mthumb -o "Core/Src/vl53l1x_mitsu_app.o"
../Core/Src/vl53l1x_mitsu_app.c:53:17: warning: 'Filter_MovingAverage' defined but not used [-Wunused-function]
   53 | static uint16_t Filter_MovingAverage(uint16_t raw_mm) {
      |                 ^~~~~~~~~~~~~~~~~~~~
../Core/Src/vl53l1x_mitsu_app.c:48:19: warning: 'read_timeout_timer' defined but not used [-Wunused-variable]
   48 | static uint32_t   read_timeout_timer = 0;
      |                   ^~~~~~~~~~~~~~~~~~
../Core/Src/vl53l1x_mitsu_app.c:46:19: warning: 'comm_step' defined but not used [-Wunused-variable]
   46 | static CommStep_t comm_step = COMM_STEP_SEND_WRITE;
      |                   ^~~~~~~~~
../Core/Src/vl53l1x_mitsu_app.c:32:17: warning: 'rx_process_buf' defined but not used [-Wunused-variable]
   32 | static uint8_t  rx_process_buf[UART_RX_BUF_SIZE];
      |                 ^~~~~~~~~~~~~~
../Core/Src/vl53l1x_mitsu_app.c:31:17: warning: 'rx_dma_buf' defined but not used [-Wunused-variable]
   31 | static uint8_t  rx_dma_buf[UART_RX_BUF_SIZE];
      |                 ^~~~~~~~~~
arm-none-eabi-gcc -o "stm32_new.elf" @"objects.list"   -mcpu=cortex-m4 -T"D:\data-2026\lap_top\GHEP-MITSU_BACKUP\stm32_vl53l1x\stm32_new\STM32F401CCUX_FLASH.ld" --specs=nosys.specs -Wl,-Map="stm32_new.map" -Wl,--gc-sections -static --specs=nano.specs -mfpu=fpv4-sp-d16 -mfloat-abi=hard -mthumb -Wl,--start-group -lc -lm -Wl,--end-group
Finished building target: stm32_new.elf
 
arm-none-eabi-size  stm32_new.elf 
arm-none-eabi-objdump -h -S stm32_new.elf  > "stm32_new.list"
   text	   data	    bss	    dec	    hex	filename
  23780	     92	   2676	  26548	   67b4	stm32_new.elf
Finished building: default.size.stdout
 
Finished building: stm32_new.list
 
20:35:20 **** Incremental Build of configuration Debug for project stm32_new ****
make -j4 all 
arm-none-eabi-gcc "../Core/Src/vl53l1x_mitsu_app.c" -mcpu=cortex-m4 -std=gnu11 -g3 -DDEBUG -DUSE_HAL_DRIVER -DSTM32F401xC -c -I../Core/Inc -I../Drivers/STM32F4xx_HAL_Driver/Inc -I../Drivers/STM32F4xx_HAL_Driver/Inc/Legacy -I../Drivers/CMSIS/Device/ST/STM32F4xx/Include -I../Drivers/CMSIS/Include -O0 -ffunction-sections -fdata-sections -Wall -fstack-usage -fcyclomatic-complexity -MMD -MP -MF"Core/Src/vl53l1x_mitsu_app.d" -MT"Core/Src/vl53l1x_mitsu_app.o" --specs=nano.specs -mfpu=fpv4-sp-d16 -mfloat-abi=hard -mthumb -o "Core/Src/vl53l1x_mitsu_app.o"
../Core/Src/vl53l1x_mitsu_app.c:53:17: warning: 'Filter_MovingAverage' defined but not used [-Wunused-function]
   53 | static uint16_t Filter_MovingAverage(uint16_t raw_mm) {
      |                 ^~~~~~~~~~~~~~~~~~~~
../Core/Src/vl53l1x_mitsu_app.c:48:19: warning: 'read_timeout_timer' defined but not used [-Wunused-variable]
   48 | static uint32_t   read_timeout_timer = 0;
      |                   ^~~~~~~~~~~~~~~~~~
../Core/Src/vl53l1x_mitsu_app.c:46:19: warning: 'comm_step' defined but not used [-Wunused-variable]
   46 | static CommStep_t comm_step = COMM_STEP_SEND_WRITE;
      |                   ^~~~~~~~~
../Core/Src/vl53l1x_mitsu_app.c:32:17: warning: 'rx_process_buf' defined but not used [-Wunused-variable]
   32 | static uint8_t  rx_process_buf[UART_RX_BUF_SIZE];
      |                 ^~~~~~~~~~~~~~
../Core/Src/vl53l1x_mitsu_app.c:31:17: warning: 'rx_dma_buf' defined but not used [-Wunused-variable]
   31 | static uint8_t  rx_dma_buf[UART_RX_BUF_SIZE];
      |                 ^~~~~~~~~~
arm-none-eabi-gcc -o "stm32_new.elf" @"objects.list"   -mcpu=cortex-m4 -T"D:\data-2026\lap_top\GHEP-MITSU_BACKUP\stm32_vl53l1x\stm32_new\STM32F401CCUX_FLASH.ld" --specs=nosys.specs -Wl,-Map="stm32_new.map" -Wl,--gc-sections -static --specs=nano.specs -mfpu=fpv4-sp-d16 -mfloat-abi=hard -mthumb -Wl,--start-group -lc -lm -Wl,--end-group
Finished building target: stm32_new.elf
 
arm-none-eabi-size  stm32_new.elf 
arm-none-eabi-objdump -h -S stm32_new.elf  > "stm32_new.list"
   text	   data	    bss	    dec	    hex	filename
  23772	     92	   2676	  26540	   67ac	stm32_new.elf
Finished building: default.size.stdout
 
Finished building: stm32_new.list
 
20:39:03 **** Incremental Build of configuration Debug for project stm32_new ****
make -j4 all 
arm-none-eabi-gcc "../Core/Src/usart.c" -mcpu=cortex-m4 -std=gnu11 -g3 -DDEBUG -DUSE_HAL_DRIVER -DSTM32F401xC -c -I../Core/Inc -I../Drivers/STM32F4xx_HAL_Driver/Inc -I../Drivers/STM32F4xx_HAL_Driver/Inc/Legacy -I../Drivers/CMSIS/Device/ST/STM32F4xx/Include -I../Drivers/CMSIS/Include -O0 -ffunction-sections -fdata-sections -Wall -fstack-usage -fcyclomatic-complexity -MMD -MP -MF"Core/Src/usart.d" -MT"Core/Src/usart.o" --specs=nano.specs -mfpu=fpv4-sp-d16 -mfloat-abi=hard -mthumb -o "Core/Src/usart.o"
arm-none-eabi-gcc -o "stm32_new.elf" @"objects.list"   -mcpu=cortex-m4 -T"D:\data-2026\lap_top\GHEP-MITSU_BACKUP\stm32_vl53l1x\stm32_new\STM32F401CCUX_FLASH.ld" --specs=nosys.specs -Wl,-Map="stm32_new.map" -Wl,--gc-sections -static --specs=nano.specs -mfpu=fpv4-sp-d16 -mfloat-abi=hard -mthumb -Wl,--start-group -lc -lm -Wl,--end-group
Finished building target: stm32_new.elf
 
arm-none-eabi-size  stm32_new.elf 
arm-none-eabi-objdump -h -S stm32_new.elf  > "stm32_new.list"
   text	   data	    bss	    dec	    hex	filename
  23772	     92	   2676	  26540	   67ac	stm32_new.elf
Finished building: default.size.stdout
 
Finished building: stm32_new.list
 
20:42:13 **** Incremental Build of configuration Debug for project stm32_new ****
make -j4 all 
arm-none-eabi-gcc "../Core/Src/vl53l1x_mitsu_app.c" -mcpu=cortex-m4 -std=gnu11 -g3 -DDEBUG -DUSE_HAL_DRIVER -DSTM32F401xC -c -I../Core/Inc -I../Drivers/STM32F4xx_HAL_Driver/Inc -I../Drivers/STM32F4xx_HAL_Driver/Inc/Legacy -I../Drivers/CMSIS/Device/ST/STM32F4xx/Include -I../Drivers/CMSIS/Include -O0 -ffunction-sections -fdata-sections -Wall -fstack-usage -fcyclomatic-complexity -MMD -MP -MF"Core/Src/vl53l1x_mitsu_app.d" -MT"Core/Src/vl53l1x_mitsu_app.o" --specs=nano.specs -mfpu=fpv4-sp-d16 -mfloat-abi=hard -mthumb -o "Core/Src/vl53l1x_mitsu_app.o"
../Core/Src/vl53l1x_mitsu_app.c:53:17: warning: 'Filter_MovingAverage' defined but not used [-Wunused-function]
   53 | static uint16_t Filter_MovingAverage(uint16_t raw_mm) {
      |                 ^~~~~~~~~~~~~~~~~~~~
../Core/Src/vl53l1x_mitsu_app.c:48:19: warning: 'read_timeout_timer' defined but not used [-Wunused-variable]
   48 | static uint32_t   read_timeout_timer = 0;
      |                   ^~~~~~~~~~~~~~~~~~
../Core/Src/vl53l1x_mitsu_app.c:46:19: warning: 'comm_step' defined but not used [-Wunused-variable]
   46 | static CommStep_t comm_step = COMM_STEP_SEND_WRITE;
      |                   ^~~~~~~~~
../Core/Src/vl53l1x_mitsu_app.c:32:17: warning: 'rx_process_buf' defined but not used [-Wunused-variable]
   32 | static uint8_t  rx_process_buf[UART_RX_BUF_SIZE];
      |                 ^~~~~~~~~~~~~~
../Core/Src/vl53l1x_mitsu_app.c:31:17: warning: 'rx_dma_buf' defined but not used [-Wunused-variable]
   31 | static uint8_t  rx_dma_buf[UART_RX_BUF_SIZE];
      |                 ^~~~~~~~~~
arm-none-eabi-gcc -o "stm32_new.elf" @"objects.list"   -mcpu=cortex-m4 -T"D:\data-2026\lap_top\GHEP-MITSU_BACKUP\stm32_vl53l1x\stm32_new\STM32F401CCUX_FLASH.ld" --specs=nosys.specs -Wl,-Map="stm32_new.map" -Wl,--gc-sections -static --specs=nano.specs -mfpu=fpv4-sp-d16 -mfloat-abi=hard -mthumb -Wl,--start-group -lc -lm -Wl,--end-group
Finished building target: stm32_new.elf
 
arm-none-eabi-size  stm32_new.elf 
arm-none-eabi-objdump -h -S stm32_new.elf  > "stm32_new.list"
   text	   data	    bss	    dec	    hex	filename
  24236	     92	   2676	  27004	   697c	stm32_new.elf
Finished building: default.size.stdout
 
Finished building: stm32_new.list
 
20:43:59 **** Incremental Build of configuration Debug for project stm32_new ****
make -j4 all 
arm-none-eabi-gcc "../Core/Src/main.c" -mcpu=cortex-m4 -std=gnu11 -g3 -DDEBUG -DUSE_HAL_DRIVER -DSTM32F401xC -c -I../Core/Inc -I../Drivers/STM32F4xx_HAL_Driver/Inc -I../Drivers/STM32F4xx_HAL_Driver/Inc/Legacy -I../Drivers/CMSIS/Device/ST/STM32F4xx/Include -I../Drivers/CMSIS/Include -O0 -ffunction-sections -fdata-sections -Wall -fstack-usage -fcyclomatic-complexity -MMD -MP -MF"Core/Src/main.d" -MT"Core/Src/main.o" --specs=nano.specs -mfpu=fpv4-sp-d16 -mfloat-abi=hard -mthumb -o "Core/Src/main.o"
arm-none-eabi-gcc -o "stm32_new.elf" @"objects.list"   -mcpu=cortex-m4 -T"D:\data-2026\lap_top\GHEP-MITSU_BACKUP\stm32_vl53l1x\stm32_new\STM32F401CCUX_FLASH.ld" --specs=nosys.specs -Wl,-Map="stm32_new.map" -Wl,--gc-sections -static --specs=nano.specs -mfpu=fpv4-sp-d16 -mfloat-abi=hard -mthumb -Wl,--start-group -lc -lm -Wl,--end-group
Finished building target: stm32_new.elf
 
arm-none-eabi-size  stm32_new.elf 
arm-none-eabi-objdump -h -S stm32_new.elf  > "stm32_new.list"
   text	   data	    bss	    dec	    hex	filename
  24236	     92	   2676	  27004	   697c	stm32_new.elf
Finished building: default.size.stdout
 
Finished building: stm32_new.list
 
20:47:26 **** Incremental Build of configuration Debug for project stm32_new ****
make -j4 all 
arm-none-eabi-gcc "../Core/Src/vl53l1x_mitsu_app.c" -mcpu=cortex-m4 -std=gnu11 -g3 -DDEBUG -DUSE_HAL_DRIVER -DSTM32F401xC -c -I../Core/Inc -I../Drivers/STM32F4xx_HAL_Driver/Inc -I../Drivers/STM32F4xx_HAL_Driver/Inc/Legacy -I../Drivers/CMSIS/Device/ST/STM32F4xx/Include -I../Drivers/CMSIS/Include -O0 -ffunction-sections -fdata-sections -Wall -fstack-usage -fcyclomatic-complexity -MMD -MP -MF"Core/Src/vl53l1x_mitsu_app.d" -MT"Core/Src/vl53l1x_mitsu_app.o" --specs=nano.specs -mfpu=fpv4-sp-d16 -mfloat-abi=hard -mthumb -o "Core/Src/vl53l1x_mitsu_app.o"
../Core/Src/vl53l1x_mitsu_app.c:53:17: warning: 'Filter_MovingAverage' defined but not used [-Wunused-function]
   53 | static uint16_t Filter_MovingAverage(uint16_t raw_mm) {
      |                 ^~~~~~~~~~~~~~~~~~~~
../Core/Src/vl53l1x_mitsu_app.c:48:19: warning: 'read_timeout_timer' defined but not used [-Wunused-variable]
   48 | static uint32_t   read_timeout_timer = 0;
      |                   ^~~~~~~~~~~~~~~~~~
../Core/Src/vl53l1x_mitsu_app.c:46:19: warning: 'comm_step' defined but not used [-Wunused-variable]
   46 | static CommStep_t comm_step = COMM_STEP_SEND_WRITE;
      |                   ^~~~~~~~~
../Core/Src/vl53l1x_mitsu_app.c:32:17: warning: 'rx_process_buf' defined but not used [-Wunused-variable]
   32 | static uint8_t  rx_process_buf[UART_RX_BUF_SIZE];
      |                 ^~~~~~~~~~~~~~
../Core/Src/vl53l1x_mitsu_app.c:31:17: warning: 'rx_dma_buf' defined but not used [-Wunused-variable]
   31 | static uint8_t  rx_dma_buf[UART_RX_BUF_SIZE];
      |                 ^~~~~~~~~~
arm-none-eabi-gcc -o "stm32_new.elf" @"objects.list"   -mcpu=cortex-m4 -T"D:\data-2026\lap_top\GHEP-MITSU_BACKUP\stm32_vl53l1x\stm32_new\STM32F401CCUX_FLASH.ld" --specs=nosys.specs -Wl,-Map="stm32_new.map" -Wl,--gc-sections -static --specs=nano.specs -mfpu=fpv4-sp-d16 -mfloat-abi=hard -mthumb -Wl,--start-group -lc -lm -Wl,--end-group
Finished building target: stm32_new.elf
 
arm-none-eabi-size  stm32_new.elf 
arm-none-eabi-objdump -h -S stm32_new.elf  > "stm32_new.list"
   text	   data	    bss	    dec	    hex	filename
  24260	     92	   2676	  27028	   6994	stm32_new.elf
Finished building: default.size.stdout
 
Finished building: stm32_new.list
 
20:48:25 **** Incremental Build of configuration Debug for project stm32_new ****
make -j4 all 
arm-none-eabi-size  stm32_new.elf 
   text	   data	    bss	    dec	    hex	filename
  24260	     92	   2676	  27028	   6994	stm32_new.elf
Finished building: default.size.stdout
 
20:50:28 **** Incremental Build of configuration Debug for project stm32_new ****
make -j4 all 
arm-none-eabi-gcc "../Core/Src/usart.c" -mcpu=cortex-m4 -std=gnu11 -g3 -DDEBUG -DUSE_HAL_DRIVER -DSTM32F401xC -c -I../Core/Inc -I../Drivers/STM32F4xx_HAL_Driver/Inc -I../Drivers/STM32F4xx_HAL_Driver/Inc/Legacy -I../Drivers/CMSIS/Device/ST/STM32F4xx/Include -I../Drivers/CMSIS/Include -O0 -ffunction-sections -fdata-sections -Wall -fstack-usage -fcyclomatic-complexity -MMD -MP -MF"Core/Src/usart.d" -MT"Core/Src/usart.o" --specs=nano.specs -mfpu=fpv4-sp-d16 -mfloat-abi=hard -mthumb -o "Core/Src/usart.o"
arm-none-eabi-gcc -o "stm32_new.elf" @"objects.list"   -mcpu=cortex-m4 -T"D:\data-2026\lap_top\GHEP-MITSU_BACKUP\stm32_vl53l1x\stm32_new\STM32F401CCUX_FLASH.ld" --specs=nosys.specs -Wl,-Map="stm32_new.map" -Wl,--gc-sections -static --specs=nano.specs -mfpu=fpv4-sp-d16 -mfloat-abi=hard -mthumb -Wl,--start-group -lc -lm -Wl,--end-group
Finished building target: stm32_new.elf
 
arm-none-eabi-size  stm32_new.elf 
arm-none-eabi-objdump -h -S stm32_new.elf  > "stm32_new.list"
   text	   data	    bss	    dec	    hex	filename
  24256	     92	   2676	  27024	   6990	stm32_new.elf
Finished building: default.size.stdout
 
Finished building: stm32_new.list
 
20:55:41 **** Incremental Build of configuration Debug for project stm32_new ****
make -j4 all 
arm-none-eabi-gcc "../Core/Src/usart.c" -mcpu=cortex-m4 -std=gnu11 -g3 -DDEBUG -DUSE_HAL_DRIVER -DSTM32F401xC -c -I../Core/Inc -I../Drivers/STM32F4xx_HAL_Driver/Inc -I../Drivers/STM32F4xx_HAL_Driver/Inc/Legacy -I../Drivers/CMSIS/Device/ST/STM32F4xx/Include -I../Drivers/CMSIS/Include -O0 -ffunction-sections -fdata-sections -Wall -fstack-usage -fcyclomatic-complexity -MMD -MP -MF"Core/Src/usart.d" -MT"Core/Src/usart.o" --specs=nano.specs -mfpu=fpv4-sp-d16 -mfloat-abi=hard -mthumb -o "Core/Src/usart.o"
arm-none-eabi-gcc -o "stm32_new.elf" @"objects.list"   -mcpu=cortex-m4 -T"D:\data-2026\lap_top\GHEP-MITSU_BACKUP\stm32_vl53l1x\stm32_new\STM32F401CCUX_FLASH.ld" --specs=nosys.specs -Wl,-Map="stm32_new.map" -Wl,--gc-sections -static --specs=nano.specs -mfpu=fpv4-sp-d16 -mfloat-abi=hard -mthumb -Wl,--start-group -lc -lm -Wl,--end-group
Finished building target: stm32_new.elf
 
arm-none-eabi-size  stm32_new.elf 
arm-none-eabi-objdump -h -S stm32_new.elf  > "stm32_new.list"
   text	   data	    bss	    dec	    hex	filename
  24260	     92	   2676	  27028	   6994	stm32_new.elf
Finished building: default.size.stdout
 
Finished building: stm32_new.list
 
21:00:03 **** Incremental Build of configuration Debug for project stm32_new ****
make -j4 all 
arm-none-eabi-gcc "../Core/Src/vl53l1x_mitsu_app.c" -mcpu=cortex-m4 -std=gnu11 -g3 -DDEBUG -DUSE_HAL_DRIVER -DSTM32F401xC -c -I../Core/Inc -I../Drivers/STM32F4xx_HAL_Driver/Inc -I../Drivers/STM32F4xx_HAL_Driver/Inc/Legacy -I../Drivers/CMSIS/Device/ST/STM32F4xx/Include -I../Drivers/CMSIS/Include -O0 -ffunction-sections -fdata-sections -Wall -fstack-usage -fcyclomatic-complexity -MMD -MP -MF"Core/Src/vl53l1x_mitsu_app.d" -MT"Core/Src/vl53l1x_mitsu_app.o" --specs=nano.specs -mfpu=fpv4-sp-d16 -mfloat-abi=hard -mthumb -o "Core/Src/vl53l1x_mitsu_app.o"
../Core/Src/vl53l1x_mitsu_app.c:53:17: warning: 'Filter_MovingAverage' defined but not used [-Wunused-function]
   53 | static uint16_t Filter_MovingAverage(uint16_t raw_mm) {
      |                 ^~~~~~~~~~~~~~~~~~~~
../Core/Src/vl53l1x_mitsu_app.c:48:19: warning: 'read_timeout_timer' defined but not used [-Wunused-variable]
   48 | static uint32_t   read_timeout_timer = 0;
      |                   ^~~~~~~~~~~~~~~~~~
../Core/Src/vl53l1x_mitsu_app.c:46:19: warning: 'comm_step' defined but not used [-Wunused-variable]
   46 | static CommStep_t comm_step = COMM_STEP_SEND_WRITE;
      |                   ^~~~~~~~~
../Core/Src/vl53l1x_mitsu_app.c:32:17: warning: 'rx_process_buf' defined but not used [-Wunused-variable]
   32 | static uint8_t  rx_process_buf[UART_RX_BUF_SIZE];
      |                 ^~~~~~~~~~~~~~
../Core/Src/vl53l1x_mitsu_app.c:31:17: warning: 'rx_dma_buf' defined but not used [-Wunused-variable]
   31 | static uint8_t  rx_dma_buf[UART_RX_BUF_SIZE];
      |                 ^~~~~~~~~~
arm-none-eabi-gcc -o "stm32_new.elf" @"objects.list"   -mcpu=cortex-m4 -T"D:\data-2026\lap_top\GHEP-MITSU_BACKUP\stm32_vl53l1x\stm32_new\STM32F401CCUX_FLASH.ld" --specs=nosys.specs -Wl,-Map="stm32_new.map" -Wl,--gc-sections -static --specs=nano.specs -mfpu=fpv4-sp-d16 -mfloat-abi=hard -mthumb -Wl,--start-group -lc -lm -Wl,--end-group
Finished building target: stm32_new.elf
 
arm-none-eabi-size  stm32_new.elf 
arm-none-eabi-objdump -h -S stm32_new.elf  > "stm32_new.list"
   text	   data	    bss	    dec	    hex	filename
  24292	     92	   2676	  27060	   69b4	stm32_new.elf
Finished building: default.size.stdout
 
Finished building: stm32_new.list
 
21:26:54 **** Incremental Build of configuration Debug for project stm32_new ****
make -j4 all 
arm-none-eabi-gcc "../Core/Src/vl53l1x_mitsu_app.c" -mcpu=cortex-m4 -std=gnu11 -g3 -DDEBUG -DUSE_HAL_DRIVER -DSTM32F401xC -c -I../Core/Inc -I../Drivers/STM32F4xx_HAL_Driver/Inc -I../Drivers/STM32F4xx_HAL_Driver/Inc/Legacy -I../Drivers/CMSIS/Device/ST/STM32F4xx/Include -I../Drivers/CMSIS/Include -O0 -ffunction-sections -fdata-sections -Wall -fstack-usage -fcyclomatic-complexity -MMD -MP -MF"Core/Src/vl53l1x_mitsu_app.d" -MT"Core/Src/vl53l1x_mitsu_app.o" --specs=nano.specs -mfpu=fpv4-sp-d16 -mfloat-abi=hard -mthumb -o "Core/Src/vl53l1x_mitsu_app.o"
../Core/Src/vl53l1x_mitsu_app.c:53:17: warning: 'Filter_MovingAverage' defined but not used [-Wunused-function]
   53 | static uint16_t Filter_MovingAverage(uint16_t raw_mm) {
      |                 ^~~~~~~~~~~~~~~~~~~~
../Core/Src/vl53l1x_mitsu_app.c:48:19: warning: 'read_timeout_timer' defined but not used [-Wunused-variable]
   48 | static uint32_t   read_timeout_timer = 0;
      |                   ^~~~~~~~~~~~~~~~~~
../Core/Src/vl53l1x_mitsu_app.c:46:19: warning: 'comm_step' defined but not used [-Wunused-variable]
   46 | static CommStep_t comm_step = COMM_STEP_SEND_WRITE;
      |                   ^~~~~~~~~
../Core/Src/vl53l1x_mitsu_app.c:32:17: warning: 'rx_process_buf' defined but not used [-Wunused-variable]
   32 | static uint8_t  rx_process_buf[UART_RX_BUF_SIZE];
      |                 ^~~~~~~~~~~~~~
../Core/Src/vl53l1x_mitsu_app.c:31:17: warning: 'rx_dma_buf' defined but not used [-Wunused-variable]
   31 | static uint8_t  rx_dma_buf[UART_RX_BUF_SIZE];
      |                 ^~~~~~~~~~
arm-none-eabi-gcc -o "stm32_new.elf" @"objects.list"   -mcpu=cortex-m4 -T"D:\data-2026\lap_top\GHEP-MITSU_BACKUP\stm32_vl53l1x\stm32_new\STM32F401CCUX_FLASH.ld" --specs=nosys.specs -Wl,-Map="stm32_new.map" -Wl,--gc-sections -static --specs=nano.specs -mfpu=fpv4-sp-d16 -mfloat-abi=hard -mthumb -Wl,--start-group -lc -lm -Wl,--end-group
Finished building target: stm32_new.elf
 
arm-none-eabi-size  stm32_new.elf 
arm-none-eabi-objdump -h -S stm32_new.elf  > "stm32_new.list"
   text	   data	    bss	    dec	    hex	filename
  24236	     92	   2676	  27004	   697c	stm32_new.elf
Finished building: default.size.stdout
 
Finished building: stm32_new.list
 
22:35:27 **** Incremental Build of configuration Debug for project stm32_new ****
make -j4 all 
arm-none-eabi-gcc "../Core/Src/vl53l1x_mitsu_app.c" -mcpu=cortex-m4 -std=gnu11 -g3 -DDEBUG -DUSE_HAL_DRIVER -DSTM32F401xC -c -I../Core/Inc -I../Drivers/STM32F4xx_HAL_Driver/Inc -I../Drivers/STM32F4xx_HAL_Driver/Inc/Legacy -I../Drivers/CMSIS/Device/ST/STM32F4xx/Include -I../Drivers/CMSIS/Include -O0 -ffunction-sections -fdata-sections -Wall -fstack-usage -fcyclomatic-complexity -MMD -MP -MF"Core/Src/vl53l1x_mitsu_app.d" -MT"Core/Src/vl53l1x_mitsu_app.o" --specs=nano.specs -mfpu=fpv4-sp-d16 -mfloat-abi=hard -mthumb -o "Core/Src/vl53l1x_mitsu_app.o"
../Core/Src/vl53l1x_mitsu_app.c:53:17: warning: 'Filter_MovingAverage' defined but not used [-Wunused-function]
   53 | static uint16_t Filter_MovingAverage(uint16_t raw_mm) {
      |                 ^~~~~~~~~~~~~~~~~~~~
../Core/Src/vl53l1x_mitsu_app.c:48:19: warning: 'read_timeout_timer' defined but not used [-Wunused-variable]
   48 | static uint32_t   read_timeout_timer = 0;
      |                   ^~~~~~~~~~~~~~~~~~
../Core/Src/vl53l1x_mitsu_app.c:46:19: warning: 'comm_step' defined but not used [-Wunused-variable]
   46 | static CommStep_t comm_step = COMM_STEP_SEND_WRITE;
      |                   ^~~~~~~~~
../Core/Src/vl53l1x_mitsu_app.c:32:17: warning: 'rx_process_buf' defined but not used [-Wunused-variable]
   32 | static uint8_t  rx_process_buf[UART_RX_BUF_SIZE];
      |                 ^~~~~~~~~~~~~~
../Core/Src/vl53l1x_mitsu_app.c:31:17: warning: 'rx_dma_buf' defined but not used [-Wunused-variable]
   31 | static uint8_t  rx_dma_buf[UART_RX_BUF_SIZE];
      |                 ^~~~~~~~~~
arm-none-eabi-gcc -o "stm32_new.elf" @"objects.list"   -mcpu=cortex-m4 -T"D:\data-2026\lap_top\GHEP-MITSU_BACKUP\stm32_vl53l1x\stm32_new\STM32F401CCUX_FLASH.ld" --specs=nosys.specs -Wl,-Map="stm32_new.map" -Wl,--gc-sections -static --specs=nano.specs -mfpu=fpv4-sp-d16 -mfloat-abi=hard -mthumb -Wl,--start-group -lc -lm -Wl,--end-group
Finished building target: stm32_new.elf
 
arm-none-eabi-size  stm32_new.elf 
arm-none-eabi-objdump -h -S stm32_new.elf  > "stm32_new.list"
   text	   data	    bss	    dec	    hex	filename
  24800	     92	   2676	  27568	   6bb0	stm32_new.elf
Finished building: default.size.stdout
 
Finished building: stm32_new.list
 
22:43:09 **** Incremental Build of configuration Debug for project stm32_new ****
make -j4 all 
arm-none-eabi-gcc "../Core/Src/vl53l1x_mitsu_app.c" -mcpu=cortex-m4 -std=gnu11 -g3 -DDEBUG -DUSE_HAL_DRIVER -DSTM32F401xC -c -I../Core/Inc -I../Drivers/STM32F4xx_HAL_Driver/Inc -I../Drivers/STM32F4xx_HAL_Driver/Inc/Legacy -I../Drivers/CMSIS/Device/ST/STM32F4xx/Include -I../Drivers/CMSIS/Include -O0 -ffunction-sections -fdata-sections -Wall -fstack-usage -fcyclomatic-complexity -MMD -MP -MF"Core/Src/vl53l1x_mitsu_app.d" -MT"Core/Src/vl53l1x_mitsu_app.o" --specs=nano.specs -mfpu=fpv4-sp-d16 -mfloat-abi=hard -mthumb -o "Core/Src/vl53l1x_mitsu_app.o"
../Core/Src/vl53l1x_mitsu_app.c:53:17: warning: 'Filter_MovingAverage' defined but not used [-Wunused-function]
   53 | static uint16_t Filter_MovingAverage(uint16_t raw_mm) {
      |                 ^~~~~~~~~~~~~~~~~~~~
../Core/Src/vl53l1x_mitsu_app.c:48:19: warning: 'read_timeout_timer' defined but not used [-Wunused-variable]
   48 | static uint32_t   read_timeout_timer = 0;
      |                   ^~~~~~~~~~~~~~~~~~
../Core/Src/vl53l1x_mitsu_app.c:46:19: warning: 'comm_step' defined but not used [-Wunused-variable]
   46 | static CommStep_t comm_step = COMM_STEP_SEND_WRITE;
      |                   ^~~~~~~~~
../Core/Src/vl53l1x_mitsu_app.c:32:17: warning: 'rx_process_buf' defined but not used [-Wunused-variable]
   32 | static uint8_t  rx_process_buf[UART_RX_BUF_SIZE];
      |                 ^~~~~~~~~~~~~~
../Core/Src/vl53l1x_mitsu_app.c:31:17: warning: 'rx_dma_buf' defined but not used [-Wunused-variable]
   31 | static uint8_t  rx_dma_buf[UART_RX_BUF_SIZE];
      |                 ^~~~~~~~~~
arm-none-eabi-gcc -o "stm32_new.elf" @"objects.list"   -mcpu=cortex-m4 -T"D:\data-2026\lap_top\GHEP-MITSU_BACKUP\stm32_vl53l1x\stm32_new\STM32F401CCUX_FLASH.ld" --specs=nosys.specs -Wl,-Map="stm32_new.map" -Wl,--gc-sections -static --specs=nano.specs -mfpu=fpv4-sp-d16 -mfloat-abi=hard -mthumb -Wl,--start-group -lc -lm -Wl,--end-group
Finished building target: stm32_new.elf
 
arm-none-eabi-size  stm32_new.elf 
arm-none-eabi-objdump -h -S stm32_new.elf  > "stm32_new.list"
   text	   data	    bss	    dec	    hex	filename
  24920	     92	   2676	  27688	   6c28	stm32_new.elf
Finished building: default.size.stdout
 
Finished building: stm32_new.list
 
22:46:46 **** Incremental Build of configuration Debug for project stm32_new ****
make -j4 all 
arm-none-eabi-gcc "../Core/Src/vl53l1x_mitsu_app.c" -mcpu=cortex-m4 -std=gnu11 -g3 -DDEBUG -DUSE_HAL_DRIVER -DSTM32F401xC -c -I../Core/Inc -I../Drivers/STM32F4xx_HAL_Driver/Inc -I../Drivers/STM32F4xx_HAL_Driver/Inc/Legacy -I../Drivers/CMSIS/Device/ST/STM32F4xx/Include -I../Drivers/CMSIS/Include -O0 -ffunction-sections -fdata-sections -Wall -fstack-usage -fcyclomatic-complexity -MMD -MP -MF"Core/Src/vl53l1x_mitsu_app.d" -MT"Core/Src/vl53l1x_mitsu_app.o" --specs=nano.specs -mfpu=fpv4-sp-d16 -mfloat-abi=hard -mthumb -o "Core/Src/vl53l1x_mitsu_app.o"
../Core/Src/vl53l1x_mitsu_app.c:77:17: warning: 'Build_MC_Frame' defined but not used [-Wunused-function]
   77 | static uint16_t Build_MC_Frame(uint8_t *out_buf, const char* payload, uint8_t with_crlf) {
      |                 ^~~~~~~~~~~~~~
../Core/Src/vl53l1x_mitsu_app.c:53:17: warning: 'Filter_MovingAverage' defined but not used [-Wunused-function]
   53 | static uint16_t Filter_MovingAverage(uint16_t raw_mm) {
      |                 ^~~~~~~~~~~~~~~~~~~~
../Core/Src/vl53l1x_mitsu_app.c:48:19: warning: 'read_timeout_timer' defined but not used [-Wunused-variable]
   48 | static uint32_t   read_timeout_timer = 0;
      |                   ^~~~~~~~~~~~~~~~~~
../Core/Src/vl53l1x_mitsu_app.c:46:19: warning: 'comm_step' defined but not used [-Wunused-variable]
   46 | static CommStep_t comm_step = COMM_STEP_SEND_WRITE;
      |                   ^~~~~~~~~
../Core/Src/vl53l1x_mitsu_app.c:32:17: warning: 'rx_process_buf' defined but not used [-Wunused-variable]
   32 | static uint8_t  rx_process_buf[UART_RX_BUF_SIZE];
      |                 ^~~~~~~~~~~~~~
../Core/Src/vl53l1x_mitsu_app.c:31:17: warning: 'rx_dma_buf' defined but not used [-Wunused-variable]
   31 | static uint8_t  rx_dma_buf[UART_RX_BUF_SIZE];
      |                 ^~~~~~~~~~
arm-none-eabi-gcc -o "stm32_new.elf" @"objects.list"   -mcpu=cortex-m4 -T"D:\data-2026\lap_top\GHEP-MITSU_BACKUP\stm32_vl53l1x\stm32_new\STM32F401CCUX_FLASH.ld" --specs=nosys.specs -Wl,-Map="stm32_new.map" -Wl,--gc-sections -static --specs=nano.specs -mfpu=fpv4-sp-d16 -mfloat-abi=hard -mthumb -Wl,--start-group -lc -lm -Wl,--end-group
Finished building target: stm32_new.elf
 
arm-none-eabi-size  stm32_new.elf 
arm-none-eabi-objdump -h -S stm32_new.elf  > "stm32_new.list"
   text	   data	    bss	    dec	    hex	filename
  21504	     12	   2340	  23856	   5d30	stm32_new.elf
Finished building: default.size.stdout
 
Finished building: stm32_new.list
 
22:49:44 **** Incremental Build of configuration Debug for project stm32_new ****
make -j4 all 
arm-none-eabi-gcc "../Core/Src/vl53l1x_mitsu_app.c" -mcpu=cortex-m4 -std=gnu11 -g3 -DDEBUG -DUSE_HAL_DRIVER -DSTM32F401xC -c -I../Core/Inc -I../Drivers/STM32F4xx_HAL_Driver/Inc -I../Drivers/STM32F4xx_HAL_Driver/Inc/Legacy -I../Drivers/CMSIS/Device/ST/STM32F4xx/Include -I../Drivers/CMSIS/Include -O0 -ffunction-sections -fdata-sections -Wall -fstack-usage -fcyclomatic-complexity -MMD -MP -MF"Core/Src/vl53l1x_mitsu_app.d" -MT"Core/Src/vl53l1x_mitsu_app.o" --specs=nano.specs -mfpu=fpv4-sp-d16 -mfloat-abi=hard -mthumb -o "Core/Src/vl53l1x_mitsu_app.o"
../Core/Src/vl53l1x_mitsu_app.c:77:17: warning: 'Build_MC_Frame' defined but not used [-Wunused-function]
   77 | static uint16_t Build_MC_Frame(uint8_t *out_buf, const char* payload, uint8_t with_crlf) {
      |                 ^~~~~~~~~~~~~~
../Core/Src/vl53l1x_mitsu_app.c:53:17: warning: 'Filter_MovingAverage' defined but not used [-Wunused-function]
   53 | static uint16_t Filter_MovingAverage(uint16_t raw_mm) {
      |                 ^~~~~~~~~~~~~~~~~~~~
../Core/Src/vl53l1x_mitsu_app.c:48:19: warning: 'read_timeout_timer' defined but not used [-Wunused-variable]
   48 | static uint32_t   read_timeout_timer = 0;
      |                   ^~~~~~~~~~~~~~~~~~
../Core/Src/vl53l1x_mitsu_app.c:46:19: warning: 'comm_step' defined but not used [-Wunused-variable]
   46 | static CommStep_t comm_step = COMM_STEP_SEND_WRITE;
      |                   ^~~~~~~~~
../Core/Src/vl53l1x_mitsu_app.c:32:17: warning: 'rx_process_buf' defined but not used [-Wunused-variable]
   32 | static uint8_t  rx_process_buf[UART_RX_BUF_SIZE];
      |                 ^~~~~~~~~~~~~~
../Core/Src/vl53l1x_mitsu_app.c:31:17: warning: 'rx_dma_buf' defined but not used [-Wunused-variable]
   31 | static uint8_t  rx_dma_buf[UART_RX_BUF_SIZE];
      |                 ^~~~~~~~~~
arm-none-eabi-gcc -o "stm32_new.elf" @"objects.list"   -mcpu=cortex-m4 -T"D:\data-2026\lap_top\GHEP-MITSU_BACKUP\stm32_vl53l1x\stm32_new\STM32F401CCUX_FLASH.ld" --specs=nosys.specs -Wl,-Map="stm32_new.map" -Wl,--gc-sections -static --specs=nano.specs -mfpu=fpv4-sp-d16 -mfloat-abi=hard -mthumb -Wl,--start-group -lc -lm -Wl,--end-group
Finished building target: stm32_new.elf
 
arm-none-eabi-size  stm32_new.elf 
arm-none-eabi-objdump -h -S stm32_new.elf  > "stm32_new.list"
   text	   data	    bss	    dec	    hex	filename
  21400	     12	   2340	  23752	   5cc8	stm32_new.elf
Finished building: default.size.stdout
 
Finished building: stm32_new.list
 
22:51:03 **** Incremental Build of configuration Debug for project stm32_new ****
make -j4 all 
arm-none-eabi-gcc "../Core/Src/vl53l1x_mitsu_app.c" -mcpu=cortex-m4 -std=gnu11 -g3 -DDEBUG -DUSE_HAL_DRIVER -DSTM32F401xC -c -I../Core/Inc -I../Drivers/STM32F4xx_HAL_Driver/Inc -I../Drivers/STM32F4xx_HAL_Driver/Inc/Legacy -I../Drivers/CMSIS/Device/ST/STM32F4xx/Include -I../Drivers/CMSIS/Include -O0 -ffunction-sections -fdata-sections -Wall -fstack-usage -fcyclomatic-complexity -MMD -MP -MF"Core/Src/vl53l1x_mitsu_app.d" -MT"Core/Src/vl53l1x_mitsu_app.o" --specs=nano.specs -mfpu=fpv4-sp-d16 -mfloat-abi=hard -mthumb -o "Core/Src/vl53l1x_mitsu_app.o"
../Core/Src/vl53l1x_mitsu_app.c:77:17: warning: 'Build_MC_Frame' defined but not used [-Wunused-function]
   77 | static uint16_t Build_MC_Frame(uint8_t *out_buf, const char* payload, uint8_t with_crlf) {
      |                 ^~~~~~~~~~~~~~
../Core/Src/vl53l1x_mitsu_app.c:53:17: warning: 'Filter_MovingAverage' defined but not used [-Wunused-function]
   53 | static uint16_t Filter_MovingAverage(uint16_t raw_mm) {
      |                 ^~~~~~~~~~~~~~~~~~~~
../Core/Src/vl53l1x_mitsu_app.c:48:19: warning: 'read_timeout_timer' defined but not used [-Wunused-variable]
   48 | static uint32_t   read_timeout_timer = 0;
      |                   ^~~~~~~~~~~~~~~~~~
../Core/Src/vl53l1x_mitsu_app.c:46:19: warning: 'comm_step' defined but not used [-Wunused-variable]
[...]
arm-none-eabi-gcc "../Core/Src/main.c" -mcpu=cortex-m4 -std=gnu11 -g3 -DDEBUG -DUSE_HAL_DRIVER -DSTM32F401xC -c -I../Core/Inc -I../Drivers/STM32F4xx_HAL_Driver/Inc -I../Drivers/STM32F4xx_HAL_Driver/Inc/Legacy -I../Drivers/CMSIS/Device/ST/STM32F4xx/Include -I../Drivers/CMSIS/Include -I../Middlewares/Third_Party/FreeRTOS/Source/include -I../Middlewares/Third_Party/FreeRTOS/Source/CMSIS_RTOS_V2 -I../Middlewares/Third_Party/FreeRTOS/Source/portable/GCC/ARM_CM4F -O0 -ffunction-sections -fdata-sections -Wall -fstack-usage -fcyclomatic-complexity -MMD -MP -MF"Core/Src/main.d" -MT"Core/Src/main.o" --specs=nano.specs -mfpu=fpv4-sp-d16 -mfloat-abi=hard -mthumb -o "Core/Src/main.o"
arm-none-eabi-gcc "../Core/Src/stm32f4xx_hal_msp.c" -mcpu=cortex-m4 -std=gnu11 -g3 -DDEBUG -DUSE_HAL_DRIVER -DSTM32F401xC -c -I../Core/Inc -I../Drivers/STM32F4xx_HAL_Driver/Inc -I../Drivers/STM32F4xx_HAL_Driver/Inc/Legacy -I../Drivers/CMSIS/Device/ST/STM32F4xx/Include -I../Drivers/CMSIS/Include -I../Middlewares/Third_Party/FreeRTOS/Source/include -I../Middlewares/Third_Party/FreeRTOS/Source/CMSIS_RTOS_V2 -I../Middlewares/Third_Party/FreeRTOS/Source/portable/GCC/ARM_CM4F -O0 -ffunction-sections -fdata-sections -Wall -fstack-usage -fcyclomatic-complexity -MMD -MP -MF"Core/Src/stm32f4xx_hal_msp.d" -MT"Core/Src/stm32f4xx_hal_msp.o" --specs=nano.specs -mfpu=fpv4-sp-d16 -mfloat-abi=hard -mthumb -o "Core/Src/stm32f4xx_hal_msp.o"
arm-none-eabi-gcc "../Core/Src/stm32f4xx_it.c" -mcpu=cortex-m4 -std=gnu11 -g3 -DDEBUG -DUSE_HAL_DRIVER -DSTM32F401xC -c -I../Core/Inc -I../Drivers/STM32F4xx_HAL_Driver/Inc -I../Drivers/STM32F4xx_HAL_Driver/Inc/Legacy -I../Drivers/CMSIS/Device/ST/STM32F4xx/Include -I../Drivers/CMSIS/Include -I../Middlewares/Third_Party/FreeRTOS/Source/include -I../Middlewares/Third_Party/FreeRTOS/Source/CMSIS_RTOS_V2 -I../Middlewares/Third_Party/FreeRTOS/Source/portable/GCC/ARM_CM4F -O0 -ffunction-sections -fdata-sections -Wall -fstack-usage -fcyclomatic-complexity -MMD -MP -MF"Core/Src/stm32f4xx_it.d" -MT"Core/Src/stm32f4xx_it.o" --specs=nano.specs -mfpu=fpv4-sp-d16 -mfloat-abi=hard -mthumb -o "Core/Src/stm32f4xx_it.o"
arm-none-eabi-gcc "../Core/Src/usart.c" -mcpu=cortex-m4 -std=gnu11 -g3 -DDEBUG -DUSE_HAL_DRIVER -DSTM32F401xC -c -I../Core/Inc -I../Drivers/STM32F4xx_HAL_Driver/Inc -I../Drivers/STM32F4xx_HAL_Driver/Inc/Legacy -I../Drivers/CMSIS/Device/ST/STM32F4xx/Include -I../Drivers/CMSIS/Include -I../Middlewares/Third_Party/FreeRTOS/Source/include -I../Middlewares/Third_Party/FreeRTOS/Source/CMSIS_RTOS_V2 -I../Middlewares/Third_Party/FreeRTOS/Source/portable/GCC/ARM_CM4F -O0 -ffunction-sections -fdata-sections -Wall -fstack-usage -fcyclomatic-complexity -MMD -MP -MF"Core/Src/usart.d" -MT"Core/Src/usart.o" --specs=nano.specs -mfpu=fpv4-sp-d16 -mfloat-abi=hard -mthumb -o "Core/Src/usart.o"
arm-none-eabi-gcc "../Core/Src/vl53l1_platform.c" -mcpu=cortex-m4 -std=gnu11 -g3 -DDEBUG -DUSE_HAL_DRIVER -DSTM32F401xC -c -I../Core/Inc -I../Drivers/STM32F4xx_HAL_Driver/Inc -I../Drivers/STM32F4xx_HAL_Driver/Inc/Legacy -I../Drivers/CMSIS/Device/ST/STM32F4xx/Include -I../Drivers/CMSIS/Include -I../Middlewares/Third_Party/FreeRTOS/Source/include -I../Middlewares/Third_Party/FreeRTOS/Source/CMSIS_RTOS_V2 -I../Middlewares/Third_Party/FreeRTOS/Source/portable/GCC/ARM_CM4F -O0 -ffunction-sections -fdata-sections -Wall -fstack-usage -fcyclomatic-complexity -MMD -MP -MF"Core/Src/vl53l1_platform.d" -MT"Core/Src/vl53l1_platform.o" --specs=nano.specs -mfpu=fpv4-sp-d16 -mfloat-abi=hard -mthumb -o "Core/Src/vl53l1_platform.o"
arm-none-eabi-gcc "../Core/Src/vl53l1x_mitsu_app.c" -mcpu=cortex-m4 -std=gnu11 -g3 -DDEBUG -DUSE_HAL_DRIVER -DSTM32F401xC -c -I../Core/Inc -I../Drivers/STM32F4xx_HAL_Driver/Inc -I../Drivers/STM32F4xx_HAL_Driver/Inc/Legacy -I../Drivers/CMSIS/Device/ST/STM32F4xx/Include -I../Drivers/CMSIS/Include -I../Middlewares/Third_Party/FreeRTOS/Source/include -I../Middlewares/Third_Party/FreeRTOS/Source/CMSIS_RTOS_V2 -I../Middlewares/Third_Party/FreeRTOS/Source/portable/GCC/ARM_CM4F -O0 -ffunction-sections -fdata-sections -Wall -fstack-usage -fcyclomatic-complexity -MMD -MP -MF"Core/Src/vl53l1x_mitsu_app.d" -MT"Core/Src/vl53l1x_mitsu_app.o" --specs=nano.specs -mfpu=fpv4-sp-d16 -mfloat-abi=hard -mthumb -o "Core/Src/vl53l1x_mitsu_app.o"
arm-none-eabi-gcc -o "stm32_new.elf" @"objects.list"   -mcpu=cortex-m4 -T"D:\data-2026\lap_top\GHEP-MITSU_BACKUP\stm32_vl53l1x\stm32_new\STM32F401CCUX_FLASH.ld" --specs=nosys.specs -Wl,-Map="stm32_new.map" -Wl,--gc-sections -static --specs=nano.specs -mfpu=fpv4-sp-d16 -mfloat-abi=hard -mthumb -Wl,--start-group -lc -lm -Wl,--end-group
Finished building target: stm32_new.elf
 
arm-none-eabi-size  stm32_new.elf 
arm-none-eabi-objdump -h -S stm32_new.elf  > "stm32_new.list"
   text	   data	    bss	    dec	    hex	filename
  38592	    124	  21524	  60240	   eb50	stm32_new.elf
Finished building: default.size.stdout
 
Finished building: stm32_new.list
 
14:58:47 **** Incremental Build of configuration Debug for project stm32_new ****
make -j4 all 
arm-none-eabi-gcc "../Core/Src/VL53L.c" -mcpu=cortex-m4 -std=gnu11 -g3 -DDEBUG -DUSE_HAL_DRIVER -DSTM32F401xC -c -I../Core/Inc -I../Drivers/STM32F4xx_HAL_Driver/Inc -I../Drivers/STM32F4xx_HAL_Driver/Inc/Legacy -I../Drivers/CMSIS/Device/ST/STM32F4xx/Include -I../Drivers/CMSIS/Include -I../Middlewares/Third_Party/FreeRTOS/Source/include -I../Middlewares/Third_Party/FreeRTOS/Source/CMSIS_RTOS_V2 -I../Middlewares/Third_Party/FreeRTOS/Source/portable/GCC/ARM_CM4F -O0 -ffunction-sections -fdata-sections -Wall -fstack-usage -fcyclomatic-complexity -MMD -MP -MF"Core/Src/VL53L.d" -MT"Core/Src/VL53L.o" --specs=nano.specs -mfpu=fpv4-sp-d16 -mfloat-abi=hard -mthumb -o "Core/Src/VL53L.o"
arm-none-eabi-gcc "../Core/Src/VL53L1X_api.c" -mcpu=cortex-m4 -std=gnu11 -g3 -DDEBUG -DUSE_HAL_DRIVER -DSTM32F401xC -c -I../Core/Inc -I../Drivers/STM32F4xx_HAL_Driver/Inc -I../Drivers/STM32F4xx_HAL_Driver/Inc/Legacy -I../Drivers/CMSIS/Device/ST/STM32F4xx/Include -I../Drivers/CMSIS/Include -I../Middlewares/Third_Party/FreeRTOS/Source/include -I../Middlewares/Third_Party/FreeRTOS/Source/CMSIS_RTOS_V2 -I../Middlewares/Third_Party/FreeRTOS/Source/portable/GCC/ARM_CM4F -O0 -ffunction-sections -fdata-sections -Wall -fstack-usage -fcyclomatic-complexity -MMD -MP -MF"Core/Src/VL53L1X_api.d" -MT"Core/Src/VL53L1X_api.o" --specs=nano.specs -mfpu=fpv4-sp-d16 -mfloat-abi=hard -mthumb -o "Core/Src/VL53L1X_api.o"
arm-none-eabi-gcc "../Core/Src/VL53L1X_calibration.c" -mcpu=cortex-m4 -std=gnu11 -g3 -DDEBUG -DUSE_HAL_DRIVER -DSTM32F401xC -c -I../Core/Inc -I../Drivers/STM32F4xx_HAL_Driver/Inc -I../Drivers/STM32F4xx_HAL_Driver/Inc/Legacy -I../Drivers/CMSIS/Device/ST/STM32F4xx/Include -I../Drivers/CMSIS/Include -I../Middlewares/Third_Party/FreeRTOS/Source/include -I../Middlewares/Third_Party/FreeRTOS/Source/CMSIS_RTOS_V2 -I../Middlewares/Third_Party/FreeRTOS/Source/portable/GCC/ARM_CM4F -O0 -ffunction-sections -fdata-sections -Wall -fstack-usage -fcyclomatic-complexity -MMD -MP -MF"Core/Src/VL53L1X_calibration.d" -MT"Core/Src/VL53L1X_calibration.o" --specs=nano.specs -mfpu=fpv4-sp-d16 -mfloat-abi=hard -mthumb -o "Core/Src/VL53L1X_calibration.o"
arm-none-eabi-gcc "../Core/Src/dma.c" -mcpu=cortex-m4 -std=gnu11 -g3 -DDEBUG -DUSE_HAL_DRIVER -DSTM32F401xC -c -I../Core/Inc -I../Drivers/STM32F4xx_HAL_Driver/Inc -I../Drivers/STM32F4xx_HAL_Driver/Inc/Legacy -I../Drivers/CMSIS/Device/ST/STM32F4xx/Include -I../Drivers/CMSIS/Include -I../Middlewares/Third_Party/FreeRTOS/Source/include -I../Middlewares/Third_Party/FreeRTOS/Source/CMSIS_RTOS_V2 -I../Middlewares/Third_Party/FreeRTOS/Source/portable/GCC/ARM_CM4F -O0 -ffunction-sections -fdata-sections -Wall -fstack-usage -fcyclomatic-complexity -MMD -MP -MF"Core/Src/dma.d" -MT"Core/Src/dma.o" --specs=nano.specs -mfpu=fpv4-sp-d16 -mfloat-abi=hard -mthumb -o "Core/Src/dma.o"
arm-none-eabi-gcc "../Core/Src/freertos.c" -mcpu=cortex-m4 -std=gnu11 -g3 -DDEBUG -DUSE_HAL_DRIVER -DSTM32F401xC -c -I../Core/Inc -I../Drivers/STM32F4xx_HAL_Driver/Inc -I../Drivers/STM32F4xx_HAL_Driver/Inc/Legacy -I../Drivers/CMSIS/Device/ST/STM32F4xx/Include -I../Drivers/CMSIS/Include -I../Middlewares/Third_Party/FreeRTOS/Source/include -I../Middlewares/Third_Party/FreeRTOS/Source/CMSIS_RTOS_V2 -I../Middlewares/Third_Party/FreeRTOS/Source/portable/GCC/ARM_CM4F -O0 -ffunction-sections -fdata-sections -Wall -fstack-usage -fcyclomatic-complexity -MMD -MP -MF"Core/Src/freertos.d" -MT"Core/Src/freertos.o" --specs=nano.specs -mfpu=fpv4-sp-d16 -mfloat-abi=hard -mthumb -o "Core/Src/freertos.o"
arm-none-eabi-gcc "../Core/Src/gpio.c" -mcpu=cortex-m4 -std=gnu11 -g3 -DDEBUG -DUSE_HAL_DRIVER -DSTM32F401xC -c -I../Core/Inc -I../Drivers/STM32F4xx_HAL_Driver/Inc -I../Drivers/STM32F4xx_HAL_Driver/Inc/Legacy -I../Drivers/CMSIS/Device/ST/STM32F4xx/Include -I../Drivers/CMSIS/Include -I../Middlewares/Third_Party/FreeRTOS/Source/include -I../Middlewares/Third_Party/FreeRTOS/Source/CMSIS_RTOS_V2 -I../Middlewares/Third_Party/FreeRTOS/Source/portable/GCC/ARM_CM4F -O0 -ffunction-sections -fdata-sections -Wall -fstack-usage -fcyclomatic-complexity -MMD -MP -MF"Core/Src/gpio.d" -MT"Core/Src/gpio.o" --specs=nano.specs -mfpu=fpv4-sp-d16 -mfloat-abi=hard -mthumb -o "Core/Src/gpio.o"
arm-none-eabi-gcc "../Core/Src/i2c.c" -mcpu=cortex-m4 -std=gnu11 -g3 -DDEBUG -DUSE_HAL_DRIVER -DSTM32F401xC -c -I../Core/Inc -I../Drivers/STM32F4xx_HAL_Driver/Inc -I../Drivers/STM32F4xx_HAL_Driver/Inc/Legacy -I../Drivers/CMSIS/Device/ST/STM32F4xx/Include -I../Drivers/CMSIS/Include -I../Middlewares/Third_Party/FreeRTOS/Source/include -I../Middlewares/Third_Party/FreeRTOS/Source/CMSIS_RTOS_V2 -I../Middlewares/Third_Party/FreeRTOS/Source/portable/GCC/ARM_CM4F -O0 -ffunction-sections -fdata-sections -Wall -fstack-usage -fcyclomatic-complexity -MMD -MP -MF"Core/Src/i2c.d" -MT"Core/Src/i2c.o" --specs=nano.specs -mfpu=fpv4-sp-d16 -mfloat-abi=hard -mthumb -o "Core/Src/i2c.o"
arm-none-eabi-gcc "../Core/Src/main.c" -mcpu=cortex-m4 -std=gnu11 -g3 -DDEBUG -DUSE_HAL_DRIVER -DSTM32F401xC -c -I../Core/Inc -I../Drivers/STM32F4xx_HAL_Driver/Inc -I../Drivers/STM32F4xx_HAL_Driver/Inc/Legacy -I../Drivers/CMSIS/Device/ST/STM32F4xx/Include -I../Drivers/CMSIS/Include -I../Middlewares/Third_Party/FreeRTOS/Source/include -I../Middlewares/Third_Party/FreeRTOS/Source/CMSIS_RTOS_V2 -I../Middlewares/Third_Party/FreeRTOS/Source/portable/GCC/ARM_CM4F -O0 -ffunction-sections -fdata-sections -Wall -fstack-usage -fcyclomatic-complexity -MMD -MP -MF"Core/Src/main.d" -MT"Core/Src/main.o" --specs=nano.specs -mfpu=fpv4-sp-d16 -mfloat-abi=hard -mthumb -o "Core/Src/main.o"
arm-none-eabi-gcc "../Core/Src/oled_ssd1306.c" -mcpu=cortex-m4 -std=gnu11 -g3 -DDEBUG -DUSE_HAL_DRIVER -DSTM32F401xC -c -I../Core/Inc -I../Drivers/STM32F4xx_HAL_Driver/Inc -I../Drivers/STM32F4xx_HAL_Driver/Inc/Legacy -I../Drivers/CMSIS/Device/ST/STM32F4xx/Include -I../Drivers/CMSIS/Include -I../Middlewares/Third_Party/FreeRTOS/Source/include -I../Middlewares/Third_Party/FreeRTOS/Source/CMSIS_RTOS_V2 -I../Middlewares/Third_Party/FreeRTOS/Source/portable/GCC/ARM_CM4F -O0 -ffunction-sections -fdata-sections -Wall -fstack-usage -fcyclomatic-complexity -MMD -MP -MF"Core/Src/oled_ssd1306.d" -MT"Core/Src/oled_ssd1306.o" --specs=nano.specs -mfpu=fpv4-sp-d16 -mfloat-abi=hard -mthumb -o "Core/Src/oled_ssd1306.o"
arm-none-eabi-gcc "../Core/Src/stm32f4xx_hal_msp.c" -mcpu=cortex-m4 -std=gnu11 -g3 -DDEBUG -DUSE_HAL_DRIVER -DSTM32F401xC -c -I../Core/Inc -I../Drivers/STM32F4xx_HAL_Driver/Inc -I../Drivers/STM32F4xx_HAL_Driver/Inc/Legacy -I../Drivers/CMSIS/Device/ST/STM32F4xx/Include -I../Drivers/CMSIS/Include -I../Middlewares/Third_Party/FreeRTOS/Source/include -I../Middlewares/Third_Party/FreeRTOS/Source/CMSIS_RTOS_V2 -I../Middlewares/Third_Party/FreeRTOS/Source/portable/GCC/ARM_CM4F -O0 -ffunction-sections -fdata-sections -Wall -fstack-usage -fcyclomatic-complexity -MMD -MP -MF"Core/Src/stm32f4xx_hal_msp.d" -MT"Core/Src/stm32f4xx_hal_msp.o" --specs=nano.specs -mfpu=fpv4-sp-d16 -mfloat-abi=hard -mthumb -o "Core/Src/stm32f4xx_hal_msp.o"
arm-none-eabi-gcc "../Core/Src/stm32f4xx_hal_timebase_tim.c" -mcpu=cortex-m4 -std=gnu11 -g3 -DDEBUG -DUSE_HAL_DRIVER -DSTM32F401xC -c -I../Core/Inc -I../Drivers/STM32F4xx_HAL_Driver/Inc -I../Drivers/STM32F4xx_HAL_Driver/Inc/Legacy -I../Drivers/CMSIS/Device/ST/STM32F4xx/Include -I../Drivers/CMSIS/Include -I../Middlewares/Third_Party/FreeRTOS/Source/include -I../Middlewares/Third_Party/FreeRTOS/Source/CMSIS_RTOS_V2 -I../Middlewares/Third_Party/FreeRTOS/Source/portable/GCC/ARM_CM4F -O0 -ffunction-sections -fdata-sections -Wall -fstack-usage -fcyclomatic-complexity -MMD -MP -MF"Core/Src/stm32f4xx_hal_timebase_tim.d" -MT"Core/Src/stm32f4xx_hal_timebase_tim.o" --specs=nano.specs -mfpu=fpv4-sp-d16 -mfloat-abi=hard -mthumb -o "Core/Src/stm32f4xx_hal_timebase_tim.o"
arm-none-eabi-gcc "../Core/Src/stm32f4xx_it.c" -mcpu=cortex-m4 -std=gnu11 -g3 -DDEBUG -DUSE_HAL_DRIVER -DSTM32F401xC -c -I../Core/Inc -I../Drivers/STM32F4xx_HAL_Driver/Inc -I../Drivers/STM32F4xx_HAL_Driver/Inc/Legacy -I../Drivers/CMSIS/Device/ST/STM32F4xx/Include -I../Drivers/CMSIS/Include -I../Middlewares/Third_Party/FreeRTOS/Source/include -I../Middlewares/Third_Party/FreeRTOS/Source/CMSIS_RTOS_V2 -I../Middlewares/Third_Party/FreeRTOS/Source/portable/GCC/ARM_CM4F -O0 -ffunction-sections -fdata-sections -Wall -fstack-usage -fcyclomatic-complexity -MMD -MP -MF"Core/Src/stm32f4xx_it.d" -MT"Core/Src/stm32f4xx_it.o" --specs=nano.specs -mfpu=fpv4-sp-d16 -mfloat-abi=hard -mthumb -o "Core/Src/stm32f4xx_it.o"
arm-none-eabi-gcc "../Core/Src/syscalls.c" -mcpu=cortex-m4 -std=gnu11 -g3 -DDEBUG -DUSE_HAL_DRIVER -DSTM32F401xC -c -I../Core/Inc -I../Drivers/STM32F4xx_HAL_Driver/Inc -I../Drivers/STM32F4xx_HAL_Driver/Inc/Legacy -I../Drivers/CMSIS/Device/ST/STM32F4xx/Include -I../Drivers/CMSIS/Include -I../Middlewares/Third_Party/FreeRTOS/Source/include -I../Middlewares/Third_Party/FreeRTOS/Source/CMSIS_RTOS_V2 -I../Middlewares/Third_Party/FreeRTOS/Source/portable/GCC/ARM_CM4F -O0 -ffunction-sections -fdata-sections -Wall -fstack-usage -fcyclomatic-complexity -MMD -MP -MF"Core/Src/syscalls.d" -MT"Core/Src/syscalls.o" --specs=nano.specs -mfpu=fpv4-sp-d16 -mfloat-abi=hard -mthumb -o "Core/Src/syscalls.o"
arm-none-eabi-gcc "../Core/Src/sysmem.c" -mcpu=cortex-m4 -std=gnu11 -g3 -DDEBUG -DUSE_HAL_DRIVER -DSTM32F401xC -c -I../Core/Inc -I../Drivers/STM32F4xx_HAL_Driver/Inc -I../Drivers/STM32F4xx_HAL_Driver/Inc/Legacy -I../Drivers/CMSIS/Device/ST/STM32F4xx/Include -I../Drivers/CMSIS/Include -I../Middlewares/Third_Party/FreeRTOS/Source/include -I../Middlewares/Third_Party/FreeRTOS/Source/CMSIS_RTOS_V2 -I../Middlewares/Third_Party/FreeRTOS/Source/portable/GCC/ARM_CM4F -O0 -ffunction-sections -fdata-sections -Wall -fstack-usage -fcyclomatic-complexity -MMD -MP -MF"Core/Src/sysmem.d" -MT"Core/Src/sysmem.o" --specs=nano.specs -mfpu=fpv4-sp-d16 -mfloat-abi=hard -mthumb -o "Core/Src/sysmem.o"
arm-none-eabi-gcc "../Core/Src/system_stm32f4xx.c" -mcpu=cortex-m4 -std=gnu11 -g3 -DDEBUG -DUSE_HAL_DRIVER -DSTM32F401xC -c -I../Core/Inc -I../Drivers/STM32F4xx_HAL_Driver/Inc -I../Drivers/STM32F4xx_HAL_Driver/Inc/Legacy -I../Drivers/CMSIS/Device/ST/STM32F4xx/Include -I../Drivers/CMSIS/Include -I../Middlewares/Third_Party/FreeRTOS/Source/include -I../Middlewares/Third_Party/FreeRTOS/Source/CMSIS_RTOS_V2 -I../Middlewares/Third_Party/FreeRTOS/Source/portable/GCC/ARM_CM4F -O0 -ffunction-sections -fdata-sections -Wall -fstack-usage -fcyclomatic-complexity -MMD -MP -MF"Core/Src/system_stm32f4xx.d" -MT"Core/Src/system_stm32f4xx.o" --specs=nano.specs -mfpu=fpv4-sp-d16 -mfloat-abi=hard -mthumb -o "Core/Src/system_stm32f4xx.o"
arm-none-eabi-gcc "../Core/Src/usart.c" -mcpu=cortex-m4 -std=gnu11 -g3 -DDEBUG -DUSE_HAL_DRIVER -DSTM32F401xC -c -I../Core/Inc -I../Drivers/STM32F4xx_HAL_Driver/Inc -I../Drivers/STM32F4xx_HAL_Driver/Inc/Legacy -I../Drivers/CMSIS/Device/ST/STM32F4xx/Include -I../Drivers/CMSIS/Include -I../Middlewares/Third_Party/FreeRTOS/Source/include -I../Middlewares/Third_Party/FreeRTOS/Source/CMSIS_RTOS_V2 -I../Middlewares/Third_Party/FreeRTOS/Source/portable/GCC/ARM_CM4F -O0 -ffunction-sections -fdata-sections -Wall -fstack-usage -fcyclomatic-complexity -MMD -MP -MF"Core/Src/usart.d" -MT"Core/Src/usart.o" --specs=nano.specs -mfpu=fpv4-sp-d16 -mfloat-abi=hard -mthumb -o "Core/Src/usart.o"
arm-none-eabi-gcc "../Core/Src/vl53l1_platform.c" -mcpu=cortex-m4 -std=gnu11 -g3 -DDEBUG -DUSE_HAL_DRIVER -DSTM32F401xC -c -I../Core/Inc -I../Drivers/STM32F4xx_HAL_Driver/Inc -I../Drivers/STM32F4xx_HAL_Driver/Inc/Legacy -I../Drivers/CMSIS/Device/ST/STM32F4xx/Include -I../Drivers/CMSIS/Include -I../Middlewares/Third_Party/FreeRTOS/Source/include -I../Middlewares/Third_Party/FreeRTOS/Source/CMSIS_RTOS_V2 -I../Middlewares/Third_Party/FreeRTOS/Source/portable/GCC/ARM_CM4F -O0 -ffunction-sections -fdata-sections -Wall -fstack-usage -fcyclomatic-complexity -MMD -MP -MF"Core/Src/vl53l1_platform.d" -MT"Core/Src/vl53l1_platform.o" --specs=nano.specs -mfpu=fpv4-sp-d16 -mfloat-abi=hard -mthumb -o "Core/Src/vl53l1_platform.o"
arm-none-eabi-gcc -o "stm32_new.elf" @"objects.list"   -mcpu=cortex-m4 -T"D:\data-2026\lap_top\GHEP-MITSU_BACKUP\stm32_vl53l1x\stm32_new\STM32F401CCUX_FLASH.ld" --specs=nosys.specs -Wl,-Map="stm32_new.map" -Wl,--gc-sections -static --specs=nano.specs -mfpu=fpv4-sp-d16 -mfloat-abi=hard -mthumb -Wl,--start-group -lc -lm -Wl,--end-group
Finished building target: stm32_new.elf
 
arm-none-eabi-size  stm32_new.elf 
arm-none-eabi-objdump -h -S stm32_new.elf  > "stm32_new.list"
   text	   data	    bss	    dec	    hex	filename
  41464	    120	  22640	  64224	   fae0	stm32_new.elf
Finished building: default.size.stdout
 
Finished building: stm32_new.list
 
15:16:53 **** Incremental Build of configuration Debug for project stm32_new ****
make -j4 all 
arm-none-eabi-gcc "../Core/Src/freertos.c" -mcpu=cortex-m4 -std=gnu11 -g3 -DDEBUG -DUSE_HAL_DRIVER -DSTM32F401xC -c -I../Core/Inc -I../Drivers/STM32F4xx_HAL_Driver/Inc -I../Drivers/STM32F4xx_HAL_Driver/Inc/Legacy -I../Drivers/CMSIS/Device/ST/STM32F4xx/Include -I../Drivers/CMSIS/Include -I../Middlewares/Third_Party/FreeRTOS/Source/include -I../Middlewares/Third_Party/FreeRTOS/Source/CMSIS_RTOS_V2 -I../Middlewares/Third_Party/FreeRTOS/Source/portable/GCC/ARM_CM4F -O0 -ffunction-sections -fdata-sections -Wall -fstack-usage -fcyclomatic-complexity -MMD -MP -MF"Core/Src/freertos.d" -MT"Core/Src/freertos.o" --specs=nano.specs -mfpu=fpv4-sp-d16 -mfloat-abi=hard -mthumb -o "Core/Src/freertos.o"
arm-none-eabi-gcc "../Core/Src/oled_ssd1306.c" -mcpu=cortex-m4 -std=gnu11 -g3 -DDEBUG -DUSE_HAL_DRIVER -DSTM32F401xC -c -I../Core/Inc -I../Drivers/STM32F4xx_HAL_Driver/Inc -I../Drivers/STM32F4xx_HAL_Driver/Inc/Legacy -I../Drivers/CMSIS/Device/ST/STM32F4xx/Include -I../Drivers/CMSIS/Include -I../Middlewares/Third_Party/FreeRTOS/Source/include -I../Middlewares/Third_Party/FreeRTOS/Source/CMSIS_RTOS_V2 -I../Middlewares/Third_Party/FreeRTOS/Source/portable/GCC/ARM_CM4F -O0 -ffunction-sections -fdata-sections -Wall -fstack-usage -fcyclomatic-complexity -MMD -MP -MF"Core/Src/oled_ssd1306.d" -MT"Core/Src/oled_ssd1306.o" --specs=nano.specs -mfpu=fpv4-sp-d16 -mfloat-abi=hard -mthumb -o "Core/Src/oled_ssd1306.o"
arm-none-eabi-gcc -o "stm32_new.elf" @"objects.list"   -mcpu=cortex-m4 -T"D:\data-2026\lap_top\GHEP-MITSU_BACKUP\stm32_vl53l1x\stm32_new\STM32F401CCUX_FLASH.ld" --specs=nosys.specs -Wl,-Map="stm32_new.map" -Wl,--gc-sections -static --specs=nano.specs -mfpu=fpv4-sp-d16 -mfloat-abi=hard -mthumb -Wl,--start-group -lc -lm -Wl,--end-group
Finished building target: stm32_new.elf
 
arm-none-eabi-size  stm32_new.elf 
arm-none-eabi-objdump -h -S stm32_new.elf  > "stm32_new.list"
   text	   data	    bss	    dec	    hex	filename
  42404	    120	  22640	  65164	   fe8c	stm32_new.elf
Finished building: default.size.stdout
 
Finished building: stm32_new.list
 
