2026-08-19 08:47:30.366: [INFO] CurrentProfilePath: D:\data-2026\lap_top\GHEP-MITSU_BACKUP\stm32_vl53l1x\stm32_vll53l1\.metadata\.plugins\org.eclipse.swt\EBWebView\Default
2026-08-19 08:47:30.367: [INFO] Profiles total count: 1
2026-08-19 08:47:30.367: [INFO] Profile: name=Profile 1 path=D:\data-2026\lap_top\GHEP-MITSU_BACKUP\stm32_vl53l1x\stm32_vll53l1\.metadata\.plugins\org.eclipse.swt\EBWebView\Default lastActive=null
2026-08-19 08:47:30.367: [INFO] LastUsedProfileDir: D:\data-2026\lap_top\GHEP-MITSU_BACKUP\stm32_vl53l1x\stm32_vll53l1\.metadata\.plugins\org.eclipse.swt\EBWebView\Default
2026-08-19 08:47:30.367: [INFO] OnDoneLoading sync enabled: 0
2026-08-19 08:47:30.367: [INFO] BookmarkModelLoaded, ids_reassigned: 0
2026-08-19 08:47:30.367: [INFO] BookmarksLoadDropped droppedNodes=0
2026-08-19 08:47:30.367: [INFO] BookmarksSnapshot Startup total=0 bar=0 other=0 mobile=0 showBar=0 showBarNTP=1
2026-08-19 09:01:54.952: [INFO] BookmarksSnapshot Shutdown total=0 bar=0 other=0 mobile=0 showBar=0 showBarNTP=1
2026-08-19 09:02:41.191: [INFO] CurrentProfilePath: D:\data-2026\lap_top\GHEP-MITSU_BACKUP\stm32_vl53l1x\stm32_vll53l1\.metadata\.plugins\org.eclipse.swt\EBWebView\Default
2026-08-19 09:02:41.191: [INFO] Profiles total count: 1
2026-08-19 09:02:41.192: [INFO] Profile: name=Profile 1 path=D:\data-2026\lap_top\GHEP-MITSU_BACKUP\stm32_vl53l1x\stm32_vll53l1\.metadata\.plugins\org.eclipse.swt\EBWebView\Default lastActive=2026-08-19T09:01:53.869Z
2026-08-19 09:02:41.192: [INFO] LastUsedProfileDir: D:\data-2026\lap_top\GHEP-MITSU_BACKUP\stm32_vl53l1x\stm32_vll53l1\.metadata\.plugins\org.eclipse.swt\EBWebView\Default
2026-08-19 09:02:41.192: [INFO] MostRecentlyActiveProfile: name=Profile 1 path=D:\data-2026\lap_top\GHEP-MITSU_BACKUP\stm32_vl53l1x\stm32_vll53l1\.metadata\.plugins\org.eclipse.swt\EBWebView\Default lastActive=2026-08-19T09:01:53.869Z
2026-08-19 09:02:41.192: [INFO] OnDoneLoading sync enabled: 0
2026-08-19 09:02:41.192: [INFO] BookmarkModelLoaded, ids_reassigned: 0
2026-08-19 09:02:41.192: [INFO] BookmarksLoadDropped droppedNodes=0
2026-08-19 09:02:41.192: [INFO] BookmarksSnapshot Startup total=0 bar=0 other=0 mobile=0 showBar=0 showBarNTP=1
2026-08-19 09:02:56.456: [INFO] BookmarksSnapshot Shutdown total=0 bar=0 other=0 mobile=0 showBar=0 showBarNTP=1
2026-08-19 09:16:40.062: [INFO] CurrentProfilePath: D:\data-2026\lap_top\GHEP-MITSU_BACKUP\stm32_vl53l1x\stm32_vll53l1\.metadata\.plugins\org.eclipse.swt\EBWebView\Default
2026-08-19 09:16:40.062: [INFO] Profiles total count: 1
2026-08-19 09:16:40.062: [INFO] Profile: name=Profile 1 path=D:\data-2026\lap_top\GHEP-MITSU_BACKUP\stm32_vl53l1x\stm32_vll53l1\.metadata\.plugins\org.eclipse.swt\EBWebView\Default lastActive=2026-08-19T09:02:42.546Z
2026-08-19 09:16:40.062: [INFO] LastUsedProfileDir: D:\data-2026\lap_top\GHEP-MITSU_BACKUP\stm32_vl53l1x\stm32_vll53l1\.metadata\.plugins\org.eclipse.swt\EBWebView\Default
2026-08-19 09:16:40.062: [INFO] MostRecentlyActiveProfile: name=Profile 1 path=D:\data-2026\lap_top\GHEP-MITSU_BACKUP\stm32_vl53l1x\stm32_vll53l1\.metadata\.plugins\org.eclipse.swt\EBWebView\Default lastActive=2026-08-19T09:02:42.546Z
2026-08-19 09:16:40.062: [INFO] OnDoneLoading sync enabled: 0
2026-08-19 09:16:40.062: [INFO] BookmarkModelLoaded, ids_reassigned: 0
2026-08-19 09:16:40.062: [INFO] BookmarksLoadDropped droppedNodes=0
2026-08-19 09:16:40.062: [INFO] BookmarksSnapshot Startup total=0 bar=0 other=0 mobile=0 showBar=0 showBarNTP=1
2026-08-19 09:16:59.387: [INFO] BookmarksSnapshot Shutdown total=0 bar=0 other=0 mobile=0 showBar=0 showBarNTP=1
