D:/data-2026/lap_top/GHEP-MITSU_BACKUP/stm32_vl53l1x/STM32F103C8T6_VL53/Core/Src/VL53L1X_api.c:144:15:VL53L1X_GetDriverVersion	24	static
D:/data-2026/lap_top/GHEP-MITSU_BACKUP/stm32_vl53l1x/STM32F103C8T6_VL53/Core/Src/VL53L1X_api.c:152:15:VL53L1X_SetI2CAddress	24	static
D:/data-2026/lap_top/GHEP-MITSU_BACKUP/stm32_vl53l1x/STM32F103C8T6_VL53/Core/Src/VL53L1X_api.c:158:15:VL53L1X_BootState	24	static
D:/data-2026/lap_top/GHEP-MITSU_BACKUP/stm32_vl53l1x/STM32F103C8T6_VL53/Core/Src/VL53L1X_api.c:166:15:VL53L1X_SensorInit	24	static
D:/data-2026/lap_top/GHEP-MITSU_BACKUP/stm32_vl53l1x/STM32F103C8T6_VL53/Core/Src/VL53L1X_api.c:189:15:VL53L1X_ClearInterrupt	16	static
D:/data-2026/lap_top/GHEP-MITSU_BACKUP/stm32_vl53l1x/STM32F103C8T6_VL53/Core/Src/VL53L1X_api.c:193:15:VL53L1X_SetInterruptPolarity	24	static
D:/data-2026/lap_top/GHEP-MITSU_BACKUP/stm32_vl53l1x/STM32F103C8T6_VL53/Core/Src/VL53L1X_api.c:201:15:VL53L1X_GetInterruptPolarity	24	static
D:/data-2026/lap_top/GHEP-MITSU_BACKUP/stm32_vl53l1x/STM32F103C8T6_VL53/Core/Src/VL53L1X_api.c:209:15:VL53L1X_StartRanging	16	static
D:/data-2026/lap_top/GHEP-MITSU_BACKUP/stm32_vl53l1x/STM32F103C8T6_VL53/Core/Src/VL53L1X_api.c:213:15:VL53L1X_StopRanging	16	static
D:/data-2026/lap_top/GHEP-MITSU_BACKUP/stm32_vl53l1x/STM32F103C8T6_VL53/Core/Src/VL53L1X_api.c:217:15:VL53L1X_CheckForDataReady	24	static
D:/data-2026/lap_top/GHEP-MITSU_BACKUP/stm32_vl53l1x/STM32F103C8T6_VL53/Core/Src/VL53L1X_api.c:231:15:VL53L1X_SetTimingBudgetInMs	24	static
D:/data-2026/lap_top/GHEP-MITSU_BACKUP/stm32_vl53l1x/STM32F103C8T6_VL53/Core/Src/VL53L1X_api.c:304:15:VL53L1X_GetTimingBudgetInMs	24	static
D:/data-2026/lap_top/GHEP-MITSU_BACKUP/stm32_vl53l1x/STM32F103C8T6_VL53/Core/Src/VL53L1X_api.c:326:15:VL53L1X_SetDistanceMode	24	static
D:/data-2026/lap_top/GHEP-MITSU_BACKUP/stm32_vl53l1x/STM32F103C8T6_VL53/Core/Src/VL53L1X_api.c:351:15:VL53L1X_GetDistanceMode	24	static
D:/data-2026/lap_top/GHEP-MITSU_BACKUP/stm32_vl53l1x/STM32F103C8T6_VL53/Core/Src/VL53L1X_api.c:360:15:VL53L1X_SetInterMeasurementInMs	24	static
D:/data-2026/lap_top/GHEP-MITSU_BACKUP/stm32_vl53l1x/STM32F103C8T6_VL53/Core/Src/VL53L1X_api.c:368:15:VL53L1X_GetInterMeasurementInMs	32	static
D:/data-2026/lap_top/GHEP-MITSU_BACKUP/stm32_vl53l1x/STM32F103C8T6_VL53/Core/Src/VL53L1X_api.c:380:15:VL53L1X_GetSensorId	16	static
D:/data-2026/lap_top/GHEP-MITSU_BACKUP/stm32_vl53l1x/STM32F103C8T6_VL53/Core/Src/VL53L1X_api.c:384:15:VL53L1X_GetDistance	16	static
D:/data-2026/lap_top/GHEP-MITSU_BACKUP/stm32_vl53l1x/STM32F103C8T6_VL53/Core/Src/VL53L1X_api.c:388:15:VL53L1X_GetSignalPerSpad	32	static
D:/data-2026/lap_top/GHEP-MITSU_BACKUP/stm32_vl53l1x/STM32F103C8T6_VL53/Core/Src/VL53L1X_api.c:398:15:VL53L1X_GetAmbientPerSpad	32	static
D:/data-2026/lap_top/GHEP-MITSU_BACKUP/stm32_vl53l1x/STM32F103C8T6_VL53/Core/Src/VL53L1X_api.c:408:15:VL53L1X_GetSignalRate	24	static
D:/data-2026/lap_top/GHEP-MITSU_BACKUP/stm32_vl53l1x/STM32F103C8T6_VL53/Core/Src/VL53L1X_api.c:415:15:VL53L1X_GetSpadNb	24	static
D:/data-2026/lap_top/GHEP-MITSU_BACKUP/stm32_vl53l1x/STM32F103C8T6_VL53/Core/Src/VL53L1X_api.c:422:15:VL53L1X_GetAmbientRate	24	static
D:/data-2026/lap_top/GHEP-MITSU_BACKUP/stm32_vl53l1x/STM32F103C8T6_VL53/Core/Src/VL53L1X_api.c:429:15:VL53L1X_GetRangeStatus	24	static
D:/data-2026/lap_top/GHEP-MITSU_BACKUP/stm32_vl53l1x/STM32F103C8T6_VL53/Core/Src/VL53L1X_api.c:445:15:VL53L1X_GetResult	40	static
D:/data-2026/lap_top/GHEP-MITSU_BACKUP/stm32_vl53l1x/STM32F103C8T6_VL53/Core/Src/VL53L1X_api.c:466:15:VL53L1X_SetOffset	16	static
D:/data-2026/lap_top/GHEP-MITSU_BACKUP/stm32_vl53l1x/STM32F103C8T6_VL53/Core/Src/VL53L1X_api.c:470:15:VL53L1X_GetOffset	24	static
D:/data-2026/lap_top/GHEP-MITSU_BACKUP/stm32_vl53l1x/STM32F103C8T6_VL53/Core/Src/VL53L1X_api.c:477:15:VL53L1X_SetXtalk	16	static
D:/data-2026/lap_top/GHEP-MITSU_BACKUP/stm32_vl53l1x/STM32F103C8T6_VL53/Core/Src/VL53L1X_api.c:481:15:VL53L1X_GetXtalk	24	static
D:/data-2026/lap_top/GHEP-MITSU_BACKUP/stm32_vl53l1x/STM32F103C8T6_VL53/Core/Src/VL53L1X_api.c:488:15:VL53L1X_SetROI	24	static
D:/data-2026/lap_top/GHEP-MITSU_BACKUP/stm32_vl53l1x/STM32F103C8T6_VL53/Core/Src/VL53L1X_api.c:499:15:VL53L1X_GetROI_XY	32	static
D:/data-2026/lap_top/GHEP-MITSU_BACKUP/stm32_vl53l1x/STM32F103C8T6_VL53/Core/Src/VL53L1X_api.c:507:15:VL53L1X_SetROICenter	16	static
D:/data-2026/lap_top/GHEP-MITSU_BACKUP/stm32_vl53l1x/STM32F103C8T6_VL53/Core/Src/VL53L1X_api.c:511:15:VL53L1X_GetROICenter	16	static
D:/data-2026/lap_top/GHEP-MITSU_BACKUP/stm32_vl53l1x/STM32F103C8T6_VL53/Core/Src/VL53L1X_api.c:515:15:VL53L1X_SetSignalThreshold	16	static
D:/data-2026/lap_top/GHEP-MITSU_BACKUP/stm32_vl53l1x/STM32F103C8T6_VL53/Core/Src/VL53L1X_api.c:519:15:VL53L1X_GetSignalThreshold	24	static
D:/data-2026/lap_top/GHEP-MITSU_BACKUP/stm32_vl53l1x/STM32F103C8T6_VL53/Core/Src/VL53L1X_api.c:526:15:VL53L1X_SetSigmaThreshold	16	static
D:/data-2026/lap_top/GHEP-MITSU_BACKUP/stm32_vl53l1x/STM32F103C8T6_VL53/Core/Src/VL53L1X_api.c:531:15:VL53L1X_GetSigmaThreshold	24	static
D:/data-2026/lap_top/GHEP-MITSU_BACKUP/stm32_vl53l1x/STM32F103C8T6_VL53/Core/Src/VL53L1X_api.c:538:15:VL53L1X_StartTemperatureUpdate	24	static
