../Core/Src/oled_ssd1306.c:126:13:OLED_Reset_I2C_Hardware	8	static
../Core/Src/oled_ssd1306.c:134:13:OLED_WriteCommand	32	static
../Core/Src/oled_ssd1306.c:142:6:OLED_Init	8	static
../Core/Src/oled_ssd1306.c:188:6:OLED_Clear	8	static
../Core/Src/oled_ssd1306.c:192:6:OLED_UpdateScreen	160	static
../Core/Src/oled_ssd1306.c:245:13:OLED_DrawPixel	16	static
../Core/Src/oled_ssd1306.c:254:6:OLED_DrawChar_Font	48	static
../Core/Src/oled_ssd1306.c:303:6:OLED_DrawString_Font	40	static
../Core/Src/oled_ssd1306.c:316:6:OLED_SetDisplayMode	16	static
../Core/Src/oled_ssd1306.c:325:13:OLED_Show_Big_Distance_View	64	static
../Core/Src/oled_ssd1306.c:353:13:OLED_Show_Parameter_Calib_View	64	static
../Core/Src/oled_ssd1306.c:401:13:OLED_Show_Invalid_Param_Guide_View	48	static
../Core/Src/oled_ssd1306.c:431:6:OLED_Task_Run	16	static
