../Core/Src/oled_ssd1306.c:122:13:OLED_WriteCommand	32	static
../Core/Src/oled_ssd1306.c:127:6:OLED_Init	8	static
../Core/Src/oled_ssd1306.c:172:6:OLED_Clear	8	static
../Core/Src/oled_ssd1306.c:176:6:OLED_UpdateScreen	152	static
../Core/Src/oled_ssd1306.c:195:13:OLED_DrawPixel	16	static
../Core/Src/oled_ssd1306.c:204:6:OLED_DrawChar_Font	48	static
../Core/Src/oled_ssd1306.c:253:6:OLED_DrawString_Font	40	static
../Core/Src/oled_ssd1306.c:266:6:OLED_SetDisplayMode	16	static
../Core/Src/oled_ssd1306.c:275:13:OLED_Show_Big_Distance_View	64	static
../Core/Src/oled_ssd1306.c:303:13:OLED_Show_Parameter_Calib_View	64	static
../Core/Src/oled_ssd1306.c:350:6:OLED_Task_Run	16	static
