../Core/Src/VL53L.c:82:13:Calib_Load_From_Flash	16	static
../Core/Src/VL53L.c:95:13:Calib_Save_To_Flash	64	static
../Core/Src/VL53L.c:134:6:VL53L_Process_PLC_Response	112	static
../Core/Src/VL53L.c:246:6:HAL_GPIO_EXTI_Callback	16	static
../Core/Src/VL53L.c:252:6:HAL_UART_RxCpltCallback	24	static
../Core/Src/VL53L.c:280:6:HAL_UART_TxCpltCallback	16	static
../Core/Src/VL53L.c:292:17:Filter_TrimmedMovingAverage	48	static
../Core/Src/VL53L.c:349:17:Build_Batch_Write_D900	80	static
../Core/Src/VL53L.c:387:17:Build_Batch_Read_D910	56	static
../Core/Src/VL53L.c:420:17:Build_Write_D911_Zero	56	static
../Core/Src/VL53L.c:456:13:Try_Init_Sensor	16	static
../Core/Src/VL53L.c:491:6:VL53L_Init	8	static
../Core/Src/VL53L.c:501:6:VL53L_Task_Sensor	40	static
../Core/Src/VL53L.c:584:6:VL53L_Task_PLC	32	static
