../Core/Src/VL53L.c:66:13:Calib_Load_From_Flash	16	static
../Core/Src/VL53L.c:79:13:Calib_Save_To_Flash	64	static
../Core/Src/VL53L.c:118:6:VL53L_Process_PLC_Response	112	static
../Core/Src/VL53L.c:206:6:HAL_GPIO_EXTI_Callback	16	static
../Core/Src/VL53L.c:212:6:HAL_UART_RxCpltCallback	24	static
../Core/Src/VL53L.c:240:6:HAL_UART_TxCpltCallback	16	static
../Core/Src/VL53L.c:252:17:Filter_TrimmedMovingAverage	48	static
../Core/Src/VL53L.c:309:17:Build_Batch_Write_D900	80	static
../Core/Src/VL53L.c:347:17:Build_Batch_Read_D910	56	static
../Core/Src/VL53L.c:383:13:Try_Init_Sensor	16	static
../Core/Src/VL53L.c:418:6:VL53L_Init	8	static
../Core/Src/VL53L.c:428:6:VL53L_Task_Sensor	24	static
../Core/Src/VL53L.c:475:6:VL53L_Task_PLC	24	static
