../Core/Src/VL53L1X_api.c:143:15:VL53L1X_GetDriverVersion	24	static
../Core/Src/VL53L1X_api.c:151:15:VL53L1X_SetI2CAddress	24	static
../Core/Src/VL53L1X_api.c:157:15:VL53L1X_BootState	24	static
../Core/Src/VL53L1X_api.c:165:15:VL53L1X_SensorInit	24	static
../Core/Src/VL53L1X_api.c:186:15:VL53L1X_ClearInterrupt	16	static
../Core/Src/VL53L1X_api.c:190:15:VL53L1X_SetInterruptPolarity	24	static
../Core/Src/VL53L1X_api.c:198:15:VL53L1X_GetInterruptPolarity	24	static
../Core/Src/VL53L1X_api.c:206:15:VL53L1X_StartRanging	16	static
../Core/Src/VL53L1X_api.c:210:15:VL53L1X_StopRanging	16	static
../Core/Src/VL53L1X_api.c:214:15:VL53L1X_CheckForDataReady	24	static
../Core/Src/VL53L1X_api.c:228:15:VL53L1X_SetTimingBudgetInMs	24	static
../Core/Src/VL53L1X_api.c:301:15:VL53L1X_GetTimingBudgetInMs	24	static
../Core/Src/VL53L1X_api.c:323:15:VL53L1X_SetDistanceMode	24	static
../Core/Src/VL53L1X_api.c:348:15:VL53L1X_GetDistanceMode	24	static
../Core/Src/VL53L1X_api.c:357:15:VL53L1X_SetInterMeasurementInMs	24	static
../Core/Src/VL53L1X_api.c:365:15:VL53L1X_GetInterMeasurementInMs	24	static
../Core/Src/VL53L1X_api.c:377:15:VL53L1X_GetSensorId	16	static
../Core/Src/VL53L1X_api.c:381:15:VL53L1X_GetDistance	16	static
../Core/Src/VL53L1X_api.c:385:15:VL53L1X_GetSignalPerSpad	24	static
../Core/Src/VL53L1X_api.c:395:15:VL53L1X_GetAmbientPerSpad	24	static
../Core/Src/VL53L1X_api.c:405:15:VL53L1X_GetSignalRate	24	static
../Core/Src/VL53L1X_api.c:412:15:VL53L1X_GetSpadNb	24	static
../Core/Src/VL53L1X_api.c:419:15:VL53L1X_GetAmbientRate	24	static
../Core/Src/VL53L1X_api.c:426:15:VL53L1X_GetRangeStatus	24	static
../Core/Src/VL53L1X_api.c:441:15:VL53L1X_GetResult	40	static
../Core/Src/VL53L1X_api.c:462:15:VL53L1X_SetOffset	16	static
../Core/Src/VL53L1X_api.c:466:15:VL53L1X_GetOffset	24	static
../Core/Src/VL53L1X_api.c:473:15:VL53L1X_SetXtalk	16	static
../Core/Src/VL53L1X_api.c:477:15:VL53L1X_GetXtalk	24	static
../Core/Src/VL53L1X_api.c:484:15:VL53L1X_SetROI	24	static
../Core/Src/VL53L1X_api.c:495:15:VL53L1X_GetROI_XY	32	static
../Core/Src/VL53L1X_api.c:503:15:VL53L1X_SetROICenter	16	static
../Core/Src/VL53L1X_api.c:507:15:VL53L1X_GetROICenter	16	static
../Core/Src/VL53L1X_api.c:511:15:VL53L1X_SetSignalThreshold	16	static
../Core/Src/VL53L1X_api.c:515:15:VL53L1X_GetSignalThreshold	24	static
../Core/Src/VL53L1X_api.c:522:15:VL53L1X_SetSigmaThreshold	16	static
../Core/Src/VL53L1X_api.c:527:15:VL53L1X_GetSigmaThreshold	24	static
../Core/Src/VL53L1X_api.c:534:15:VL53L1X_StartTemperatureUpdate	24	static
