D:/data-2026/lap_top/GHEP-MITSU_BACKUP/stm32_vl53l1x/STM32F103C8T6_VL53/App/Src/can_vl53.c:30:9:CAN_Read_Hardware_NodeID	16	static
D:/data-2026/lap_top/GHEP-MITSU_BACKUP/stm32_vl53l1x/STM32F103C8T6_VL53/App/Src/can_vl53.c:44:13:Configure_CAN_Filters	56	static
D:/data-2026/lap_top/GHEP-MITSU_BACKUP/stm32_vl53l1x/STM32F103C8T6_VL53/App/Src/can_vl53.c:70:6:CAN_VL53_Init	24	static
D:/data-2026/lap_top/GHEP-MITSU_BACKUP/stm32_vl53l1x/STM32F103C8T6_VL53/App/Src/can_vl53.c:95:6:CAN_VL53_SetNodeId	16	static
D:/data-2026/lap_top/GHEP-MITSU_BACKUP/stm32_vl53l1x/STM32F103C8T6_VL53/App/Src/can_vl53.c:103:6:CAN_VL53_Transmit_SensorData	48	static
D:/data-2026/lap_top/GHEP-MITSU_BACKUP/stm32_vl53l1x/STM32F103C8T6_VL53/App/Src/can_vl53.c:143:6:CAN_Master_Send_Command	48	static
D:/data-2026/lap_top/GHEP-MITSU_BACKUP/stm32_vl53l1x/STM32F103C8T6_VL53/App/Src/can_vl53.c:177:6:HAL_CAN_RxFifo0MsgPendingCallback	64	static
D:/data-2026/lap_top/GHEP-MITSU_BACKUP/stm32_vl53l1x/STM32F103C8T6_VL53/App/Src/can_vl53.c:222:6:CAN_VL53_Task_Run	16	static
