D:/data-2026/lap_top/GHEP-MITSU_BACKUP/stm32_vl53l1x/STM32F103C8T6_VL53/App/Src/oled_ssd1306.c:116:13:OLED_WriteCommand_NoLock	32	static
D:/data-2026/lap_top/GHEP-MITSU_BACKUP/stm32_vl53l1x/STM32F103C8T6_VL53/App/Src/oled_ssd1306.c:121:6:OLED_Init	8	static
D:/data-2026/lap_top/GHEP-MITSU_BACKUP/stm32_vl53l1x/STM32F103C8T6_VL53/App/Src/oled_ssd1306.c:168:6:OLED_Clear	8	static
D:/data-2026/lap_top/GHEP-MITSU_BACKUP/stm32_vl53l1x/STM32F103C8T6_VL53/App/Src/oled_ssd1306.c:172:6:OLED_UpdateScreen	16	static
D:/data-2026/lap_top/GHEP-MITSU_BACKUP/stm32_vl53l1x/STM32F103C8T6_VL53/App/Src/oled_ssd1306.c:191:6:OLED_DrawPixel	16	static
D:/data-2026/lap_top/GHEP-MITSU_BACKUP/stm32_vl53l1x/STM32F103C8T6_VL53/App/Src/oled_ssd1306.c:197:6:OLED_DrawChar_Font	40	static
D:/data-2026/lap_top/GHEP-MITSU_BACKUP/stm32_vl53l1x/STM32F103C8T6_VL53/App/Src/oled_ssd1306.c:225:6:OLED_DrawString_Font	40	static
D:/data-2026/lap_top/GHEP-MITSU_BACKUP/stm32_vl53l1x/STM32F103C8T6_VL53/App/Src/oled_ssd1306.c:237:6:OLED_SetDisplayMode	16	static
D:/data-2026/lap_top/GHEP-MITSU_BACKUP/stm32_vl53l1x/STM32F103C8T6_VL53/App/Src/oled_ssd1306.c:243:6:OLED_Task_Run	56	static
