2026-08-19 15:47:29,547 [INFO] Activator:177 - 


2026-08-19 15:47:29,549 [INFO] Activator:178 - !SESSION log4j initialized
2026-08-19 15:47:34,190 [INFO] LogOutputStream:77 - [STDOUT_REDIRECT] 
2026-08-19 16:02:39,764 [INFO] Activator:177 - 


2026-08-19 16:02:39,766 [INFO] Activator:178 - !SESSION log4j initialized
2026-08-19 16:02:44,412 [INFO] LogOutputStream:77 - [STDOUT_REDIRECT] 
2026-08-19 16:02:46,367 [ERROR] ConfigurationRetriever:142 - IOException on connection: (internal_error) Received fatal alert: internal_error
2026-08-19 16:06:19,393 [INFO] Activator:177 - 


2026-08-19 16:06:19,395 [INFO] Activator:178 - !SESSION log4j initialized
2026-08-19 16:06:22,980 [INFO] LogOutputStream:77 - [STDOUT_REDIRECT] 
2026-08-19 16:18:47,563 [INFO] Activator:177 - 


2026-08-19 16:18:47,565 [INFO] Activator:178 - !SESSION log4j initialized
2026-08-19 16:18:50,774 [INFO] LogOutputStream:77 - [STDOUT_REDIRECT] 
2026-08-19 16:23:51,412 [INFO] Activator:177 - 


2026-08-19 16:23:51,414 [INFO] Activator:178 - !SESSION log4j initialized
2026-08-19 16:23:54,769 [INFO] LogOutputStream:77 - [STDOUT_REDIRECT] 
2026-08-19 16:27:34,482 [INFO] Activator:177 - 


2026-08-19 16:27:34,485 [INFO] Activator:178 - !SESSION log4j initialized
2026-08-19 16:27:37,624 [INFO] LogOutputStream:77 - [STDOUT_REDIRECT] 
2026-08-19 16:42:24,182 [INFO] Activator:177 - 


2026-08-19 16:42:24,186 [INFO] Activator:178 - !SESSION log4j initialized
2026-08-19 16:42:28,046 [INFO] LogOutputStream:77 - [STDOUT_REDIRECT] 
2026-08-19 16:54:17,294 [INFO] Activator:177 - 


2026-08-19 16:54:17,298 [INFO] Activator:178 - !SESSION log4j initialized
2026-08-19 16:54:22,243 [INFO] LogOutputStream:77 - [STDOUT_REDIRECT] 
2026-08-19 20:19:58,178 [ERROR] ConfigurationRetriever:142 - IOException on connection: Read timed out
